############ DRY RUN: C2-3-A1-dulang-hantaran
File:   C2-3-A1-dulang-hantaran.md
Target: aws-0-ap-southeast-1.pooler.supabase.com:6543/postgres
Mode:   DRY RUN (no writes)

Pillar:  Hantaran & Mas Kahwin (P2)
Cluster: Gubahan & dulang hantaran (C2.3)
Status:  draft  (file asks for published; pass --publish to honour it)
Author:  ai_assisted · review_status pending_review
Images:  4, every one credited
  ../images/S-pertunangan-zeeana-mohd-nasir.jpg  →  "Kredit: Mohd Nasir Mat Noor (CC BY 2.0)" [S] Mohd Nasir Mat Noor
  ../images/S-dulang-buah-hantaran-mohd-hasan.jpg  →  "Kredit: mohd hasan / Pexels" [S] mohd hasan
  ../images/S-dulang-berkaki-hiasan-farritz.jpg  →  "Kredit: Farritz Kamari (CC BY 2.0)" [S] Farritz Kamari
  ../images/S-hantaran-masjid-tetamu-mylifestory.jpg  →  "Kredit: MyLifeStory (CC BY 2.0)" [S] MyLifeStory
Tags:    dulang hantaran, hantaran, gubahan hantaran, persiapan kahwin
Links:   4 internal, all resolved
URL:     /artikel/hantaran-mas-kahwin/dulang-hantaran

Dry run — nothing written. Re-run with --commit to apply.
EXIT=0
############ DRY RUN: C2-3-A2-gubahan-hantaran
File:   C2-3-A2-gubahan-hantaran.md
Target: aws-0-ap-southeast-1.pooler.supabase.com:6543/postgres
Mode:   DRY RUN (no writes)

Pillar:  Hantaran & Mas Kahwin (P2)
Cluster: Gubahan & dulang hantaran (C2.3)
Status:  draft  (file asks for published; pass --publish to honour it)
Author:  ai_assisted · review_status pending_review
Images:  4, every one credited
  ../images/S-serah-hantaran-akad-mylifestory.jpg  →  "Kredit: MyLifeStory (CC BY 2.0)" [S] MyLifeStory
  ../images/S-gubahan-kain-hantaran-mohd-hasan.jpg  →  "Kredit: mohd hasan / Pexels" [S] mohd hasan
  ../images/S-dulang-berkaki-hiasan-farritz.jpg  →  "Kredit: Farritz Kamari (CC BY 2.0)" [S] Farritz Kamari
  ../images/S-hantaran-masjid-tetamu-mylifestory.jpg  →  "Kredit: MyLifeStory (CC BY 2.0)" [S] MyLifeStory
Tags:    gubahan hantaran, dulang hantaran, hantaran, bajet kahwin
Links:   3 internal, all resolved
URL:     /artikel/hantaran-mas-kahwin/gubahan-hantaran

Dry run — nothing written. Re-run with --commit to apply.
EXIT=0
############ DRY RUN: C2-3-A3-sirih-junjung
File:   C2-3-A3-sirih-junjung.md
Target: aws-0-ap-southeast-1.pooler.supabase.com:6543/postgres
Mode:   DRY RUN (no writes)

Pillar:  Hantaran & Mas Kahwin (P2)
Cluster: Gubahan & dulang hantaran (C2.3)
Status:  draft  (file asks for published; pass --publish to honour it)
Author:  ai_assisted · review_status pending_review
Images:  4, every one credited
  ../images/S-pertunangan-zeeana-shopedah-mohd-nasir.jpg  →  "Kredit: Mohd Nasir Mat Noor (CC BY 2.0)" [S] Mohd Nasir Mat Noor
  ../images/S-sirih-junjung-mohd-nasir.jpg  →  "Kredit: Mohd Nasir Mat Noor (CC BY 2.0)" [S] Mohd Nasir Mat Noor
  ../images/S-tepak-sirih-muzium-negara-marcin-konsek.jpg  →  "Kredit: Marcin Konsek (CC BY-SA 4.0)" [S] Marcin Konsek
  ../images/S-sirih-junjung-salwa-hamzah.jpg  →  "Kredit: Salwa Hamzah (CC BY 2.0)" [S] Salwa Hamzah
Tags:    sirih junjung, hantaran, adat perkahwinan, dulang hantaran
Links:   3 internal, all resolved
URL:     /artikel/hantaran-mas-kahwin/sirih-junjung

Dry run — nothing written. Re-run with --commit to apply.
EXIT=0
############ DRY RUN: P3-A4-walimatul-urus
File:   P3-A4-walimatul-urus.md
Target: aws-0-ap-southeast-1.pooler.supabase.com:6543/postgres
Mode:   DRY RUN (no writes)

Pillar:  Ucapan, Doa & Adab Majlis (P3)
Cluster: Ulang tahun perkahwinan, pantun & adab tetamu (C3.3)
Status:  draft  (file asks for published; pass --publish to honour it)
Author:  ai_assisted · review_status pending_review
Images:  6, every one credited
  ../images/S-jamuan-kenduri-raja-abd-kadir.jpg  →  "Kredit: raja abd kadir (CC BY 3.0)" [S] raja abd kadir
  ../images/S-kad-jemputan-tangan-sham-hardy.jpg  →  "Kredit: Sham Hardy (CC BY-SA 2.0)" [S] Sham Hardy
  ../images/S-kenduri-khemah-terengganu-irwandy.jpg  →  "Kredit: Irwandy Mazwir (CC BY 2.0)" [S] Irwandy Mazwir
  ../images/S-tetamu-tiba-majlis-ahmad-ali-karim.jpg  →  "Kredit: Ahmad Ali Karim (CC0)" [S] Ahmad Ali Karim
  ../images/S-pasangan-pelamin-bunga-duduk-mohd-hasan.jpg  →  "Kredit: mohd hasan / Pexels" [S] mohd hasan
  ../images/S-kompang-gendang-johor-stress043.jpg  →  "Kredit: Stress 043 (CC BY-SA 4.0)" [S] Stress 043
Tags:    walimatul urus, adab tetamu majlis, jemputan kahwin, kenduri kahwin
Links:   4 internal, all resolved
URL:     /artikel/ucapan-doa/walimatul-urus

Dry run — nothing written. Re-run with --commit to apply.
EXIT=0
############ DRY RUN: P3-A5-skrip-pengacara-majlis-perkahwinan
File:   P3-A5-skrip-pengacara-majlis-perkahwinan.md
Target: aws-0-ap-southeast-1.pooler.supabase.com:6543/postgres
Mode:   DRY RUN (no writes)

Pillar:  Ucapan, Doa & Adab Majlis (P3)
Cluster: Aturcara & pengacara majlis (C3.4)
Status:  draft  (file asks for published; pass --publish to honour it)
Author:  ai_assisted · review_status pending_review
Images:  6, every one credited
  ../images/S-pasangan-dan-keluarga-pelamin-mohd-hasan.jpg  →  "Kredit: mohd hasan / Pexels" [S] mohd hasan
  ../images/S-arak-pengantin-kelantan-malexi.jpg  →  "Kredit: Malexi (CC BY-SA 3.0)" [S] Malexi
  ../images/S-bacaan-doa-qari-ahmad-ali-karim.jpg  →  "Kredit: Ahmad Ali Karim (CC0)" [S] Ahmad Ali Karim
  ../images/S-akad-tok-kadi-raja-abd-kadir.jpg  →  "Kredit: raja abd kadir (CC BY 3.0)" [S] raja abd kadir
  ../images/S-silat-sambut-pengantin-zharif-hussein.jpg  →  "Kredit: zharif hussein (CC BY 2.0)" [S] zharif hussein
  ../images/S-muzik-tradisional-kenduri-malexi.jpg  →  "Kredit: Malexi (CC BY-SA 3.0)" [S] Malexi
Tags:    skrip pengacara majlis perkahwinan, aturcara majlis perkahwinan, teks pengacara majlis, protokol majlis
Links:   4 internal, all resolved
URL:     /artikel/ucapan-doa/skrip-pengacara-majlis-perkahwinan

Dry run — nothing written. Re-run with --commit to apply.
EXIT=0
