RUN START  2026-08-25T17:54:34.9383149Z
VERCEL_TOKEN present: True

############ C2-3-A1-dulang-hantaran.md  2026-08-25T17:54:34.9477959Z
File:   C2-3-A1-dulang-hantaran.md
Target: aws-0-ap-southeast-1.pooler.supabase.com:6543/postgres
Mode:   COMMIT (will write)

Pillar:  Hantaran & Mas Kahwin (P2)
Cluster: Gubahan & dulang hantaran (C2.3)
Status:  published
Author:  ai_assisted · review_status pending_review
Images:  4, every one credited
  ../images/S-pertunangan-zeeana-mohd-nasir.jpg  →  "Kredit: Mohd Nasir Mat Noor (CC BY 2.0)" [S] Mohd Nasir Mat Noor
  ../images/S-dulang-buah-hantaran-mohd-hasan.jpg  →  "Kredit: mohd hasan / Pexels" [S] mohd hasan
  ../images/S-dulang-berkaki-hiasan-farritz.jpg  →  "Kredit: Farritz Kamari (CC BY 2.0)" [S] Farritz Kamari
  ../images/S-hantaran-masjid-tetamu-mylifestory.jpg  →  "Kredit: MyLifeStory (CC BY 2.0)" [S] MyLifeStory
Tags:    dulang hantaran, hantaran, gubahan hantaran, persiapan kahwin
Links:   4 internal, all resolved
URL:     /artikel/hantaran-mas-kahwin/dulang-hantaran
  uploaded ../images/S-pertunangan-zeeana-mohd-nasir.jpg (+4 crops)
  uploaded ../images/S-dulang-buah-hantaran-mohd-hasan.jpg (+4 crops)
  uploaded ../images/S-dulang-berkaki-hiasan-farritz.jpg (+4 crops)
  uploaded ../images/S-hantaran-masjid-tetamu-mylifestory.jpg (+4 crops)

Done. /artikel/hantaran-mas-kahwin/dulang-hantaran (published)
It will appear on the pillar page under its cluster with no further action.
Content caches dropped and the Vercel edge purged — the article is visible on the
site now. Purged (HTTP 200):
  /artikel/hantaran-mas-kahwin/dulang-hantaran
  /artikel/hantaran-mas-kahwin
  /sitemap.xml
EXIT CODE: 0

############ C2-3-A2-gubahan-hantaran.md  2026-08-25T17:55:00.4756836Z
File:   C2-3-A2-gubahan-hantaran.md
Target: aws-0-ap-southeast-1.pooler.supabase.com:6543/postgres
Mode:   COMMIT (will write)

Pillar:  Hantaran & Mas Kahwin (P2)
Cluster: Gubahan & dulang hantaran (C2.3)
Status:  published
Author:  ai_assisted · review_status pending_review
Images:  4, every one credited
  ../images/S-serah-hantaran-akad-mylifestory.jpg  →  "Kredit: MyLifeStory (CC BY 2.0)" [S] MyLifeStory
  ../images/S-gubahan-kain-hantaran-mohd-hasan.jpg  →  "Kredit: mohd hasan / Pexels" [S] mohd hasan
  ../images/S-dulang-berkaki-hiasan-farritz.jpg  →  "Kredit: Farritz Kamari (CC BY 2.0)" [S] Farritz Kamari
  ../images/S-hantaran-masjid-tetamu-mylifestory.jpg  →  "Kredit: MyLifeStory (CC BY 2.0)" [S] MyLifeStory
Tags:    gubahan hantaran, dulang hantaran, hantaran, bajet kahwin
Links:   3 internal, all resolved
URL:     /artikel/hantaran-mas-kahwin/gubahan-hantaran
  uploaded ../images/S-serah-hantaran-akad-mylifestory.jpg (+4 crops)
  uploaded ../images/S-gubahan-kain-hantaran-mohd-hasan.jpg (+4 crops)
  uploaded ../images/S-dulang-berkaki-hiasan-farritz.jpg (+4 crops)
  uploaded ../images/S-hantaran-masjid-tetamu-mylifestory.jpg (+4 crops)

Done. /artikel/hantaran-mas-kahwin/gubahan-hantaran (published)
It will appear on the pillar page under its cluster with no further action.
Content caches dropped and the Vercel edge purged — the article is visible on the
site now. Purged (HTTP 200):
  /artikel/hantaran-mas-kahwin/gubahan-hantaran
  /artikel/hantaran-mas-kahwin
  /sitemap.xml
EXIT CODE: 0

############ C2-3-A3-sirih-junjung.md  2026-08-25T17:55:22.6933148Z
File:   C2-3-A3-sirih-junjung.md
Target: aws-0-ap-southeast-1.pooler.supabase.com:6543/postgres
Mode:   COMMIT (will write)

Pillar:  Hantaran & Mas Kahwin (P2)
Cluster: Gubahan & dulang hantaran (C2.3)
Status:  published
Author:  ai_assisted · review_status pending_review
Images:  4, every one credited
  ../images/S-pertunangan-zeeana-shopedah-mohd-nasir.jpg  →  "Kredit: Mohd Nasir Mat Noor (CC BY 2.0)" [S] Mohd Nasir Mat Noor
  ../images/S-sirih-junjung-mohd-nasir.jpg  →  "Kredit: Mohd Nasir Mat Noor (CC BY 2.0)" [S] Mohd Nasir Mat Noor
  ../images/S-tepak-sirih-muzium-negara-marcin-konsek.jpg  →  "Kredit: Marcin Konsek (CC BY-SA 4.0)" [S] Marcin Konsek
  ../images/S-sirih-junjung-salwa-hamzah.jpg  →  "Kredit: Salwa Hamzah (CC BY 2.0)" [S] Salwa Hamzah
Tags:    sirih junjung, hantaran, adat perkahwinan, dulang hantaran
Links:   3 internal, all resolved
URL:     /artikel/hantaran-mas-kahwin/sirih-junjung
  uploaded ../images/S-pertunangan-zeeana-shopedah-mohd-nasir.jpg (+4 crops)
  uploaded ../images/S-sirih-junjung-mohd-nasir.jpg (+4 crops)
  uploaded ../images/S-tepak-sirih-muzium-negara-marcin-konsek.jpg (+4 crops)
  uploaded ../images/S-sirih-junjung-salwa-hamzah.jpg (+4 crops)

Done. /artikel/hantaran-mas-kahwin/sirih-junjung (published)
It will appear on the pillar page under its cluster with no further action.
Content caches dropped and the Vercel edge purged — the article is visible on the
site now. Purged (HTTP 200):
  /artikel/hantaran-mas-kahwin/sirih-junjung
  /artikel/hantaran-mas-kahwin
  /sitemap.xml
EXIT CODE: 0

############ P3-A4-walimatul-urus.md  2026-08-25T17:55:51.3794056Z
File:   P3-A4-walimatul-urus.md
Target: aws-0-ap-southeast-1.pooler.supabase.com:6543/postgres
Mode:   COMMIT (will write)

Pillar:  Ucapan, Doa & Adab Majlis (P3)
Cluster: Ulang tahun perkahwinan, pantun & adab tetamu (C3.3)
Status:  published
Author:  ai_assisted · review_status pending_review
Images:  6, every one credited
  ../images/S-jamuan-kenduri-raja-abd-kadir.jpg  →  "Kredit: raja abd kadir (CC BY 3.0)" [S] raja abd kadir
  ../images/S-kad-jemputan-tangan-sham-hardy.jpg  →  "Kredit: Sham Hardy (CC BY-SA 2.0)" [S] Sham Hardy
  ../images/S-kenduri-khemah-terengganu-irwandy.jpg  →  "Kredit: Irwandy Mazwir (CC BY 2.0)" [S] Irwandy Mazwir
  ../images/S-tetamu-tiba-majlis-ahmad-ali-karim.jpg  →  "Kredit: Ahmad Ali Karim (CC0)" [S] Ahmad Ali Karim
  ../images/S-pasangan-pelamin-bunga-duduk-mohd-hasan.jpg  →  "Kredit: mohd hasan / Pexels" [S] mohd hasan
  ../images/S-kompang-gendang-johor-stress043.jpg  →  "Kredit: Stress 043 (CC BY-SA 4.0)" [S] Stress 043
Tags:    walimatul urus, adab tetamu majlis, jemputan kahwin, kenduri kahwin
Links:   4 internal, all resolved
URL:     /artikel/ucapan-doa/walimatul-urus
  uploaded ../images/S-jamuan-kenduri-raja-abd-kadir.jpg (+4 crops)
  uploaded ../images/S-kad-jemputan-tangan-sham-hardy.jpg (+4 crops)
  uploaded ../images/S-kenduri-khemah-terengganu-irwandy.jpg (+4 crops)
  uploaded ../images/S-tetamu-tiba-majlis-ahmad-ali-karim.jpg (+4 crops)
  uploaded ../images/S-pasangan-pelamin-bunga-duduk-mohd-hasan.jpg (+4 crops)
  uploaded ../images/S-kompang-gendang-johor-stress043.jpg (+4 crops)

Done. /artikel/ucapan-doa/walimatul-urus (published)
It will appear on the pillar page under its cluster with no further action.
Content caches dropped and the Vercel edge purged — the article is visible on the
site now. Purged (HTTP 200):
  /artikel/ucapan-doa/walimatul-urus
  /artikel/ucapan-doa
  /sitemap.xml
EXIT CODE: 0

############ P3-A5-skrip-pengacara-majlis-perkahwinan.md  2026-08-25T17:56:24.2060019Z
File:   P3-A5-skrip-pengacara-majlis-perkahwinan.md
Target: aws-0-ap-southeast-1.pooler.supabase.com:6543/postgres
Mode:   COMMIT (will write)

Pillar:  Ucapan, Doa & Adab Majlis (P3)
Cluster: Aturcara & pengacara majlis (C3.4)
Status:  published
Author:  ai_assisted · review_status pending_review
Images:  6, every one credited
  ../images/S-pasangan-dan-keluarga-pelamin-mohd-hasan.jpg  →  "Kredit: mohd hasan / Pexels" [S] mohd hasan
  ../images/S-arak-pengantin-kelantan-malexi.jpg  →  "Kredit: Malexi (CC BY-SA 3.0)" [S] Malexi
  ../images/S-bacaan-doa-qari-ahmad-ali-karim.jpg  →  "Kredit: Ahmad Ali Karim (CC0)" [S] Ahmad Ali Karim
  ../images/S-akad-tok-kadi-raja-abd-kadir.jpg  →  "Kredit: raja abd kadir (CC BY 3.0)" [S] raja abd kadir
  ../images/S-silat-sambut-pengantin-zharif-hussein.jpg  →  "Kredit: zharif hussein (CC BY 2.0)" [S] zharif hussein
  ../images/S-muzik-tradisional-kenduri-malexi.jpg  →  "Kredit: Malexi (CC BY-SA 3.0)" [S] Malexi
Tags:    skrip pengacara majlis perkahwinan, aturcara majlis perkahwinan, teks pengacara majlis, protokol majlis
Links:   4 internal, all resolved
URL:     /artikel/ucapan-doa/skrip-pengacara-majlis-perkahwinan
  uploaded ../images/S-pasangan-dan-keluarga-pelamin-mohd-hasan.jpg (+4 crops)
  uploaded ../images/S-arak-pengantin-kelantan-malexi.jpg (+4 crops)
  uploaded ../images/S-bacaan-doa-qari-ahmad-ali-karim.jpg (+4 crops)
  uploaded ../images/S-akad-tok-kadi-raja-abd-kadir.jpg (+4 crops)
  uploaded ../images/S-silat-sambut-pengantin-zharif-hussein.jpg (+4 crops)
  uploaded ../images/S-muzik-tradisional-kenduri-malexi.jpg (+4 crops)

Done. /artikel/ucapan-doa/skrip-pengacara-majlis-perkahwinan (published)
It will appear on the pillar page under its cluster with no further action.
Content caches dropped and the Vercel edge purged — the article is visible on the
site now. Purged (HTTP 200):
  /artikel/ucapan-doa/skrip-pengacara-majlis-perkahwinan
  /artikel/ucapan-doa
  /sitemap.xml
EXIT CODE: 0

RUN END    2026-08-25T17:56:58.7499349Z
