
UILINT — rendered-layout gate · https://hellokahwin-km45x3y6u-thewednotebook.vercel.app/artikel/hantaran-mas-kahwin/tempat-beli-hantaran
widths 390/768/1024/1440/1920 · chrome C:/Program Files/Google/Chrome/Application/chrome.exe
──────────────────────────────────────────────────────────────────────────────
[FAIL] /artikel/hantaran-mas-kahwin/tempat-beli-hantaran @390 30 violation(s)  empty:0 rail:0 narrow:29 measure:0 clipped:0 over:0 clip:0 upscale:0 aspect:0 attr:1 unmeasurable:0 R2:1 R6:0 H6:0 H6.6:0 · +1 advisory
        narrow-text-column ×29
          85.8px column, 2 lines, box 86x58px (floor 120px)
            tbody > tr > th > p  ⟨p · not a link⟩
            "Jenis pembekal"
          74.2px column, 3 lines, box 74x87px (floor 120px)
            tbody > tr > th > p  ⟨p · not a link⟩
            "Apa yang dijual"
          85.0px column, 3 lines, box 85x87px (floor 120px)
            tbody > tr > th > p  ⟨p · not a link⟩
            "Contoh yang disemak"
          83.8px column, 3 lines, box 84x87px (floor 120px)
            tbody > tr > th > p  ⟨p · not a link⟩
            "Julat harga tersiar"
          … and 25 more
        image-attr-aspect ×1
          declared width="1200" height="800" (1.50:1) for a 1527x2264 file (0.67:1) — 122% off, so the box reserved before load is the wrong shape (ceiling 25%)
            article > div.inspire-prose > figure.group.relative.my-6 > img.h-auto.w-auto.max-w-full  ⟨img · not a link · alt="Sebuah dulang kaca berkaki dihias renda kedut putih dan rantai manik emas, membawa sebuah kotak hadiah kecil berbentuk hati."⟩
            "n/1787780709236-images-s-dulang-berkaki-hiasan-farritz/high.webp"
        shaped-slot-variant ×1
          served low into a box shaped aspect-ratio: 1200 / 1800 (div.inspire-editorial > div.hk-article-grid.pt-4 > figure.hk-article-figure.mt-6.mb-10 > div.hk-cover-plate  ⟨div · not a link⟩) - hero-rules R2: low/high/original preserve the SOURCE aspect, so this slot's shape is decided by the photograph rather than by the design. Only a named crop may fill a shaped box.
            div.hk-article-grid.pt-4 > figure.hk-article-figure.mt-6.mb-10 > div.hk-cover-plate > img  ⟨img · not a link · alt="Tempat beli barang hantaran: lima jenis kedai"⟩
            "/1787780709236-images-s-dulang-buah-hantaran-mohd-hasan/low.webp"
[FAIL] /artikel/hantaran-mas-kahwin/tempat-beli-hantaran @768 16 violation(s)  empty:0 rail:0 narrow:15 measure:0 clipped:0 over:0 clip:0 upscale:0 aspect:0 attr:1 unmeasurable:0 R2:1 R6:0 H6:0 H6.6:0 · +1 advisory
        narrow-text-column ×15
          100.1px column, 2 lines, box 100x60px (floor 120px)
            tbody > tr > th > p  ⟨p · not a link⟩
            "Jenis pembekal"
          107.2px column, 2 lines, box 107x60px (floor 120px)
            tbody > tr > th > p  ⟨p · not a link⟩
            "Julat harga tersiar"
          100.1px column, 3 lines, box 100x90px (floor 120px)
            tbody > tr > td > p  ⟨p · not a link⟩
            "Kedai barang kahwin"
          107.2px column, 3 lines, box 107x90px (floor 120px)
            tbody > tr > td > p  ⟨p · not a link⟩
            "RM1.50 hingga RM250.00"
          … and 11 more
        image-attr-aspect ×1
          declared width="1200" height="800" (1.50:1) for a 1527x2264 file (0.67:1) — 122% off, so the box reserved before load is the wrong shape (ceiling 25%)
            article > div.inspire-prose > figure.group.relative.my-6 > img.h-auto.w-auto.max-w-full  ⟨img · not a link · alt="Sebuah dulang kaca berkaki dihias renda kedut putih dan rantai manik emas, membawa sebuah kotak hadiah kecil berbentuk hati."⟩
            "n/1787780709236-images-s-dulang-berkaki-hiasan-farritz/high.webp"
        shaped-slot-variant ×1
          served low into a box shaped aspect-ratio: 1200 / 1800 (div.inspire-editorial > div.hk-article-grid.pt-4 > figure.hk-article-figure.mt-6.mb-10 > div.hk-cover-plate  ⟨div · not a link⟩) - hero-rules R2: low/high/original preserve the SOURCE aspect, so this slot's shape is decided by the photograph rather than by the design. Only a named crop may fill a shaped box.
            div.hk-article-grid.pt-4 > figure.hk-article-figure.mt-6.mb-10 > div.hk-cover-plate > img  ⟨img · not a link · alt="Tempat beli barang hantaran: lima jenis kedai"⟩
            "/1787780709236-images-s-dulang-buah-hantaran-mohd-hasan/low.webp"
[FAIL] /artikel/hantaran-mas-kahwin/tempat-beli-hantaran @1024 16 violation(s)  empty:0 rail:0 narrow:15 measure:0 clipped:0 over:0 clip:0 upscale:0 aspect:0 attr:1 unmeasurable:0 R2:1 R6:0 H6:0 H6.6:0 · +1 advisory
        narrow-text-column ×15
          101.3px column, 2 lines, box 101x61px (floor 120px)
            tbody > tr > th > p  ⟨p · not a link⟩
            "Jenis pembekal"
          107.8px column, 2 lines, box 108x61px (floor 120px)
            tbody > tr > th > p  ⟨p · not a link⟩
            "Julat harga tersiar"
          101.3px column, 3 lines, box 101x92px (floor 120px)
            tbody > tr > td > p  ⟨p · not a link⟩
            "Kedai barang kahwin"
          107.8px column, 3 lines, box 108x92px (floor 120px)
            tbody > tr > td > p  ⟨p · not a link⟩
            "RM1.50 hingga RM250.00"
          … and 11 more
        image-attr-aspect ×1
          declared width="1200" height="800" (1.50:1) for a 1527x2264 file (0.67:1) — 122% off, so the box reserved before load is the wrong shape (ceiling 25%)
            article > div.inspire-prose > figure.group.relative.my-6 > img.h-auto.w-auto.max-w-full  ⟨img · not a link · alt="Sebuah dulang kaca berkaki dihias renda kedut putih dan rantai manik emas, membawa sebuah kotak hadiah kecil berbentuk hati."⟩
            "n/1787780709236-images-s-dulang-berkaki-hiasan-farritz/high.webp"
        shaped-slot-variant ×1
          served low into a box shaped aspect-ratio: 1200 / 1800 (div.inspire-editorial > div.hk-article-grid.pt-4 > figure.hk-article-figure.mt-6.mb-10 > div.hk-cover-plate  ⟨div · not a link⟩) - hero-rules R2: low/high/original preserve the SOURCE aspect, so this slot's shape is decided by the photograph rather than by the design. Only a named crop may fill a shaped box.
            div.hk-article-grid.pt-4 > figure.hk-article-figure.mt-6.mb-10 > div.hk-cover-plate > img  ⟨img · not a link · alt="Tempat beli barang hantaran: lima jenis kedai"⟩
            "/1787780709236-images-s-dulang-buah-hantaran-mohd-hasan/low.webp"
[FAIL] /artikel/hantaran-mas-kahwin/tempat-beli-hantaran @1440 16 violation(s)  empty:0 rail:0 narrow:15 measure:0 clipped:0 over:0 clip:0 upscale:0 aspect:0 attr:1 unmeasurable:0 R2:1 R6:0 H6:0 H6.6:0 · +1 advisory
        narrow-text-column ×15
          102.5px column, 2 lines, box 103x61px (floor 120px)
            tbody > tr > th > p  ⟨p · not a link⟩
            "Jenis pembekal"
          109.9px column, 2 lines, box 110x61px (floor 120px)
            tbody > tr > th > p  ⟨p · not a link⟩
            "Julat harga tersiar"
          102.5px column, 3 lines, box 103x92px (floor 120px)
            tbody > tr > td > p  ⟨p · not a link⟩
            "Kedai barang kahwin"
          109.9px column, 3 lines, box 110x92px (floor 120px)
            tbody > tr > td > p  ⟨p · not a link⟩
            "RM1.50 hingga RM250.00"
          … and 11 more
        image-attr-aspect ×1
          declared width="1200" height="800" (1.50:1) for a 1527x2264 file (0.67:1) — 122% off, so the box reserved before load is the wrong shape (ceiling 25%)
            article > div.inspire-prose > figure.group.relative.my-6 > img.h-auto.w-auto.max-w-full  ⟨img · not a link · alt="Sebuah dulang kaca berkaki dihias renda kedut putih dan rantai manik emas, membawa sebuah kotak hadiah kecil berbentuk hati."⟩
            "n/1787780709236-images-s-dulang-berkaki-hiasan-farritz/high.webp"
        shaped-slot-variant ×1
          served low into a box shaped aspect-ratio: 1200 / 1800 (div.inspire-editorial > div.hk-article-grid.pt-4 > figure.hk-article-figure.mt-6.mb-10 > div.hk-cover-plate  ⟨div · not a link⟩) - hero-rules R2: low/high/original preserve the SOURCE aspect, so this slot's shape is decided by the photograph rather than by the design. Only a named crop may fill a shaped box.
            div.hk-article-grid.pt-4 > figure.hk-article-figure.mt-6.mb-10 > div.hk-cover-plate > img  ⟨img · not a link · alt="Tempat beli barang hantaran: lima jenis kedai"⟩
            "/1787780709236-images-s-dulang-buah-hantaran-mohd-hasan/low.webp"
[FAIL] /artikel/hantaran-mas-kahwin/tempat-beli-hantaran @1920 16 violation(s)  empty:0 rail:0 narrow:15 measure:0 clipped:0 over:0 clip:0 upscale:0 aspect:0 attr:1 unmeasurable:0 R2:1 R6:0 H6:0 H6.6:0 · +1 advisory
        narrow-text-column ×15
          102.5px column, 2 lines, box 103x61px (floor 120px)
            tbody > tr > th > p  ⟨p · not a link⟩
            "Jenis pembekal"
          109.9px column, 2 lines, box 110x61px (floor 120px)
            tbody > tr > th > p  ⟨p · not a link⟩
            "Julat harga tersiar"
          102.5px column, 3 lines, box 103x92px (floor 120px)
            tbody > tr > td > p  ⟨p · not a link⟩
            "Kedai barang kahwin"
          109.9px column, 3 lines, box 110x92px (floor 120px)
            tbody > tr > td > p  ⟨p · not a link⟩
            "RM1.50 hingga RM250.00"
          … and 11 more
        image-attr-aspect ×1
          declared width="1200" height="800" (1.50:1) for a 1527x2264 file (0.67:1) — 122% off, so the box reserved before load is the wrong shape (ceiling 25%)
            article > div.inspire-prose > figure.group.relative.my-6 > img.h-auto.w-auto.max-w-full  ⟨img · not a link · alt="Sebuah dulang kaca berkaki dihias renda kedut putih dan rantai manik emas, membawa sebuah kotak hadiah kecil berbentuk hati."⟩
            "n/1787780709236-images-s-dulang-berkaki-hiasan-farritz/high.webp"
        shaped-slot-variant ×1
          served low into a box shaped aspect-ratio: 1200 / 1800 (div.inspire-editorial > div.hk-article-grid.pt-4 > figure.hk-article-figure.mt-6.mb-10 > div.hk-cover-plate  ⟨div · not a link⟩) - hero-rules R2: low/high/original preserve the SOURCE aspect, so this slot's shape is decided by the photograph rather than by the design. Only a named crop may fill a shaped box.
            div.hk-article-grid.pt-4 > figure.hk-article-figure.mt-6.mb-10 > div.hk-cover-plate > img  ⟨img · not a link · alt="Tempat beli barang hantaran: lima jenis kedai"⟩
            "/1787780709236-images-s-dulang-buah-hantaran-mohd-hasan/low.webp"
──────────────────────────────────────────────────────────────────────────────
totals: empty-content 0
        rail-collapsed 0
        narrow-text-column 89
        reading-measure 0
        clipped-text 0
        viewport-overflow 0
        scroll-container-clip 0
        image-upscale 0
        image-aspect 0
        image-attr-aspect 5 (advisory, does not fail the build)
        image-unmeasurable 0
        shaped-slot-variant 5
        shaped-slot-dims 0
        category-diversity 0
        source-order 0
build fingerprint (last width measured, per target):
  /artikel/hantaran-mas-kahwin/tempat-beli-hantaran
    200 HIT age=77 sin1::sin1::tvxdx-1788292466949-d5c54c3001e3 css=[6d35ab2e5a043add.css 19b83a0982f1e330.css c57876753c8398ff.css]
UILINT EXIT: 1
