target db     aws-0-ap-southeast-1.pooler.supabase.com:6543/postgres
writes        cover_image_variants.low.width / .height (additive JSONB merge)
writes to R2  none — not one byte of image data moves

96 published article(s) with cover variants · 96 to measure · 0 already recorded · 0 with no low.url

undo dump written: docs/undo/cont-15-cover-intrinsics.json (96 row(s), reversal SQL included)

  wrote adat-hantaran-berbeza-negeri                1200x800   aspect 1.500
  wrote adat-hantaran-ikut-keluarga                 1200x800   aspect 1.500
  wrote amankila-bali                               1200x801   aspect 1.498
  wrote apa-itu-mas-kahwin                          1200x1600  aspect 0.750
  wrote bajet-kahwin                                1200x800   aspect 1.500
  wrote baju-pengantin-sewa-atau-beli               1200x1800  aspect 0.667
  wrote barang-hantaran-berguna                     1200x800   aspect 1.500
  wrote barang-hantaran-perempuan                   1200x800   aspect 1.500
  wrote barang-hantaran-tunang                      1200x800   aspect 1.500
  wrote berapa-dulang-hantaran-tunang               1200x800   aspect 1.500
  wrote bilangan-dulang-hantaran-ganjil             1200x800   aspect 1.500
  wrote borang-nikah                                1200x900   aspect 1.333
  wrote bunga-telur                                 1200x803   aspect 1.494
  wrote cara-buat-kad-kahwin-digital                1200x1800  aspect 0.667
  wrote cara-tetapkan-duit-hantaran                 1200x800   aspect 1.500
  wrote checklist-kahwin                            1200x798   aspect 1.504
  wrote cheong-fatt-tze-mansion                     1200x800   aspect 1.500
  wrote cincin-tunang                               1200x800   aspect 1.500
  wrote contoh-kad-jemputan-kahwin                   771x1024  aspect 0.753
  wrote dewan-kahwin                                1200x900   aspect 1.333
  wrote doa-jodoh                                   1200x800   aspect 1.500
  wrote doa-majlis-perkahwinan                      1200x800   aspect 1.500
  wrote doa-majlis-pertunangan                      1200x897   aspect 1.338
  wrote doa-makan-majlis                            1200x900   aspect 1.333
  wrote doa-pengantin-baru                          1200x800   aspect 1.500
  wrote doa-penutup-majlis                          1200x800   aspect 1.500
  wrote doa-selamat-majlis                          1200x1800  aspect 0.667
  wrote duit-hantaran-kahwin                        1200x900   aspect 1.333
  wrote dulang-hantaran                             1200x1600  aspect 0.750
  wrote garden-wedding                              1024x683   aspect 1.499
  wrote goodies-kahwin                              1200x800   aspect 1.500
  wrote grand-hyatt-kuala-lumpur                    1200x821   aspect 1.462
  wrote gubahan-hantaran                            1200x900   aspect 1.333
  wrote gubahan-hantaran-simple                     1200x800   aspect 1.500
  wrote hadiah-untuk-pengantin                      1160x680   aspect 1.706
  wrote hantaran-coklat                             1200x800   aspect 1.500
  wrote hantaran-kahwin                             1200x801   aspect 1.498
  wrote hantaran-kahwin-5-balas-7                   1200x800   aspect 1.500
  wrote hantaran-kahwin-bajet                       1200x800   aspect 1.500
  wrote hantaran-tema-warna                         1200x800   aspect 1.500
  wrote hantaran-tempah-atau-buat-sendiri           1200x1800  aspect 0.667
  wrote hantaran-tunang                             1200x1800  aspect 0.667
  wrote hantaran-tunang-3-balas-5                   1200x1800  aspect 0.667
  wrote hantaran-tunang-simple                      1200x800   aspect 1.500
  wrote hantaran-tunang-untuk-lelaki                1200x800   aspect 1.500
  wrote hantaran-tunang-untuk-perempuan             1200x800   aspect 1.500
  wrote hantaran-untuk-lelaki                       1200x800   aspect 1.500
  wrote hantaran-wajib-atau-adat                    1200x849   aspect 1.413
  wrote harga-sewa-dewan-kahwin                     1200x900   aspect 1.333
  wrote hidden-hantaran                             1200x800   aspect 1.500
  wrote hiv-test-kahwin                             1200x900   aspect 1.333
  wrote inai-tangan-pengantin                       1200x800   aspect 1.500
  wrote jw-marriott-kuala-lumpur                    1200x800   aspect 1.500
  wrote kad-nikah-selangor                          1200x900   aspect 1.333
  wrote kursus-kahwin                               1160x774   aspect 1.499
  wrote kursus-kahwin-selangor                      1200x900   aspect 1.333
  wrote lafaz-akad-nikah                            1200x900   aspect 1.333
  wrote lafaz-taklik                                1200x800   aspect 1.500
  wrote lokasi-pre-wedding-photoshoot-terbaik       1024x683   aspect 1.499
  wrote majlis-kahwin                               1200x900   aspect 1.333
  wrote marriott-putrajaya                          1200x914   aspect 1.313
  wrote mas-kahwin-ikut-negeri                      1200x800   aspect 1.500
  wrote mas-kahwin-johor                            1200x798   aspect 1.504
  wrote mas-kahwin-kelantan-terengganu              1200x900   aspect 1.333
  wrote mas-kahwin-melebihi-kadar-minimum           1200x1600  aspect 0.750
  wrote mas-kahwin-pahang-negeri-sembilan           1200x1604  aspect 0.748
  wrote mas-kahwin-perak                            1200x900   aspect 1.333
  wrote mas-kahwin-sabah-sarawak                    1200x800   aspect 1.500
  wrote nisbah-hantaran                             1200x1800  aspect 0.667
  wrote pakej-dewan-kahwin                          1200x900   aspect 1.333
  wrote pelamin                                     1200x800   aspect 1.500
  wrote pelamin-kahwin-dewan                        1200x900   aspect 1.333
  wrote perkahwinan-di-ruma-hotel-kuala-lumpur-dengan-sentuhan-warisan-peranakan  1200x800   aspect 1.500
  wrote perkahwinan-indah-di-laman-fajar-menyinsing-port-dickson  1200x800   aspect 1.500
  wrote perkahwinan-romantis-di-jen-shangri-la-puteri-harbour  1024x681   aspect 1.504
  wrote perkahwinan-taman-kebun-yang-minimalis-di-hulu-langat  1200x800   aspect 1.500
  wrote persiapan-hantaran-kahwin                   1200x800   aspect 1.500
  wrote rukun-nikah                                 1200x800   aspect 1.500
  wrote sentosa-janda-baik                          1200x858   aspect 1.399
  wrote sewa-dewan-kahwin                            800x500   aspect 1.600
  wrote sime-darby-convention-centre                1200x956   aspect 1.255
  wrote sirih-junjung                               1200x800   aspect 1.500
  wrote skrip-pengacara-majlis-perkahwinan          1200x1600  aspect 0.750
  wrote songket-tenunan-tangan-atau-cetak           1200x800   aspect 1.500
  wrote syarat-sah-nikah                            1200x900   aspect 1.333
  wrote syarat-wali-nikah                           1200x1600  aspect 0.750
  wrote taaruf-maksud                               1200x800   aspect 1.500
  wrote tempat-beli-hantaran                        1200x1800  aspect 0.667
  wrote tempat-honeymoon-di-malaysia                1200x600   aspect 2.000
  wrote the-danna-langkawi                          1200x893   aspect 1.344
  wrote ucapan-pengantin-baru                       1200x800   aspect 1.500
  wrote ucapan-ulang-tahun-perkahwinan              1200x800   aspect 1.500
  wrote villa-warisan                                800x500   aspect 1.600
  wrote walimatul-urus                              1200x900   aspect 1.333
  wrote wedding-planner-terbaik-di-malaysia          800x500   aspect 1.600
  wrote yasaka-shrine                                800x500   aspect 1.600

wrote 96, unmeasurable 0
source-aspect histogram (low.webp intrinsics, this run):
  0.667  ×8
  0.748  ×1
  0.750  ×5
  0.753  ×1
  1.255  ×1
  1.313  ×1
  1.333  ×17
  1.338  ×1
  1.344  ×1
  1.399  ×1
  1.413  ×1
  1.462  ×1
  1.494  ×1
  1.498  ×2
  1.499  ×3
  1.500  ×42
  1.504  ×3
  1.600  ×4
  1.706  ×1
  2.000  ×1
