
UILINT — rendered-layout gate · https://hellokahwin.com/artikel/hantaran-mas-kahwin/tempat-beli-hantaran, https://hellokahwin.com/artikel/busana-pengantin/baju-pengantin-sewa-atau-beli, https://hellokahwin.com/artikel/idea-dan-nasihat/cara-buat-kad-kahwin-digital
widths 390/768/1024/1440/1920 · chrome C:/Program Files/Google/Chrome/Application/chrome.exe
──────────────────────────────────────────────────────────────────────────────
[FAIL] /artikel/hantaran-mas-kahwin/tempat-beli-hantaran @390 29 violation(s)  empty:0 rail:0 narrow:29 measure:0 clipped:0 over:0 clip:0 upscale:0 aspect:0 attr:1 unmeasurable:0 R2:0 R6:0 H6:0 H6.6:0 · +1 advisory
        narrow-text-column ×29
          85.8px column, 2 lines, box 86x58px (floor 120px)
            tbody > tr > th > p  ⟨p · not a link⟩
            "Jenis pembekal"
          74.2px column, 3 lines, box 74x87px (floor 120px)
            tbody > tr > th > p  ⟨p · not a link⟩
            "Apa yang dijual"
          85.0px column, 3 lines, box 85x87px (floor 120px)
            tbody > tr > th > p  ⟨p · not a link⟩
            "Contoh yang disemak"
          83.8px column, 3 lines, box 84x87px (floor 120px)
            tbody > tr > th > p  ⟨p · not a link⟩
            "Julat harga tersiar"
          … and 25 more
        image-attr-aspect ×1
          declared width="1200" height="800" (1.50:1) for a 1527x2264 file (0.67:1) — 122% off, so the box reserved before load is the wrong shape (ceiling 25%)
            article > div.inspire-prose > figure.group.relative.my-6 > img.h-auto.w-auto.max-w-full  ⟨img · not a link · alt="Sebuah dulang kaca berkaki dihias renda kedut putih dan rantai manik emas, membawa sebuah kotak hadiah kecil berbentuk hati."⟩
            "n/1787780709236-images-s-dulang-berkaki-hiasan-farritz/high.webp"
[FAIL] /artikel/hantaran-mas-kahwin/tempat-beli-hantaran @768 15 violation(s)  empty:0 rail:0 narrow:15 measure:0 clipped:0 over:0 clip:0 upscale:0 aspect:0 attr:1 unmeasurable:0 R2:0 R6:0 H6:0 H6.6:0 · +1 advisory
        narrow-text-column ×15
          100.1px column, 2 lines, box 100x60px (floor 120px)
            tbody > tr > th > p  ⟨p · not a link⟩
            "Jenis pembekal"
          107.2px column, 2 lines, box 107x60px (floor 120px)
            tbody > tr > th > p  ⟨p · not a link⟩
            "Julat harga tersiar"
          100.1px column, 3 lines, box 100x90px (floor 120px)
            tbody > tr > td > p  ⟨p · not a link⟩
            "Kedai barang kahwin"
          107.2px column, 3 lines, box 107x90px (floor 120px)
            tbody > tr > td > p  ⟨p · not a link⟩
            "RM1.50 hingga RM250.00"
          … and 11 more
        image-attr-aspect ×1
          declared width="1200" height="800" (1.50:1) for a 1527x2264 file (0.67:1) — 122% off, so the box reserved before load is the wrong shape (ceiling 25%)
            article > div.inspire-prose > figure.group.relative.my-6 > img.h-auto.w-auto.max-w-full  ⟨img · not a link · alt="Sebuah dulang kaca berkaki dihias renda kedut putih dan rantai manik emas, membawa sebuah kotak hadiah kecil berbentuk hati."⟩
            "n/1787780709236-images-s-dulang-berkaki-hiasan-farritz/high.webp"
[FAIL] /artikel/hantaran-mas-kahwin/tempat-beli-hantaran @1024 15 violation(s)  empty:0 rail:0 narrow:15 measure:0 clipped:0 over:0 clip:0 upscale:0 aspect:0 attr:1 unmeasurable:0 R2:0 R6:0 H6:0 H6.6:0 · +1 advisory
        narrow-text-column ×15
          101.3px column, 2 lines, box 101x61px (floor 120px)
            tbody > tr > th > p  ⟨p · not a link⟩
            "Jenis pembekal"
          107.8px column, 2 lines, box 108x61px (floor 120px)
            tbody > tr > th > p  ⟨p · not a link⟩
            "Julat harga tersiar"
          101.3px column, 3 lines, box 101x92px (floor 120px)
            tbody > tr > td > p  ⟨p · not a link⟩
            "Kedai barang kahwin"
          107.8px column, 3 lines, box 108x92px (floor 120px)
            tbody > tr > td > p  ⟨p · not a link⟩
            "RM1.50 hingga RM250.00"
          … and 11 more
        image-attr-aspect ×1
          declared width="1200" height="800" (1.50:1) for a 1527x2264 file (0.67:1) — 122% off, so the box reserved before load is the wrong shape (ceiling 25%)
            article > div.inspire-prose > figure.group.relative.my-6 > img.h-auto.w-auto.max-w-full  ⟨img · not a link · alt="Sebuah dulang kaca berkaki dihias renda kedut putih dan rantai manik emas, membawa sebuah kotak hadiah kecil berbentuk hati."⟩
            "n/1787780709236-images-s-dulang-berkaki-hiasan-farritz/high.webp"
[FAIL] /artikel/hantaran-mas-kahwin/tempat-beli-hantaran @1440 15 violation(s)  empty:0 rail:0 narrow:15 measure:0 clipped:0 over:0 clip:0 upscale:0 aspect:0 attr:1 unmeasurable:0 R2:0 R6:0 H6:0 H6.6:0 · +1 advisory
        narrow-text-column ×15
          102.5px column, 2 lines, box 103x61px (floor 120px)
            tbody > tr > th > p  ⟨p · not a link⟩
            "Jenis pembekal"
          109.9px column, 2 lines, box 110x61px (floor 120px)
            tbody > tr > th > p  ⟨p · not a link⟩
            "Julat harga tersiar"
          102.5px column, 3 lines, box 103x92px (floor 120px)
            tbody > tr > td > p  ⟨p · not a link⟩
            "Kedai barang kahwin"
          109.9px column, 3 lines, box 110x92px (floor 120px)
            tbody > tr > td > p  ⟨p · not a link⟩
            "RM1.50 hingga RM250.00"
          … and 11 more
        image-attr-aspect ×1
          declared width="1200" height="800" (1.50:1) for a 1527x2264 file (0.67:1) — 122% off, so the box reserved before load is the wrong shape (ceiling 25%)
            article > div.inspire-prose > figure.group.relative.my-6 > img.h-auto.w-auto.max-w-full  ⟨img · not a link · alt="Sebuah dulang kaca berkaki dihias renda kedut putih dan rantai manik emas, membawa sebuah kotak hadiah kecil berbentuk hati."⟩
            "n/1787780709236-images-s-dulang-berkaki-hiasan-farritz/high.webp"
[FAIL] /artikel/hantaran-mas-kahwin/tempat-beli-hantaran @1920 15 violation(s)  empty:0 rail:0 narrow:15 measure:0 clipped:0 over:0 clip:0 upscale:0 aspect:0 attr:1 unmeasurable:0 R2:0 R6:0 H6:0 H6.6:0 · +1 advisory
        narrow-text-column ×15
          102.5px column, 2 lines, box 103x61px (floor 120px)
            tbody > tr > th > p  ⟨p · not a link⟩
            "Jenis pembekal"
          109.9px column, 2 lines, box 110x61px (floor 120px)
            tbody > tr > th > p  ⟨p · not a link⟩
            "Julat harga tersiar"
          102.5px column, 3 lines, box 103x92px (floor 120px)
            tbody > tr > td > p  ⟨p · not a link⟩
            "Kedai barang kahwin"
          109.9px column, 3 lines, box 110x92px (floor 120px)
            tbody > tr > td > p  ⟨p · not a link⟩
            "RM1.50 hingga RM250.00"
          … and 11 more
        image-attr-aspect ×1
          declared width="1200" height="800" (1.50:1) for a 1527x2264 file (0.67:1) — 122% off, so the box reserved before load is the wrong shape (ceiling 25%)
            article > div.inspire-prose > figure.group.relative.my-6 > img.h-auto.w-auto.max-w-full  ⟨img · not a link · alt="Sebuah dulang kaca berkaki dihias renda kedut putih dan rantai manik emas, membawa sebuah kotak hadiah kecil berbentuk hati."⟩
            "n/1787780709236-images-s-dulang-berkaki-hiasan-farritz/high.webp"
[FAIL] /artikel/busana-pengantin/baju-pengantin-sewa-atau-beli @390 6 violation(s)  empty:0 rail:0 narrow:6 measure:0 clipped:0 over:0 clip:0 upscale:0 aspect:0 attr:2 unmeasurable:0 R2:0 R6:0 H6:0 H6.6:0 · +2 advisory
        narrow-text-column ×6
          105.0px column, 2 lines, box 105x58px (floor 120px)
            tbody > tr > th > p  ⟨p · not a link⟩
            "Julat harga tersiar"
          105.0px column, 2 lines, box 105x58px (floor 120px)
            tbody > tr > td > p  ⟨p · not a link⟩
            "RM600 – RM799"
          105.0px column, 2 lines, box 105x58px (floor 120px)
            tbody > tr > td > p  ⟨p · not a link⟩
            "RM699 – RM1,099"
          105.0px column, 2 lines, box 105x58px (floor 120px)
            tbody > tr > td > p  ⟨p · not a link⟩
            "RM600 – RM999"
          … and 2 more
        image-attr-aspect ×2
          declared width="1200" height="800" (1.50:1) for a 1474x2280 file (0.65:1) — 132% off, so the box reserved before load is the wrong shape (ceiling 25%)
            article > div.inspire-prose > figure.group.relative.my-6 > img.h-auto.w-auto.max-w-full  ⟨img · not a link · alt="Pengantin lelaki Melayu berbaju melayu kuning terang dengan samping songket keemasan, tengkolok kuning dan beberapa rantai emas, berjalan di atas jalan kampung. Rumah, motosikal dan orang ramai kelihatan kabur di belakangnya."⟩
            "i/1787707239501-images-s-pengantin-lelaki-penang-sheba/high.webp"
          declared width="1200" height="800" (1.50:1) for a 2400x3600 file (0.67:1) — 125% off, so the box reserved before load is the wrong shape (ceiling 25%)
            article > div.inspire-prose > figure.group.relative.my-6 > img.h-auto.w-auto.max-w-full  ⟨img · not a link · alt="Pengantin lelaki berbaju melayu merah marun bersamping songket dan bertanjak duduk di sebelah pengantin perempuan berbaju kurung merah marun bertudung, di pelamin berlatarkan bunga putih halus."⟩
            "39501-images-s-pengantin-melayu-pelamin-fyruz-alqadiri/high.webp"
[ ok ] /artikel/busana-pengantin/baju-pengantin-sewa-atau-beli @768 0 violation(s)  empty:0 rail:0 narrow:0 measure:0 clipped:0 over:0 clip:0 upscale:0 aspect:0 attr:2 unmeasurable:0 R2:0 R6:0 H6:0 H6.6:0 · +2 advisory
        image-attr-aspect ×2
          declared width="1200" height="800" (1.50:1) for a 1474x2280 file (0.65:1) — 132% off, so the box reserved before load is the wrong shape (ceiling 25%)
            article > div.inspire-prose > figure.group.relative.my-6 > img.h-auto.w-auto.max-w-full  ⟨img · not a link · alt="Pengantin lelaki Melayu berbaju melayu kuning terang dengan samping songket keemasan, tengkolok kuning dan beberapa rantai emas, berjalan di atas jalan kampung. Rumah, motosikal dan orang ramai kelihatan kabur di belakangnya."⟩
            "i/1787707239501-images-s-pengantin-lelaki-penang-sheba/high.webp"
          declared width="1200" height="800" (1.50:1) for a 2400x3600 file (0.67:1) — 125% off, so the box reserved before load is the wrong shape (ceiling 25%)
            article > div.inspire-prose > figure.group.relative.my-6 > img.h-auto.w-auto.max-w-full  ⟨img · not a link · alt="Pengantin lelaki berbaju melayu merah marun bersamping songket dan bertanjak duduk di sebelah pengantin perempuan berbaju kurung merah marun bertudung, di pelamin berlatarkan bunga putih halus."⟩
            "39501-images-s-pengantin-melayu-pelamin-fyruz-alqadiri/high.webp"
[ ok ] /artikel/busana-pengantin/baju-pengantin-sewa-atau-beli @1024 0 violation(s)  empty:0 rail:0 narrow:0 measure:0 clipped:0 over:0 clip:0 upscale:0 aspect:0 attr:2 unmeasurable:0 R2:0 R6:0 H6:0 H6.6:0 · +2 advisory
        image-attr-aspect ×2
          declared width="1200" height="800" (1.50:1) for a 1474x2280 file (0.65:1) — 132% off, so the box reserved before load is the wrong shape (ceiling 25%)
            article > div.inspire-prose > figure.group.relative.my-6 > img.h-auto.w-auto.max-w-full  ⟨img · not a link · alt="Pengantin lelaki Melayu berbaju melayu kuning terang dengan samping songket keemasan, tengkolok kuning dan beberapa rantai emas, berjalan di atas jalan kampung. Rumah, motosikal dan orang ramai kelihatan kabur di belakangnya."⟩
            "i/1787707239501-images-s-pengantin-lelaki-penang-sheba/high.webp"
          declared width="1200" height="800" (1.50:1) for a 2400x3600 file (0.67:1) — 125% off, so the box reserved before load is the wrong shape (ceiling 25%)
            article > div.inspire-prose > figure.group.relative.my-6 > img.h-auto.w-auto.max-w-full  ⟨img · not a link · alt="Pengantin lelaki berbaju melayu merah marun bersamping songket dan bertanjak duduk di sebelah pengantin perempuan berbaju kurung merah marun bertudung, di pelamin berlatarkan bunga putih halus."⟩
            "39501-images-s-pengantin-melayu-pelamin-fyruz-alqadiri/high.webp"
[ ok ] /artikel/busana-pengantin/baju-pengantin-sewa-atau-beli @1440 0 violation(s)  empty:0 rail:0 narrow:0 measure:0 clipped:0 over:0 clip:0 upscale:0 aspect:0 attr:2 unmeasurable:0 R2:0 R6:0 H6:0 H6.6:0 · +2 advisory
        image-attr-aspect ×2
          declared width="1200" height="800" (1.50:1) for a 1474x2280 file (0.65:1) — 132% off, so the box reserved before load is the wrong shape (ceiling 25%)
            article > div.inspire-prose > figure.group.relative.my-6 > img.h-auto.w-auto.max-w-full  ⟨img · not a link · alt="Pengantin lelaki Melayu berbaju melayu kuning terang dengan samping songket keemasan, tengkolok kuning dan beberapa rantai emas, berjalan di atas jalan kampung. Rumah, motosikal dan orang ramai kelihatan kabur di belakangnya."⟩
            "i/1787707239501-images-s-pengantin-lelaki-penang-sheba/high.webp"
          declared width="1200" height="800" (1.50:1) for a 2400x3600 file (0.67:1) — 125% off, so the box reserved before load is the wrong shape (ceiling 25%)
            article > div.inspire-prose > figure.group.relative.my-6 > img.h-auto.w-auto.max-w-full  ⟨img · not a link · alt="Pengantin lelaki berbaju melayu merah marun bersamping songket dan bertanjak duduk di sebelah pengantin perempuan berbaju kurung merah marun bertudung, di pelamin berlatarkan bunga putih halus."⟩
            "39501-images-s-pengantin-melayu-pelamin-fyruz-alqadiri/high.webp"
[ ok ] /artikel/busana-pengantin/baju-pengantin-sewa-atau-beli @1920 0 violation(s)  empty:0 rail:0 narrow:0 measure:0 clipped:0 over:0 clip:0 upscale:0 aspect:0 attr:2 unmeasurable:0 R2:0 R6:0 H6:0 H6.6:0 · +2 advisory
        image-attr-aspect ×2
          declared width="1200" height="800" (1.50:1) for a 1474x2280 file (0.65:1) — 132% off, so the box reserved before load is the wrong shape (ceiling 25%)
            article > div.inspire-prose > figure.group.relative.my-6 > img.h-auto.w-auto.max-w-full  ⟨img · not a link · alt="Pengantin lelaki Melayu berbaju melayu kuning terang dengan samping songket keemasan, tengkolok kuning dan beberapa rantai emas, berjalan di atas jalan kampung. Rumah, motosikal dan orang ramai kelihatan kabur di belakangnya."⟩
            "i/1787707239501-images-s-pengantin-lelaki-penang-sheba/high.webp"
          declared width="1200" height="800" (1.50:1) for a 2400x3600 file (0.67:1) — 125% off, so the box reserved before load is the wrong shape (ceiling 25%)
            article > div.inspire-prose > figure.group.relative.my-6 > img.h-auto.w-auto.max-w-full  ⟨img · not a link · alt="Pengantin lelaki berbaju melayu merah marun bersamping songket dan bertanjak duduk di sebelah pengantin perempuan berbaju kurung merah marun bertudung, di pelamin berlatarkan bunga putih halus."⟩
            "39501-images-s-pengantin-melayu-pelamin-fyruz-alqadiri/high.webp"
[FAIL] /artikel/idea-dan-nasihat/cara-buat-kad-kahwin-digital @390 26 violation(s)  empty:0 rail:0 narrow:26 measure:0 clipped:0 over:0 clip:0 upscale:0 aspect:0 attr:0 unmeasurable:0 R2:0 R6:0 H6:0 H6.6:0
        narrow-text-column ×26
          107.7px column, 3 lines, box 108x87px (floor 120px)
            tbody > tr > th > p  ⟨p · not a link⟩
            "Kad Kahwin Biasa"
          92.5px column, 3 lines, box 93x87px (floor 120px)
            tbody > tr > th > p  ⟨p · not a link⟩
            "Kad Kahwin Digital"
          107.7px column, 2 lines, box 108x58px (floor 120px)
            tbody > tr > td > p  ⟨p · not a link⟩
            "Dicetak pada kertas / kad"
          92.5px column, 6 lines, box 93x174px (floor 120px)
            tbody > tr > td > p  ⟨p · not a link⟩
            "Dalam bentuk link, gambar, poster, video atau microsite"
          … and 22 more
[ ok ] /artikel/idea-dan-nasihat/cara-buat-kad-kahwin-digital @768 0 violation(s)  empty:0 rail:0 narrow:0 measure:0 clipped:0 over:0 clip:0 upscale:0 aspect:0 attr:0 unmeasurable:0 R2:0 R6:0 H6:0 H6.6:0
[ ok ] /artikel/idea-dan-nasihat/cara-buat-kad-kahwin-digital @1024 0 violation(s)  empty:0 rail:0 narrow:0 measure:0 clipped:0 over:0 clip:0 upscale:0 aspect:0 attr:0 unmeasurable:0 R2:0 R6:0 H6:0 H6.6:0
[ ok ] /artikel/idea-dan-nasihat/cara-buat-kad-kahwin-digital @1440 0 violation(s)  empty:0 rail:0 narrow:0 measure:0 clipped:0 over:0 clip:0 upscale:0 aspect:0 attr:0 unmeasurable:0 R2:0 R6:0 H6:0 H6.6:0
[ ok ] /artikel/idea-dan-nasihat/cara-buat-kad-kahwin-digital @1920 0 violation(s)  empty:0 rail:0 narrow:0 measure:0 clipped:0 over:0 clip:0 upscale:0 aspect:0 attr:0 unmeasurable:0 R2:0 R6:0 H6:0 H6.6:0
──────────────────────────────────────────────────────────────────────────────
totals: empty-content 0
        rail-collapsed 0
        narrow-text-column 121
        reading-measure 0
        clipped-text 0
        viewport-overflow 0
        scroll-container-clip 0
        image-upscale 0
        image-aspect 0
        image-attr-aspect 15 (advisory, does not fail the build)
        image-unmeasurable 0
        shaped-slot-variant 0
        shaped-slot-dims 0
        category-diversity 0
        source-order 0
build fingerprint (last width measured, per target):
  /artikel/hantaran-mas-kahwin/tempat-beli-hantaran
    200 HIT age=69 sin1::sin1::24lxn-1788294813566-5f4c7932403b css=[e754448c3010263a.css 19b83a0982f1e330.css ece0345a72e045ca.css]
  /artikel/busana-pengantin/baju-pengantin-sewa-atau-beli
    200 HIT age=51 sin1::sin1::q62hj-1788294916527-620b598e38e2 css=[e754448c3010263a.css 19b83a0982f1e330.css ece0345a72e045ca.css]
  /artikel/idea-dan-nasihat/cara-buat-kad-kahwin-digital
    200 HIT age=155 sin1::sin1::xvcwb-1788295021132-8f40f4ca2875 css=[e754448c3010263a.css 19b83a0982f1e330.css ece0345a72e045ca.css]
UILINT EXIT: 1
