sweep	Set up job	﻿2026-08-28T03:47:44.3776425Z Current runner version: '2.336.0'
sweep	Set up job	2026-08-28T03:47:44.3797915Z ##[group]Runner Image Provisioner
sweep	Set up job	2026-08-28T03:47:44.3798893Z Hosted Compute Agent
sweep	Set up job	2026-08-28T03:47:44.3799619Z Version: 20260819.586
sweep	Set up job	2026-08-28T03:47:44.3800660Z Commit: 3cc4a88dfa507ef76119ad1bb3eccc6378bb2b76
sweep	Set up job	2026-08-28T03:47:44.3801518Z Build Date: 2026-08-18T23:20:18Z
sweep	Set up job	2026-08-28T03:47:44.3802448Z Worker ID: ***a729af24-3bc8-4c0e-b57a-2ad9f27bce20***
sweep	Set up job	2026-08-28T03:47:44.3803321Z Azure Region: northcentralus
sweep	Set up job	2026-08-28T03:47:44.3804098Z ##[endgroup]
sweep	Set up job	2026-08-28T03:47:44.3805553Z ##[group]Operating System
sweep	Set up job	2026-08-28T03:47:44.3806371Z Ubuntu
sweep	Set up job	2026-08-28T03:47:44.3807051Z 24.04.4
sweep	Set up job	2026-08-28T03:47:44.3807731Z LTS
sweep	Set up job	2026-08-28T03:47:44.3808382Z ##[endgroup]
sweep	Set up job	2026-08-28T03:47:44.3809072Z ##[group]Runner Image
sweep	Set up job	2026-08-28T03:47:44.3809758Z Image: ubuntu-24.04
sweep	Set up job	2026-08-28T03:47:44.3810643Z Version: 20260823.283.1
sweep	Set up job	2026-08-28T03:47:44.3811760Z Included Software: https://github.com/actions/runner-images/blob/ubuntu24/20260823.283/images/ubuntu/Ubuntu2404-Readme.md
sweep	Set up job	2026-08-28T03:47:44.3813443Z Image Release: https://github.com/actions/runner-images/releases/tag/ubuntu24%2F20260823.283
sweep	Set up job	2026-08-28T03:47:44.3814462Z ##[endgroup]
sweep	Set up job	2026-08-28T03:47:44.3815813Z ##[group]GITHUB_TOKEN Permissions
sweep	Set up job	2026-08-28T03:47:44.3817567Z Contents: read
sweep	Set up job	2026-08-28T03:47:44.3818264Z Issues: write
sweep	Set up job	2026-08-28T03:47:44.3818995Z Metadata: read
sweep	Set up job	2026-08-28T03:47:44.3819671Z ##[endgroup]
sweep	Set up job	2026-08-28T03:47:44.3821689Z Secret source: Actions
sweep	Set up job	2026-08-28T03:47:44.3822980Z Prepare workflow directory
sweep	Set up job	2026-08-28T03:47:44.4222928Z Prepare all required actions
sweep	Set up job	2026-08-28T03:47:44.4276899Z Getting action download info
sweep	Set up job	2026-08-28T03:47:44.6151948Z Download action repository 'actions/checkout@v4' (SHA:11d5960a326750d5838078e36cf38b85af677262)
sweep	Set up job	2026-08-28T03:47:44.7118998Z Download action repository 'pnpm/action-setup@v4' (SHA:b906affcce14559ad1aafd4ab0e942779e9f58b1)
sweep	Set up job	2026-08-28T03:47:45.1565448Z Download action repository 'actions/setup-node@v4' (SHA:49933ea5288caeca8642d1e84afbd3f7d6820020)
sweep	Set up job	2026-08-28T03:47:45.2545686Z Download action repository 'actions/github-script@v7' (SHA:f28e40c7f34bde8b3046d885e986cb6290c5673b)
sweep	Set up job	2026-08-28T03:47:45.6053216Z Complete job name: sweep
sweep	Run actions/checkout@v4	﻿2026-08-28T03:47:45.6893062Z Node 20 is being deprecated. This workflow is running with Node 24 by default. If you need to temporarily use Node 20, you can set the ACTIONS_ALLOW_USE_UNSECURE_NODE_VERSION=true environment variable. For more information see: https://github.blog/changelog/2025-09-19-deprecation-of-node-20-on-github-actions-runners/
sweep	Run actions/checkout@v4	2026-08-28T03:47:45.6901919Z ##[group]Run actions/checkout@v4
sweep	Run actions/checkout@v4	2026-08-28T03:47:45.6903202Z with:
sweep	Run actions/checkout@v4	2026-08-28T03:47:45.6904207Z   repository: ianngkb/hellokahwin
sweep	Run actions/checkout@v4	2026-08-28T03:47:45.6911411Z   token: ***
sweep	Run actions/checkout@v4	2026-08-28T03:47:45.6912407Z   ssh-strict: true
sweep	Run actions/checkout@v4	2026-08-28T03:47:45.6913417Z   ssh-user: git
sweep	Run actions/checkout@v4	2026-08-28T03:47:45.6914435Z   persist-credentials: true
sweep	Run actions/checkout@v4	2026-08-28T03:47:45.6915506Z   clean: true
sweep	Run actions/checkout@v4	2026-08-28T03:47:45.6916532Z   sparse-checkout-cone-mode: true
sweep	Run actions/checkout@v4	2026-08-28T03:47:45.6917695Z   fetch-depth: 1
sweep	Run actions/checkout@v4	2026-08-28T03:47:45.6918709Z   fetch-tags: false
sweep	Run actions/checkout@v4	2026-08-28T03:47:45.6919754Z   show-progress: true
sweep	Run actions/checkout@v4	2026-08-28T03:47:45.6920892Z   lfs: false
sweep	Run actions/checkout@v4	2026-08-28T03:47:45.6921867Z   submodules: false
sweep	Run actions/checkout@v4	2026-08-28T03:47:45.6922950Z   set-safe-directory: true
sweep	Run actions/checkout@v4	2026-08-28T03:47:45.6924095Z   allow-unsafe-pr-checkout: false
sweep	Run actions/checkout@v4	2026-08-28T03:47:45.6925405Z env:
sweep	Run actions/checkout@v4	2026-08-28T03:47:45.6926389Z   R2_BUCKET: hellokahwin-assets
sweep	Run actions/checkout@v4	2026-08-28T03:47:45.6927581Z   STATE_KEY: indexing-monitor/state.json
sweep	Run actions/checkout@v4	2026-08-28T03:47:45.6928814Z   OUT_DIR: .tmp-indexing-monitor
sweep	Run actions/checkout@v4	2026-08-28T03:47:45.6930085Z ##[endgroup]
sweep	Run actions/checkout@v4	2026-08-28T03:47:45.7749543Z Syncing repository: ianngkb/hellokahwin
sweep	Run actions/checkout@v4	2026-08-28T03:47:45.7752488Z ##[group]Getting Git version info
sweep	Run actions/checkout@v4	2026-08-28T03:47:45.7753965Z Working directory is '/home/runner/work/hellokahwin/hellokahwin'
sweep	Run actions/checkout@v4	2026-08-28T03:47:45.7756081Z [command]/usr/bin/git version
sweep	Run actions/checkout@v4	2026-08-28T03:47:45.7771143Z git version 2.55.0
sweep	Run actions/checkout@v4	2026-08-28T03:47:45.7819816Z ##[endgroup]
sweep	Run actions/checkout@v4	2026-08-28T03:47:45.7830347Z Temporarily overriding HOME='/home/runner/work/_temp/a85c0385-842d-46d2-bbda-7b8f8bca5ec9' before making global git config changes
sweep	Run actions/checkout@v4	2026-08-28T03:47:45.7834611Z Adding repository directory to the temporary git global config as a safe directory
sweep	Run actions/checkout@v4	2026-08-28T03:47:45.7837931Z [command]/usr/bin/git config --global --add safe.directory /home/runner/work/hellokahwin/hellokahwin
sweep	Run actions/checkout@v4	2026-08-28T03:47:45.7870499Z Deleting the contents of '/home/runner/work/hellokahwin/hellokahwin'
sweep	Run actions/checkout@v4	2026-08-28T03:47:45.7874118Z ##[group]Initializing the repository
sweep	Run actions/checkout@v4	2026-08-28T03:47:45.7876853Z [command]/usr/bin/git init /home/runner/work/hellokahwin/hellokahwin
sweep	Run actions/checkout@v4	2026-08-28T03:47:45.7941288Z hint: Using 'master' as the name for the initial branch. This default branch name
sweep	Run actions/checkout@v4	2026-08-28T03:47:45.7943935Z hint: will change to "main" in Git 3.0. To configure the initial branch name
sweep	Run actions/checkout@v4	2026-08-28T03:47:45.7946786Z hint: to use in all of your new repositories, which will suppress this warning,
sweep	Run actions/checkout@v4	2026-08-28T03:47:45.7949121Z hint: call:
sweep	Run actions/checkout@v4	2026-08-28T03:47:45.7950684Z hint:
sweep	Run actions/checkout@v4	2026-08-28T03:47:45.7952496Z hint: 	git config --global init.defaultBranch <name>
sweep	Run actions/checkout@v4	2026-08-28T03:47:45.7954423Z hint:
sweep	Run actions/checkout@v4	2026-08-28T03:47:45.7956410Z hint: Names commonly chosen instead of 'master' are 'main', 'trunk' and
sweep	Run actions/checkout@v4	2026-08-28T03:47:45.7958379Z hint: 'development'. The just-created branch can be renamed via this command:
sweep	Run actions/checkout@v4	2026-08-28T03:47:45.7959872Z hint:
sweep	Run actions/checkout@v4	2026-08-28T03:47:45.7961376Z hint: 	git branch -m <name>
sweep	Run actions/checkout@v4	2026-08-28T03:47:45.7962566Z hint:
sweep	Run actions/checkout@v4	2026-08-28T03:47:45.7963877Z hint: Disable this message with "git config set advice.defaultBranchName false"
sweep	Run actions/checkout@v4	2026-08-28T03:47:45.7965857Z Initialized empty Git repository in /home/runner/work/hellokahwin/hellokahwin/.git/
sweep	Run actions/checkout@v4	2026-08-28T03:47:45.7969076Z [command]/usr/bin/git remote add origin https://github.com/ianngkb/hellokahwin
sweep	Run actions/checkout@v4	2026-08-28T03:47:45.7988415Z ##[endgroup]
sweep	Run actions/checkout@v4	2026-08-28T03:47:45.7990491Z ##[group]Disabling automatic garbage collection
sweep	Run actions/checkout@v4	2026-08-28T03:47:45.7991931Z [command]/usr/bin/git config --local gc.auto 0
sweep	Run actions/checkout@v4	2026-08-28T03:47:45.8014276Z ##[endgroup]
sweep	Run actions/checkout@v4	2026-08-28T03:47:45.8015893Z ##[group]Setting up auth
sweep	Run actions/checkout@v4	2026-08-28T03:47:45.8017918Z [command]/usr/bin/git config --local --name-only --get-regexp core\.sshCommand
sweep	Run actions/checkout@v4	2026-08-28T03:47:45.8042047Z [command]/usr/bin/git submodule foreach --recursive sh -c "git config --local --name-only --get-regexp 'core\.sshCommand' && git config --local --unset-all 'core.sshCommand' || :"
sweep	Run actions/checkout@v4	2026-08-28T03:47:45.8313878Z [command]/usr/bin/git config --local --name-only --get-regexp http\.https\:\/\/github\.com\/\.extraheader
sweep	Run actions/checkout@v4	2026-08-28T03:47:45.8341095Z [command]/usr/bin/git submodule foreach --recursive sh -c "git config --local --name-only --get-regexp 'http\.https\:\/\/github\.com\/\.extraheader' && git config --local --unset-all 'http.https://github.com/.extraheader' || :"
sweep	Run actions/checkout@v4	2026-08-28T03:47:45.8518534Z [command]/usr/bin/git config --local --name-only --get-regexp ^includeIf\.gitdir:
sweep	Run actions/checkout@v4	2026-08-28T03:47:45.8543325Z [command]/usr/bin/git submodule foreach --recursive git config --local --show-origin --name-only --get-regexp remote.origin.url
sweep	Run actions/checkout@v4	2026-08-28T03:47:45.8721430Z [command]/usr/bin/git config --local http.https://github.com/.extraheader AUTHORIZATION: basic ***
sweep	Run actions/checkout@v4	2026-08-28T03:47:45.8748876Z ##[endgroup]
sweep	Run actions/checkout@v4	2026-08-28T03:47:45.8750705Z ##[group]Fetching the repository
sweep	Run actions/checkout@v4	2026-08-28T03:47:45.8755458Z [command]/usr/bin/git -c protocol.version=2 fetch --no-tags --prune --no-recurse-submodules --depth=1 origin +3bdaeec73fc09c3eb252824c6182860509f484f2:refs/remotes/origin/master
sweep	Run actions/checkout@v4	2026-08-28T03:47:47.5713555Z From https://github.com/ianngkb/hellokahwin
sweep	Run actions/checkout@v4	2026-08-28T03:47:47.5715640Z  * [new ref]         3bdaeec73fc09c3eb252824c6182860509f484f2 -> origin/master
sweep	Run actions/checkout@v4	2026-08-28T03:47:47.5718459Z ##[endgroup]
sweep	Run actions/checkout@v4	2026-08-28T03:47:47.5719269Z ##[group]Determining the checkout info
sweep	Run actions/checkout@v4	2026-08-28T03:47:47.5720329Z ##[endgroup]
sweep	Run actions/checkout@v4	2026-08-28T03:47:47.5724479Z [command]/usr/bin/git sparse-checkout disable
sweep	Run actions/checkout@v4	2026-08-28T03:47:47.5761473Z [command]/usr/bin/git config --local --unset-all extensions.worktreeConfig
sweep	Run actions/checkout@v4	2026-08-28T03:47:47.5783602Z ##[group]Checking out the ref
sweep	Run actions/checkout@v4	2026-08-28T03:47:47.5786212Z [command]/usr/bin/git checkout --progress --force -B master refs/remotes/origin/master
sweep	Run actions/checkout@v4	2026-08-28T03:47:47.7406410Z Reset branch 'master'
sweep	Run actions/checkout@v4	2026-08-28T03:47:47.7408268Z branch 'master' set up to track 'origin/master'.
sweep	Run actions/checkout@v4	2026-08-28T03:47:47.7426577Z ##[endgroup]
sweep	Run actions/checkout@v4	2026-08-28T03:47:47.7460800Z [command]/usr/bin/git log -1 --format=%H
sweep	Run actions/checkout@v4	2026-08-28T03:47:47.7478744Z 3bdaeec73fc09c3eb252824c6182860509f484f2
sweep	Run pnpm/action-setup@v4	﻿2026-08-28T03:47:47.7670246Z Node 20 is being deprecated. This workflow is running with Node 24 by default. If you need to temporarily use Node 20, you can set the ACTIONS_ALLOW_USE_UNSECURE_NODE_VERSION=true environment variable. For more information see: https://github.blog/changelog/2025-09-19-deprecation-of-node-20-on-github-actions-runners/
sweep	Run pnpm/action-setup@v4	2026-08-28T03:47:47.7671954Z ##[group]Run pnpm/action-setup@v4
sweep	Run pnpm/action-setup@v4	2026-08-28T03:47:47.7672295Z with:
sweep	Run pnpm/action-setup@v4	2026-08-28T03:47:47.7672577Z   version: 10
sweep	Run pnpm/action-setup@v4	2026-08-28T03:47:47.7672904Z   dest: ~/setup-pnpm
sweep	Run pnpm/action-setup@v4	2026-08-28T03:47:47.7673215Z   run_install: null
sweep	Run pnpm/action-setup@v4	2026-08-28T03:47:47.7673505Z   cache: false
sweep	Run pnpm/action-setup@v4	2026-08-28T03:47:47.7673841Z   cache_dependency_path: pnpm-lock.yaml
sweep	Run pnpm/action-setup@v4	2026-08-28T03:47:47.7674201Z   package_json_file: package.json
sweep	Run pnpm/action-setup@v4	2026-08-28T03:47:47.7674528Z   standalone: false
sweep	Run pnpm/action-setup@v4	2026-08-28T03:47:47.7674815Z env:
sweep	Run pnpm/action-setup@v4	2026-08-28T03:47:47.7675106Z   R2_BUCKET: hellokahwin-assets
sweep	Run pnpm/action-setup@v4	2026-08-28T03:47:47.7675448Z   STATE_KEY: indexing-monitor/state.json
sweep	Run pnpm/action-setup@v4	2026-08-28T03:47:47.7675802Z   OUT_DIR: .tmp-indexing-monitor
sweep	Run pnpm/action-setup@v4	2026-08-28T03:47:47.7676176Z ##[endgroup]
sweep	Run pnpm/action-setup@v4	2026-08-28T03:47:47.8872207Z ##[group]Running self-installer...
sweep	Run pnpm/action-setup@v4	2026-08-28T03:47:48.1749508Z (node:2060) [DEP0169] DeprecationWarning: `url.parse()` behavior is not standardized and prone to errors that have security implications. Use the WHATWG URL API instead. CVEs are not issued for `url.parse()` vulnerabilities.
sweep	Run pnpm/action-setup@v4	2026-08-28T03:47:48.1750727Z (Use `node --trace-deprecation ...` to show where the warning was created)
sweep	Run pnpm/action-setup@v4	2026-08-28T03:47:48.2834249Z Progress: resolved 1, reused 0, downloaded 0, added 0
sweep	Run pnpm/action-setup@v4	2026-08-28T03:47:48.2900268Z Packages: +1
sweep	Run pnpm/action-setup@v4	2026-08-28T03:47:48.2900711Z +
sweep	Run pnpm/action-setup@v4	2026-08-28T03:47:48.5913754Z Progress: resolved 1, reused 0, downloaded 1, added 1, done
sweep	Run pnpm/action-setup@v4	2026-08-28T03:47:48.6233933Z 
sweep	Run pnpm/action-setup@v4	2026-08-28T03:47:48.6234225Z dependencies:
sweep	Run pnpm/action-setup@v4	2026-08-28T03:47:48.6234610Z + pnpm 10.34.5 (11.24.0 is available)
sweep	Run pnpm/action-setup@v4	2026-08-28T03:47:48.6234907Z 
sweep	Run pnpm/action-setup@v4	2026-08-28T03:47:48.6255995Z Done in 609ms
sweep	Run pnpm/action-setup@v4	2026-08-28T03:47:48.6404670Z ##[endgroup]
sweep	Run pnpm/action-setup@v4	2026-08-28T03:47:48.6405444Z Installation Completed!
sweep	Run actions/setup-node@v4	﻿2026-08-28T03:47:48.6572387Z Node 20 is being deprecated. This workflow is running with Node 24 by default. If you need to temporarily use Node 20, you can set the ACTIONS_ALLOW_USE_UNSECURE_NODE_VERSION=true environment variable. For more information see: https://github.blog/changelog/2025-09-19-deprecation-of-node-20-on-github-actions-runners/
sweep	Run actions/setup-node@v4	2026-08-28T03:47:48.6573412Z ##[group]Run actions/setup-node@v4
sweep	Run actions/setup-node@v4	2026-08-28T03:47:48.6573699Z with:
sweep	Run actions/setup-node@v4	2026-08-28T03:47:48.6573924Z   node-version: 22
sweep	Run actions/setup-node@v4	2026-08-28T03:47:48.6574157Z   cache: pnpm
sweep	Run actions/setup-node@v4	2026-08-28T03:47:48.6574390Z   always-auth: false
sweep	Run actions/setup-node@v4	2026-08-28T03:47:48.6574637Z   check-latest: false
sweep	Run actions/setup-node@v4	2026-08-28T03:47:48.6576626Z   token: ***
sweep	Run actions/setup-node@v4	2026-08-28T03:47:48.6576855Z env:
sweep	Run actions/setup-node@v4	2026-08-28T03:47:48.6577082Z   R2_BUCKET: hellokahwin-assets
sweep	Run actions/setup-node@v4	2026-08-28T03:47:48.6577370Z   STATE_KEY: indexing-monitor/state.json
sweep	Run actions/setup-node@v4	2026-08-28T03:47:48.6577674Z   OUT_DIR: .tmp-indexing-monitor
sweep	Run actions/setup-node@v4	2026-08-28T03:47:48.6578018Z   PNPM_HOME: /home/runner/setup-pnpm/node_modules/.bin
sweep	Run actions/setup-node@v4	2026-08-28T03:47:48.6578330Z ##[endgroup]
sweep	Run actions/setup-node@v4	2026-08-28T03:47:48.7679278Z Found in cache @ /opt/hostedtoolcache/node/22.23.2/x64
sweep	Run actions/setup-node@v4	2026-08-28T03:47:48.7682817Z (node:2074) [DEP0040] DeprecationWarning: The `punycode` module is deprecated. Please use a userland alternative instead.
sweep	Run actions/setup-node@v4	2026-08-28T03:47:48.7683591Z (Use `node --trace-deprecation ...` to show where the warning was created)
sweep	Run actions/setup-node@v4	2026-08-28T03:47:48.7684760Z ##[group]Environment details
sweep	Run actions/setup-node@v4	2026-08-28T03:47:49.0393471Z node: v22.23.2
sweep	Run actions/setup-node@v4	2026-08-28T03:47:49.0393914Z npm: 10.9.8
sweep	Run actions/setup-node@v4	2026-08-28T03:47:49.0394168Z yarn: 1.22.22
sweep	Run actions/setup-node@v4	2026-08-28T03:47:49.0394717Z ##[endgroup]
sweep	Run actions/setup-node@v4	2026-08-28T03:47:49.0409633Z [command]/home/runner/setup-pnpm/node_modules/.bin/pnpm store path --silent
sweep	Run actions/setup-node@v4	2026-08-28T03:47:49.3591869Z /home/runner/setup-pnpm/node_modules/.bin/store/v10
sweep	Run actions/setup-node@v4	2026-08-28T03:47:49.4742028Z Cache hit for: node-cache-Linux-x64-pnpm-9367a9280658c0171106e91a788339168f7c879bb6b33b71ffcee2e7c9cd2962
sweep	Run actions/setup-node@v4	2026-08-28T03:47:49.4827329Z (node:2074) [DEP0169] DeprecationWarning: `url.parse()` behavior is not standardized and prone to errors that have security implications. Use the WHATWG URL API instead. CVEs are not issued for `url.parse()` vulnerabilities.
sweep	Run actions/setup-node@v4	2026-08-28T03:47:50.6060357Z Received 121634816 of 229539926 (53.0%), 115.8 MBs/sec
sweep	Run actions/setup-node@v4	2026-08-28T03:47:51.1923642Z Received 229539926 of 229539926 (100.0%), 137.3 MBs/sec
sweep	Run actions/setup-node@v4	2026-08-28T03:47:51.1924097Z Cache Size: ~219 MB (229539926 B)
sweep	Run actions/setup-node@v4	2026-08-28T03:47:51.1950982Z [command]/usr/bin/tar -xf /home/runner/work/_temp/77bd8844-f8b9-4539-b272-7c33e049484d/cache.tzst -P -C /home/runner/work/hellokahwin/hellokahwin --use-compress-program unzstd
sweep	Run actions/setup-node@v4	2026-08-28T03:47:53.2221147Z Cache restored successfully
sweep	Run actions/setup-node@v4	2026-08-28T03:47:53.2314263Z Cache restored from key: node-cache-Linux-x64-pnpm-9367a9280658c0171106e91a788339168f7c879bb6b33b71ffcee2e7c9cd2962
sweep	Install	﻿2026-08-28T03:47:53.2473759Z ##[group]Run pnpm install --frozen-lockfile --ignore-scripts
sweep	Install	2026-08-28T03:47:53.2474259Z ^[[36;1mpnpm install --frozen-lockfile --ignore-scripts^[[0m
sweep	Install	2026-08-28T03:47:53.2513224Z shell: /usr/bin/bash -e ***0***
sweep	Install	2026-08-28T03:47:53.2513523Z env:
sweep	Install	2026-08-28T03:47:53.2513763Z   R2_BUCKET: hellokahwin-assets
sweep	Install	2026-08-28T03:47:53.2514471Z   STATE_KEY: indexing-monitor/state.json
sweep	Install	2026-08-28T03:47:53.2514789Z   OUT_DIR: .tmp-indexing-monitor
sweep	Install	2026-08-28T03:47:53.2515121Z   PNPM_HOME: /home/runner/setup-pnpm/node_modules/.bin
sweep	Install	2026-08-28T03:47:53.2515444Z ##[endgroup]
sweep	Install	2026-08-28T03:47:53.5381148Z Lockfile is up to date, resolution step is skipped
sweep	Install	2026-08-28T03:47:53.5858490Z Progress: resolved 1, reused 0, downloaded 0, added 0
sweep	Install	2026-08-28T03:47:53.7095845Z Packages: +1087
sweep	Install	2026-08-28T03:47:53.7101149Z ++++++++++++++++++++++++++++++++++++++++++++++++++++++++++++++++++++++++++++++++
sweep	Install	2026-08-28T03:47:54.5860666Z Progress: resolved 1087, reused 1087, downloaded 0, added 59
sweep	Install	2026-08-28T03:47:55.5859446Z Progress: resolved 1087, reused 1087, downloaded 0, added 409
sweep	Install	2026-08-28T03:47:56.5100649Z Progress: resolved 1087, reused 1087, downloaded 0, added 1087, done
sweep	Install	2026-08-28T03:47:56.9821988Z 
sweep	Install	2026-08-28T03:47:56.9822768Z dependencies:
sweep	Install	2026-08-28T03:47:56.9823193Z + @aws-sdk/client-rekognition 3.1115.0
sweep	Install	2026-08-28T03:47:56.9823537Z + @aws-sdk/client-s3 3.1115.0
sweep	Install	2026-08-28T03:47:56.9823914Z + @aws-sdk/s3-request-presigner 3.1115.0
sweep	Install	2026-08-28T03:47:56.9824240Z + @clerk/backend 3.2.7
sweep	Install	2026-08-28T03:47:56.9824524Z + @clerk/nextjs 7.8.0
sweep	Install	2026-08-28T03:47:56.9824782Z + @dnd-kit/core 6.3.1
sweep	Install	2026-08-28T03:47:56.9825039Z + @dnd-kit/sortable 10.0.0
sweep	Install	2026-08-28T03:47:56.9825325Z + @dnd-kit/utilities 3.2.2
sweep	Install	2026-08-28T03:47:56.9825624Z + @jspawn/ghostscript-wasm 0.0.2
sweep	Install	2026-08-28T03:47:56.9825922Z + @tiptap/core 2.27.2
sweep	Install	2026-08-28T03:47:56.9826234Z + @tiptap/extension-image 2.27.2
sweep	Install	2026-08-28T03:47:56.9826641Z + @tiptap/extension-link 2.27.2
sweep	Install	2026-08-28T03:47:56.9827107Z + @tiptap/extension-mention 2.27.2
sweep	Install	2026-08-28T03:47:56.9827435Z + @tiptap/extension-table 2.27.2
sweep	Install	2026-08-28T03:47:56.9827773Z + @tiptap/extension-table-cell 2.27.2
sweep	Install	2026-08-28T03:47:56.9828124Z + @tiptap/extension-table-header 2.27.2
sweep	Install	2026-08-28T03:47:56.9828505Z + @tiptap/extension-table-row 2.27.2
sweep	Install	2026-08-28T03:47:56.9828972Z + @tiptap/extension-underline 2.27.2
sweep	Install	2026-08-28T03:47:56.9829389Z + @tiptap/html 2.27.2
sweep	Install	2026-08-28T03:47:56.9829660Z + @tiptap/pm 2.27.2
sweep	Install	2026-08-28T03:47:56.9830112Z + @tiptap/react 2.27.2
sweep	Install	2026-08-28T03:47:56.9830393Z + @tiptap/starter-kit 2.27.2
sweep	Install	2026-08-28T03:47:56.9830680Z + @tiptap/suggestion 2.27.2
sweep	Install	2026-08-28T03:47:56.9830963Z + @vercel/functions 3.9.5
sweep	Install	2026-08-28T03:47:56.9831303Z + browser-image-compression 2.0.2
sweep	Install	2026-08-28T03:47:56.9831735Z + class-variance-authority 0.7.1
sweep	Install	2026-08-28T03:47:56.9832113Z + clsx 2.1.1
sweep	Install	2026-08-28T03:47:56.9832398Z + date-fns 4.4.0
sweep	Install	2026-08-28T03:47:56.9832686Z + drizzle-orm 0.45.2
sweep	Install	2026-08-28T03:47:56.9833126Z + he 1.2.0
sweep	Install	2026-08-28T03:47:56.9833390Z + lucide-react 0.563.0
sweep	Install	2026-08-28T03:47:56.9833709Z + next 16.1.6
sweep	Install	2026-08-28T03:47:56.9834043Z + next-themes 0.4.6
sweep	Install	2026-08-28T03:47:56.9834386Z + novel 1.0.2
sweep	Install	2026-08-28T03:47:56.9834742Z + pdfjs-dist 5.4.296
sweep	Install	2026-08-28T03:47:56.9835097Z + postgres 3.4.9
sweep	Install	2026-08-28T03:47:56.9835424Z + radix-ui 1.6.7
sweep	Install	2026-08-28T03:47:56.9835765Z + react 19.2.3
sweep	Install	2026-08-28T03:47:56.9836086Z + react-dom 19.2.3
sweep	Install	2026-08-28T03:47:56.9836459Z + react-easy-crop 5.5.7
sweep	Install	2026-08-28T03:47:56.9836858Z + react-pdf 10.5.0
sweep	Install	2026-08-28T03:47:56.9837185Z + sanitize-html 2.17.7
sweep	Install	2026-08-28T03:47:56.9837526Z + server-only 0.0.1
sweep	Install	2026-08-28T03:47:56.9837838Z + sharp 0.34.5
sweep	Install	2026-08-28T03:47:56.9838156Z + sonner 2.0.8
sweep	Install	2026-08-28T03:47:56.9838490Z + tailwind-merge 3.6.0
sweep	Install	2026-08-28T03:47:56.9838802Z + zod 4.4.3
sweep	Install	2026-08-28T03:47:56.9838958Z 
sweep	Install	2026-08-28T03:47:56.9839100Z devDependencies:
sweep	Install	2026-08-28T03:47:56.9839438Z + @tailwindcss/postcss 4.3.3
sweep	Install	2026-08-28T03:47:56.9840080Z + @testing-library/jest-dom 6.10.0
sweep	Install	2026-08-28T03:47:56.9840599Z + @testing-library/react 16.3.2
sweep	Install	2026-08-28T03:47:56.9841065Z + @types/he 1.2.3
sweep	Install	2026-08-28T03:47:56.9841459Z + @types/node 20.19.43
sweep	Install	2026-08-28T03:47:56.9842146Z + @types/react 19.2.18
sweep	Install	2026-08-28T03:47:56.9842576Z + @types/react-dom 19.2.4
sweep	Install	2026-08-28T03:47:56.9843013Z + @types/sanitize-html 2.16.1
sweep	Install	2026-08-28T03:47:56.9843475Z + @vitejs/plugin-react 5.2.0
sweep	Install	2026-08-28T03:47:56.9843886Z + dotenv 16.6.1
sweep	Install	2026-08-28T03:47:56.9844292Z + drizzle-kit 0.31.10
sweep	Install	2026-08-28T03:47:56.9844685Z + eslint 9.39.5
sweep	Install	2026-08-28T03:47:56.9845069Z + eslint-config-next 16.1.6
sweep	Install	2026-08-28T03:47:56.9845496Z + jsdom 28.1.0
sweep	Install	2026-08-28T03:47:56.9845871Z + marked 18.0.10
sweep	Install	2026-08-28T03:47:56.9846242Z + prettier 3.9.6
sweep	Install	2026-08-28T03:47:56.9846674Z + shadcn 3.8.5
sweep	Install	2026-08-28T03:47:56.9847123Z + tailwindcss 4.3.3
sweep	Install	2026-08-28T03:47:56.9847501Z + tsx 4.23.12
sweep	Install	2026-08-28T03:47:56.9847874Z + tw-animate-css 1.4.0
sweep	Install	2026-08-28T03:47:56.9848294Z + typescript 5.9.3
sweep	Install	2026-08-28T03:47:56.9848696Z + vitest 4.1.11
sweep	Install	2026-08-28T03:47:56.9849089Z + yaml 2.9.0
sweep	Install	2026-08-28T03:47:56.9849276Z 
sweep	Install	2026-08-28T03:47:56.9984377Z Done in 3.7s using pnpm v10.34.5
sweep	Fetch the ledger from R2	﻿2026-08-28T03:47:57.0177739Z ##[group]Run set -euo pipefail
sweep	Fetch the ledger from R2	2026-08-28T03:47:57.0178097Z ^[[36;1mset -euo pipefail^[[0m
sweep	Fetch the ledger from R2	2026-08-28T03:47:57.0178482Z ^[[36;1mEP="https://$***R2_ACCOUNT_ID***.r2.cloudflarestorage.com"^[[0m
sweep	Fetch the ledger from R2	2026-08-28T03:47:57.0178895Z ^[[36;1mecho "R2_ENDPOINT=$EP" >> "$GITHUB_ENV"^[[0m
sweep	Fetch the ledger from R2	2026-08-28T03:47:57.0179219Z ^[[36;1mmkdir -p "$OUT_DIR"^[[0m
sweep	Fetch the ledger from R2	2026-08-28T03:47:57.0179479Z ^[[36;1m^[[0m
sweep	Fetch the ledger from R2	2026-08-28T03:47:57.0179813Z ^[[36;1m# Existence is checked SEPARATELY from the download so that "there is^[[0m
sweep	Fetch the ledger from R2	2026-08-28T03:47:57.0180519Z ^[[36;1m# no ledger yet" and "the ledger is there but we could not read it"^[[0m
sweep	Fetch the ledger from R2	2026-08-28T03:47:57.0180963Z ^[[36;1m# cannot produce the same outcome. The second silently resets every^[[0m
sweep	Fetch the ledger from R2	2026-08-28T03:47:57.0181394Z ^[[36;1m# grace window, which would stop the alarm ever firing.^[[0m
sweep	Fetch the ledger from R2	2026-08-28T03:47:57.0181828Z ^[[36;1mif aws s3api head-object --bucket "$R2_BUCKET" --key "$STATE_KEY" \^[[0m
sweep	Fetch the ledger from R2	2026-08-28T03:47:57.0182266Z ^[[36;1m     --endpoint-url "$EP" > /dev/null 2>&1; then^[[0m
sweep	Fetch the ledger from R2	2026-08-28T03:47:57.0182692Z ^[[36;1m  echo "ledger exists in R2 — downloading (a failure here FAILS the run)"^[[0m
sweep	Fetch the ledger from R2	2026-08-28T03:47:57.0183243Z ^[[36;1m  aws s3 cp "s3://$***R2_BUCKET***/$***STATE_KEY***" "$***OUT_DIR***/state.json" \^[[0m
sweep	Fetch the ledger from R2	2026-08-28T03:47:57.0183652Z ^[[36;1m    --endpoint-url "$EP"^[[0m
sweep	Fetch the ledger from R2	2026-08-28T03:47:57.0184003Z ^[[36;1m  echo "bytes: $(stat -c %s "$***OUT_DIR***/state.json")"^[[0m
sweep	Fetch the ledger from R2	2026-08-28T03:47:57.0184350Z ^[[36;1melse^[[0m
sweep	Fetch the ledger from R2	2026-08-28T03:47:57.0184721Z ^[[36;1m  echo "::notice::no ledger at s3://$***R2_BUCKET***/$***STATE_KEY*** — this run is a FIRST RUN."^[[0m
sweep	Fetch the ledger from R2	2026-08-28T03:47:57.0185244Z ^[[36;1m  echo "Every grace window will be measured from the sitemap's own lastmod."^[[0m
sweep	Fetch the ledger from R2	2026-08-28T03:47:57.0185751Z ^[[36;1m  echo "If this notice appears on a day that is not the first, the ledger was lost."^[[0m
sweep	Fetch the ledger from R2	2026-08-28T03:47:57.0186137Z ^[[36;1mfi^[[0m
sweep	Fetch the ledger from R2	2026-08-28T03:47:57.0218706Z shell: /usr/bin/bash -e ***0***
sweep	Fetch the ledger from R2	2026-08-28T03:47:57.0219142Z env:
sweep	Fetch the ledger from R2	2026-08-28T03:47:57.0219396Z   R2_BUCKET: hellokahwin-assets
sweep	Fetch the ledger from R2	2026-08-28T03:47:57.0219696Z   STATE_KEY: indexing-monitor/state.json
sweep	Fetch the ledger from R2	2026-08-28T03:47:57.0220127Z   OUT_DIR: .tmp-indexing-monitor
sweep	Fetch the ledger from R2	2026-08-28T03:47:57.0220449Z   PNPM_HOME: /home/runner/setup-pnpm/node_modules/.bin
sweep	Fetch the ledger from R2	2026-08-28T03:47:57.0220833Z   AWS_ACCESS_KEY_ID: ***
sweep	Fetch the ledger from R2	2026-08-28T03:47:57.0221223Z   AWS_SECRET_ACCESS_KEY: ***
sweep	Fetch the ledger from R2	2026-08-28T03:47:57.0221497Z   AWS_DEFAULT_REGION: auto
sweep	Fetch the ledger from R2	2026-08-28T03:47:57.0221789Z   R2_ACCOUNT_ID: ***
sweep	Fetch the ledger from R2	2026-08-28T03:47:57.0222033Z ##[endgroup]
sweep	Fetch the ledger from R2	2026-08-28T03:48:00.8500792Z ledger exists in R2 — downloading (a failure here FAILS the run)
sweep	Fetch the ledger from R2	2026-08-28T03:48:02.3229519Z Completed 34.3 KiB/34.3 KiB (53.5 KiB/s) with 1 file(s) remaining
sweep	Fetch the ledger from R2	2026-08-28T03:48:02.3230548Z download: s3://hellokahwin-assets/indexing-monitor/state.json to .tmp-indexing-monitor/state.json
sweep	Fetch the ledger from R2	2026-08-28T03:48:02.4058342Z bytes: 35141
sweep	Sweep every sitemap URL through Google	﻿2026-08-28T03:48:02.4103311Z ##[group]Run set -euo pipefail
sweep	Sweep every sitemap URL through Google	2026-08-28T03:48:02.4103661Z ^[[36;1mset -euo pipefail^[[0m
sweep	Sweep every sitemap URL through Google	2026-08-28T03:48:02.4103937Z ^[[36;1margs=(--out "$OUT_DIR")^[[0m
sweep	Sweep every sitemap URL through Google	2026-08-28T03:48:02.4104269Z ^[[36;1mif [ -n "$***PROBE_URL:-***" ]; then^[[0m
sweep	Sweep every sitemap URL through Google	2026-08-28T03:48:02.4104692Z ^[[36;1m  echo "::warning::probe URL injected on purpose: $***PROBE_URL***"^[[0m
sweep	Sweep every sitemap URL through Google	2026-08-28T03:48:02.4105093Z ^[[36;1m  args+=(--probe-url "$PROBE_URL")^[[0m
sweep	Sweep every sitemap URL through Google	2026-08-28T03:48:02.4105393Z ^[[36;1mfi^[[0m
sweep	Sweep every sitemap URL through Google	2026-08-28T03:48:02.4105687Z ^[[36;1mpnpm --silent monitor:indexing "$***args[@]***"^[[0m
sweep	Sweep every sitemap URL through Google	2026-08-28T03:48:02.4137493Z shell: /usr/bin/bash -e ***0***
sweep	Sweep every sitemap URL through Google	2026-08-28T03:48:02.4137784Z env:
sweep	Sweep every sitemap URL through Google	2026-08-28T03:48:02.4138034Z   R2_BUCKET: hellokahwin-assets
sweep	Sweep every sitemap URL through Google	2026-08-28T03:48:02.4138338Z   STATE_KEY: indexing-monitor/state.json
sweep	Sweep every sitemap URL through Google	2026-08-28T03:48:02.4138651Z   OUT_DIR: .tmp-indexing-monitor
sweep	Sweep every sitemap URL through Google	2026-08-28T03:48:02.4138982Z   PNPM_HOME: /home/runner/setup-pnpm/node_modules/.bin
sweep	Sweep every sitemap URL through Google	2026-08-28T03:48:02.4139474Z   R2_ENDPOINT: https://***.r2.cloudflarestorage.com
sweep	Sweep every sitemap URL through Google	2026-08-28T03:48:02.4146814Z   GSC_SERVICE_ACCOUNT_JSON: ***
sweep	Sweep every sitemap URL through Google	2026-08-28T03:48:02.4147252Z   MONITOR_RUN_URL: https://github.com/ianngkb/hellokahwin/actions/runs/33139930483
sweep	Sweep every sitemap URL through Google	2026-08-28T03:48:02.4147660Z   PROBE_URL: 
sweep	Sweep every sitemap URL through Google	2026-08-28T03:48:02.4147903Z ##[endgroup]
sweep	Sweep every sitemap URL through Google	2026-08-28T03:48:02.8445625Z Indexing monitor
sweep	Sweep every sitemap URL through Google	2026-08-28T03:48:02.8447369Z   property   : https://hellokahwin.com/
sweep	Sweep every sitemap URL through Google	2026-08-28T03:48:02.8448190Z   sitemap    : https://hellokahwin.com/sitemap.xml
sweep	Sweep every sitemap URL through Google	2026-08-28T03:48:02.8448986Z   state      : .tmp-indexing-monitor/state.json
sweep	Sweep every sitemap URL through Google	2026-08-28T03:48:02.8449700Z   out        : .tmp-indexing-monitor
sweep	Sweep every sitemap URL through Google	2026-08-28T03:48:02.8450582Z   grace      : 72h
sweep	Sweep every sitemap URL through Google	2026-08-28T03:48:02.8453427Z   ledger     : loaded 103 URLs from .tmp-indexing-monitor/state.json
sweep	Sweep every sitemap URL through Google	2026-08-28T03:48:03.1223839Z 
sweep	Sweep every sitemap URL through Google	2026-08-28T03:48:03.1224430Z 103 URLs in the live sitemap.
sweep	Sweep every sitemap URL through Google	2026-08-28T03:48:03.1871278Z 
sweep	Sweep every sitemap URL through Google	2026-08-28T03:48:03.1872477Z Inspecting…
sweep	Sweep every sitemap URL through Google	2026-08-28T03:48:09.4560342Z   [  1/103] https://hellokahwin.com/artikel/idea-dan-nasihat
sweep	Sweep every sitemap URL through Google	2026-08-28T03:48:09.4560818Z         Submitted and indexed
sweep	Sweep every sitemap URL through Google	2026-08-28T03:48:09.5052543Z   [  2/103] https://hellokahwin.com
sweep	Sweep every sitemap URL through Google	2026-08-28T03:48:09.5052966Z         Submitted and indexed
sweep	Sweep every sitemap URL through Google	2026-08-28T03:48:09.6226775Z   [  3/103] https://hellokahwin.com/artikel/hiasan-dekorasi
sweep	Sweep every sitemap URL through Google	2026-08-28T03:48:09.6229430Z         Excluded by ‘noindex’ tag
sweep	Sweep every sitemap URL through Google	2026-08-28T03:48:09.6530902Z   [  4/103] https://hellokahwin.com/artikel
sweep	Sweep every sitemap URL through Google	2026-08-28T03:48:09.6531295Z         Submitted and indexed
sweep	Sweep every sitemap URL through Google	2026-08-28T03:48:15.6992623Z   [  5/103] https://hellokahwin.com/artikel/real-wedding
sweep	Sweep every sitemap URL through Google	2026-08-28T03:48:15.6993225Z         Submitted and indexed
sweep	Sweep every sitemap URL through Google	2026-08-28T03:48:15.7501458Z   [  6/103] https://hellokahwin.com/artikel/moden-kontemporari
sweep	Sweep every sitemap URL through Google	2026-08-28T03:48:15.7502160Z         Excluded by ‘noindex’ tag
sweep	Sweep every sitemap URL through Google	2026-08-28T03:48:16.0981316Z   [  7/103] https://hellokahwin.com/artikel/pantai-santai
sweep	Sweep every sitemap URL through Google	2026-08-28T03:48:16.0982420Z         Excluded by ‘noindex’ tag
sweep	Sweep every sitemap URL through Google	2026-08-28T03:48:16.1193977Z   [  8/103] https://hellokahwin.com/artikel/glamor-eksklusif
sweep	Sweep every sitemap URL through Google	2026-08-28T03:48:16.1195366Z         Excluded by ‘noindex’ tag
sweep	Sweep every sitemap URL through Google	2026-08-28T03:48:21.8927511Z   [  9/103] https://hellokahwin.com/artikel/fotografi-videografi
sweep	Sweep every sitemap URL through Google	2026-08-28T03:48:21.8928668Z         Excluded by ‘noindex’ tag
sweep	Sweep every sitemap URL through Google	2026-08-28T03:48:21.9698254Z   [ 10/103] https://hellokahwin.com/artikel/minimalis-mewah
sweep	Sweep every sitemap URL through Google	2026-08-28T03:48:21.9698937Z         Excluded by ‘noindex’ tag
sweep	Sweep every sitemap URL through Google	2026-08-28T03:48:22.2342148Z   [ 11/103] https://hellokahwin.com/artikel/nikah-undang-undang
sweep	Sweep every sitemap URL through Google	2026-08-28T03:48:22.2342614Z         Submitted and indexed
sweep	Sweep every sitemap URL through Google	2026-08-28T03:48:22.7711392Z   [ 12/103] https://hellokahwin.com/artikel/hantaran-mas-kahwin
sweep	Sweep every sitemap URL through Google	2026-08-28T03:48:22.7711873Z         Submitted and indexed
sweep	Sweep every sitemap URL through Google	2026-08-28T03:48:28.2523628Z   [ 13/103] https://hellokahwin.com/artikel/ucapan-doa
sweep	Sweep every sitemap URL through Google	2026-08-28T03:48:28.2524243Z         Submitted and indexed
sweep	Sweep every sitemap URL through Google	2026-08-28T03:48:28.3966318Z   [ 14/103] https://hellokahwin.com/artikel/busana-pengantin
sweep	Sweep every sitemap URL through Google	2026-08-28T03:48:28.3966763Z         Submitted and indexed
sweep	Sweep every sitemap URL through Google	2026-08-28T03:48:28.5194822Z   [ 15/103] https://hellokahwin.com/artikel/pelamin-kad-cenderahati
sweep	Sweep every sitemap URL through Google	2026-08-28T03:48:28.5195359Z         Submitted and indexed
sweep	Sweep every sitemap URL through Google	2026-08-28T03:48:28.9793768Z   [ 16/103] https://hellokahwin.com/artikel/venue-perancangan
sweep	Sweep every sitemap URL through Google	2026-08-28T03:48:28.9794413Z         Submitted and indexed
sweep	Sweep every sitemap URL through Google	2026-08-28T03:48:34.6475082Z   [ 17/103] https://hellokahwin.com/artikel/sebelum-nikah
sweep	Sweep every sitemap URL through Google	2026-08-28T03:48:34.6475543Z         Submitted and indexed
sweep	Sweep every sitemap URL through Google	2026-08-28T03:48:34.6735461Z   [ 18/103] https://hellokahwin.com/artikel/hantaran-mas-kahwin/hantaran-tunang
sweep	Sweep every sitemap URL through Google	2026-08-28T03:48:34.6735925Z         Submitted and indexed
sweep	Sweep every sitemap URL through Google	2026-08-28T03:48:34.7883780Z   [ 19/103] https://hellokahwin.com/artikel/busana-pengantin/baju-pengantin-sewa-atau-beli
sweep	Sweep every sitemap URL through Google	2026-08-28T03:48:34.7884315Z         Submitted and indexed
sweep	Sweep every sitemap URL through Google	2026-08-28T03:48:35.5393691Z   [ 20/103] https://hellokahwin.com/artikel/glamor-eksklusif/amankila-bali
sweep	Sweep every sitemap URL through Google	2026-08-28T03:48:35.5394181Z         Submitted and indexed
sweep	Sweep every sitemap URL through Google	2026-08-28T03:48:40.9234642Z   [ 21/103] https://hellokahwin.com/artikel/hantaran-mas-kahwin/mas-kahwin-sabah-sarawak
sweep	Sweep every sitemap URL through Google	2026-08-28T03:48:40.9235180Z         Submitted and indexed
sweep	Sweep every sitemap URL through Google	2026-08-28T03:48:40.9260476Z   [ 22/103] https://hellokahwin.com/artikel/glamor-eksklusif/grand-hyatt-kuala-lumpur
sweep	Sweep every sitemap URL through Google	2026-08-28T03:48:40.9260970Z         Submitted and indexed
sweep	Sweep every sitemap URL through Google	2026-08-28T03:48:40.9639380Z   [ 23/103] https://hellokahwin.com/artikel/venue-perancangan/checklist-kahwin
sweep	Sweep every sitemap URL through Google	2026-08-28T03:48:40.9639859Z         Submitted and indexed
sweep	Sweep every sitemap URL through Google	2026-08-28T03:48:41.9748005Z   [ 24/103] https://hellokahwin.com/artikel/venue-perancangan/pakej-dewan-kahwin
sweep	Sweep every sitemap URL through Google	2026-08-28T03:48:41.9748537Z         Submitted and indexed
sweep	Sweep every sitemap URL through Google	2026-08-28T03:48:47.1169803Z   [ 25/103] https://hellokahwin.com/artikel/hantaran-mas-kahwin/mas-kahwin-pahang-negeri-sembilan
sweep	Sweep every sitemap URL through Google	2026-08-28T03:48:47.1170520Z         Submitted and indexed
sweep	Sweep every sitemap URL through Google	2026-08-28T03:48:47.1428500Z   [ 26/103] https://hellokahwin.com/artikel/ucapan-doa/ucapan-pengantin-baru
sweep	Sweep every sitemap URL through Google	2026-08-28T03:48:47.1428955Z         Submitted and indexed
sweep	Sweep every sitemap URL through Google	2026-08-28T03:48:47.4512715Z   [ 27/103] https://hellokahwin.com/artikel/real-wedding/villa-warisan
sweep	Sweep every sitemap URL through Google	2026-08-28T03:48:47.4513371Z         Submitted and indexed
sweep	Sweep every sitemap URL through Google	2026-08-28T03:48:48.4110522Z   [ 28/103] https://hellokahwin.com/artikel/moden-kontemporari/marriott-putrajaya
sweep	Sweep every sitemap URL through Google	2026-08-28T03:48:48.4111290Z         Submitted and indexed
sweep	Sweep every sitemap URL through Google	2026-08-28T03:48:53.3022733Z   [ 29/103] https://hellokahwin.com/artikel/idea-dan-nasihat/cara-buat-kad-kahwin-digital
sweep	Sweep every sitemap URL through Google	2026-08-28T03:48:53.3023272Z         Submitted and indexed
sweep	Sweep every sitemap URL through Google	2026-08-28T03:48:53.3574309Z   [ 30/103] https://hellokahwin.com/artikel/ucapan-doa/doa-majlis-perkahwinan
sweep	Sweep every sitemap URL through Google	2026-08-28T03:48:53.3574795Z         Submitted and indexed
sweep	Sweep every sitemap URL through Google	2026-08-28T03:48:53.8365309Z   [ 31/103] https://hellokahwin.com/artikel/venue-perancangan/harga-sewa-dewan-kahwin
sweep	Sweep every sitemap URL through Google	2026-08-28T03:48:53.8365828Z         Submitted and indexed
sweep	Sweep every sitemap URL through Google	2026-08-28T03:48:54.7302688Z   [ 32/103] https://hellokahwin.com/artikel/real-wedding/cheong-fatt-tze-mansion
sweep	Sweep every sitemap URL through Google	2026-08-28T03:48:54.7303374Z         Submitted and indexed
sweep	Sweep every sitemap URL through Google	2026-08-28T03:48:59.4783652Z   [ 33/103] https://hellokahwin.com/artikel/real-wedding/sentosa-janda-baik
sweep	Sweep every sitemap URL through Google	2026-08-28T03:48:59.4784341Z         Submitted and indexed
sweep	Sweep every sitemap URL through Google	2026-08-28T03:48:59.5297500Z   [ 34/103] https://hellokahwin.com/artikel/idea-dan-nasihat/pelamin-kahwin-dewan
sweep	Sweep every sitemap URL through Google	2026-08-28T03:48:59.5298694Z         Submitted and indexed
sweep	Sweep every sitemap URL through Google	2026-08-28T03:49:00.0031162Z   [ 35/103] https://hellokahwin.com/artikel/hantaran-mas-kahwin/hantaran-kahwin-5-balas-7
sweep	Sweep every sitemap URL through Google	2026-08-28T03:49:00.0031830Z         Submitted and indexed
sweep	Sweep every sitemap URL through Google	2026-08-28T03:49:00.9527052Z   [ 36/103] https://hellokahwin.com/artikel/hantaran-mas-kahwin/nisbah-hantaran
sweep	Sweep every sitemap URL through Google	2026-08-28T03:49:00.9527558Z         Submitted and indexed
sweep	Sweep every sitemap URL through Google	2026-08-28T03:49:05.6779664Z   [ 37/103] https://hellokahwin.com/artikel/hantaran-mas-kahwin/hantaran-tunang-3-balas-5
sweep	Sweep every sitemap URL through Google	2026-08-28T03:49:05.6780318Z         Submitted and indexed
sweep	Sweep every sitemap URL through Google	2026-08-28T03:49:05.6819555Z   [ 38/103] https://hellokahwin.com/artikel/busana-pengantin/inai-tangan-pengantin
sweep	Sweep every sitemap URL through Google	2026-08-28T03:49:05.6822445Z         Submitted and indexed
sweep	Sweep every sitemap URL through Google	2026-08-28T03:49:06.2362286Z   [ 39/103] https://hellokahwin.com/artikel/minimalis-mewah/the-danna-langkawi
sweep	Sweep every sitemap URL through Google	2026-08-28T03:49:06.2362981Z         Submitted and indexed
sweep	Sweep every sitemap URL through Google	2026-08-28T03:49:07.3837001Z   [ 40/103] https://hellokahwin.com/artikel/hantaran-mas-kahwin/barang-hantaran-perempuan
sweep	Sweep every sitemap URL through Google	2026-08-28T03:49:07.3837559Z         Submitted and indexed
sweep	Sweep every sitemap URL through Google	2026-08-28T03:49:11.8304944Z   [ 41/103] https://hellokahwin.com/artikel/hantaran-mas-kahwin/hantaran-tunang-untuk-lelaki
sweep	Sweep every sitemap URL through Google	2026-08-28T03:49:11.8305472Z         Submitted and indexed
sweep	Sweep every sitemap URL through Google	2026-08-28T03:49:12.0337590Z   [ 42/103] https://hellokahwin.com/artikel/hantaran-mas-kahwin/bilangan-dulang-hantaran-ganjil
sweep	Sweep every sitemap URL through Google	2026-08-28T03:49:12.4969754Z         Discovered - currently not indexed
sweep	Sweep every sitemap URL through Google	2026-08-28T03:49:12.4970539Z   [ 43/103] https://hellokahwin.com/artikel/hantaran-mas-kahwin/cara-tetapkan-duit-hantaran
sweep	Sweep every sitemap URL through Google	2026-08-28T03:49:12.4970988Z         Submitted and indexed
sweep	Sweep every sitemap URL through Google	2026-08-28T03:49:13.6763834Z   [ 44/103] https://hellokahwin.com/artikel/hantaran-mas-kahwin/duit-hantaran-kahwin
sweep	Sweep every sitemap URL through Google	2026-08-28T03:49:13.6764365Z         Submitted and indexed
sweep	Sweep every sitemap URL through Google	2026-08-28T03:49:18.0779675Z   [ 45/103] https://hellokahwin.com/artikel/sebelum-nikah/doa-majlis-pertunangan
sweep	Sweep every sitemap URL through Google	2026-08-28T03:49:18.0780370Z         Submitted and indexed
sweep	Sweep every sitemap URL through Google	2026-08-28T03:49:18.2614384Z   [ 46/103] https://hellokahwin.com/artikel/idea-dan-nasihat/dewan-kahwin
sweep	Sweep every sitemap URL through Google	2026-08-28T03:49:18.2615049Z         Submitted and indexed
sweep	Sweep every sitemap URL through Google	2026-08-28T03:49:18.6923979Z   [ 47/103] https://hellokahwin.com/artikel/real-wedding/perkahwinan-di-ruma-hotel-kuala-lumpur-dengan-sentuhan-warisan-peranakan
sweep	Sweep every sitemap URL through Google	2026-08-28T03:49:18.6924941Z         Submitted and indexed
sweep	Sweep every sitemap URL through Google	2026-08-28T03:49:20.0458372Z   [ 48/103] https://hellokahwin.com/artikel/idea-dan-nasihat/tempat-honeymoon-di-malaysia
sweep	Sweep every sitemap URL through Google	2026-08-28T03:49:20.0458897Z         Submitted and indexed
sweep	Sweep every sitemap URL through Google	2026-08-28T03:49:24.3091618Z   [ 49/103] https://hellokahwin.com/artikel/moden-kontemporari/jw-marriott-kuala-lumpur
sweep	Sweep every sitemap URL through Google	2026-08-28T03:49:24.3092359Z         Submitted and indexed
sweep	Sweep every sitemap URL through Google	2026-08-28T03:49:24.5752407Z   [ 50/103] https://hellokahwin.com/artikel/moden-kontemporari/perkahwinan-romantis-di-jen-shangri-la-puteri-harbour
sweep	Sweep every sitemap URL through Google	2026-08-28T03:49:24.5753022Z         Submitted and indexed
sweep	Sweep every sitemap URL through Google	2026-08-28T03:49:24.9106770Z   [ 51/103] https://hellokahwin.com/artikel/hantaran-mas-kahwin/hantaran-coklat
sweep	Sweep every sitemap URL through Google	2026-08-28T03:49:24.9107523Z         Submitted and indexed
sweep	Sweep every sitemap URL through Google	2026-08-28T03:49:26.2534513Z   [ 52/103] https://hellokahwin.com/artikel/hantaran-mas-kahwin/gubahan-hantaran-simple
sweep	Sweep every sitemap URL through Google	2026-08-28T03:49:26.2535266Z         Submitted and indexed
sweep	Sweep every sitemap URL through Google	2026-08-28T03:49:30.7102558Z   [ 53/103] https://hellokahwin.com/artikel/hantaran-mas-kahwin/hantaran-tunang-simple
sweep	Sweep every sitemap URL through Google	2026-08-28T03:49:30.7103326Z         Discovered - currently not indexed
sweep	Sweep every sitemap URL through Google	2026-08-28T03:49:30.7921702Z   [ 54/103] https://hellokahwin.com/artikel/hantaran-mas-kahwin/hantaran-tema-warna
sweep	Sweep every sitemap URL through Google	2026-08-28T03:49:30.7922388Z         Submitted and indexed
sweep	Sweep every sitemap URL through Google	2026-08-28T03:49:31.1743983Z   [ 55/103] https://hellokahwin.com/artikel/nikah-undang-undang/lafaz-taklik
sweep	Sweep every sitemap URL through Google	2026-08-28T03:49:31.1745900Z         Submitted and indexed
sweep	Sweep every sitemap URL through Google	2026-08-28T03:49:32.9104945Z   [ 56/103] https://hellokahwin.com/artikel/hantaran-mas-kahwin/hantaran-tempah-atau-buat-sendiri
sweep	Sweep every sitemap URL through Google	2026-08-28T03:49:32.9105706Z         Submitted and indexed
sweep	Sweep every sitemap URL through Google	2026-08-28T03:49:36.8776646Z   [ 57/103] https://hellokahwin.com/artikel/hantaran-mas-kahwin/hidden-hantaran
sweep	Sweep every sitemap URL through Google	2026-08-28T03:49:36.8777847Z         Submitted and indexed
sweep	Sweep every sitemap URL through Google	2026-08-28T03:49:37.3774974Z   [ 58/103] https://hellokahwin.com/artikel/hantaran-mas-kahwin/gubahan-hantaran
sweep	Sweep every sitemap URL through Google	2026-08-28T03:49:37.3775674Z         Submitted and indexed
sweep	Sweep every sitemap URL through Google	2026-08-28T03:49:37.5150533Z   [ 59/103] https://hellokahwin.com/artikel/hantaran-mas-kahwin/mas-kahwin-ikut-negeri
sweep	Sweep every sitemap URL through Google	2026-08-28T03:49:37.5151245Z         Submitted and indexed
sweep	Sweep every sitemap URL through Google	2026-08-28T03:49:39.1811671Z   [ 60/103] https://hellokahwin.com/artikel/hantaran-mas-kahwin/mas-kahwin-perak
sweep	Sweep every sitemap URL through Google	2026-08-28T03:49:39.1812347Z         Submitted and indexed
sweep	Sweep every sitemap URL through Google	2026-08-28T03:49:43.2261184Z   [ 61/103] https://hellokahwin.com/artikel/idea-dan-nasihat/majlis-kahwin
sweep	Sweep every sitemap URL through Google	2026-08-28T03:49:43.2261833Z         Submitted and indexed
sweep	Sweep every sitemap URL through Google	2026-08-28T03:49:43.5341253Z   [ 62/103] https://hellokahwin.com/artikel/busana-pengantin/songket-tenunan-tangan-atau-cetak
sweep	Sweep every sitemap URL through Google	2026-08-28T03:49:43.5341996Z         Submitted and indexed
sweep	Sweep every sitemap URL through Google	2026-08-28T03:49:43.7680913Z   [ 63/103] https://hellokahwin.com/artikel/pelamin-kad-cenderahati/pelamin
sweep	Sweep every sitemap URL through Google	2026-08-28T03:49:43.7681628Z         Submitted and indexed
sweep	Sweep every sitemap URL through Google	2026-08-28T03:49:45.3313763Z   [ 64/103] https://hellokahwin.com/artikel/idea-dan-nasihat/hadiah-untuk-pengantin
sweep	Sweep every sitemap URL through Google	2026-08-28T03:49:45.3314517Z         Discovered - currently not indexed
sweep	Sweep every sitemap URL through Google	2026-08-28T03:49:49.3888344Z   [ 65/103] https://hellokahwin.com/artikel/sebelum-nikah/taaruf-maksud
sweep	Sweep every sitemap URL through Google	2026-08-28T03:49:49.3889002Z         Submitted and indexed
sweep	Sweep every sitemap URL through Google	2026-08-28T03:49:49.6860900Z   [ 66/103] https://hellokahwin.com/artikel/hantaran-mas-kahwin/mas-kahwin-melebihi-kadar-minimum
sweep	Sweep every sitemap URL through Google	2026-08-28T03:49:49.6861643Z         Submitted and indexed
sweep	Sweep every sitemap URL through Google	2026-08-28T03:49:49.9598737Z   [ 67/103] https://hellokahwin.com/artikel/hantaran-mas-kahwin/mas-kahwin-johor
sweep	Sweep every sitemap URL through Google	2026-08-28T03:49:49.9599406Z         Submitted and indexed
sweep	Sweep every sitemap URL through Google	2026-08-28T03:49:51.6754436Z   [ 68/103] https://hellokahwin.com/artikel/nikah-undang-undang/syarat-sah-nikah
sweep	Sweep every sitemap URL through Google	2026-08-28T03:49:51.6755122Z         Submitted and indexed
sweep	Sweep every sitemap URL through Google	2026-08-28T03:49:55.6007866Z   [ 69/103] https://hellokahwin.com/artikel/ucapan-doa/walimatul-urus
sweep	Sweep every sitemap URL through Google	2026-08-28T03:49:55.6008385Z         Submitted and indexed
sweep	Sweep every sitemap URL through Google	2026-08-28T03:49:55.8407256Z   [ 70/103] https://hellokahwin.com/artikel/hantaran-mas-kahwin/dulang-hantaran
sweep	Sweep every sitemap URL through Google	2026-08-28T03:49:55.8407944Z         Submitted and indexed
sweep	Sweep every sitemap URL through Google	2026-08-28T03:49:56.1543731Z   [ 71/103] https://hellokahwin.com/artikel/hantaran-mas-kahwin/hantaran-untuk-lelaki
sweep	Sweep every sitemap URL through Google	2026-08-28T03:49:56.1544411Z         Submitted and indexed
sweep	Sweep every sitemap URL through Google	2026-08-28T03:49:57.9004067Z   [ 72/103] https://hellokahwin.com/artikel/hantaran-mas-kahwin/hantaran-kahwin-bajet
sweep	Sweep every sitemap URL through Google	2026-08-28T03:49:57.9004783Z         Submitted and indexed
sweep	Sweep every sitemap URL through Google	2026-08-28T03:50:01.9832713Z   [ 73/103] https://hellokahwin.com/artikel/ucapan-doa/skrip-pengacara-majlis-perkahwinan
sweep	Sweep every sitemap URL through Google	2026-08-28T03:50:01.9833455Z         Submitted and indexed
sweep	Sweep every sitemap URL through Google	2026-08-28T03:50:02.0378688Z   [ 74/103] https://hellokahwin.com/artikel/hantaran-mas-kahwin/barang-hantaran-berguna
sweep	Sweep every sitemap URL through Google	2026-08-28T03:50:02.0379400Z         Submitted and indexed
sweep	Sweep every sitemap URL through Google	2026-08-28T03:50:02.5543356Z   [ 75/103] https://hellokahwin.com/artikel/hantaran-mas-kahwin/adat-hantaran-ikut-keluarga
sweep	Sweep every sitemap URL through Google	2026-08-28T03:50:02.5544130Z         Submitted and indexed
sweep	Sweep every sitemap URL through Google	2026-08-28T03:50:04.1394910Z   [ 76/103] https://hellokahwin.com/artikel/hantaran-mas-kahwin/berapa-dulang-hantaran-tunang
sweep	Sweep every sitemap URL through Google	2026-08-28T03:50:04.1395720Z         Discovered - currently not indexed
sweep	Sweep every sitemap URL through Google	2026-08-28T03:50:08.1778789Z   [ 77/103] https://hellokahwin.com/artikel/hantaran-mas-kahwin/tempat-beli-hantaran
sweep	Sweep every sitemap URL through Google	2026-08-28T03:50:08.1779481Z         Submitted and indexed
sweep	Sweep every sitemap URL through Google	2026-08-28T03:50:08.2788021Z   [ 78/103] https://hellokahwin.com/artikel/hantaran-mas-kahwin/hantaran-tunang-untuk-perempuan
sweep	Sweep every sitemap URL through Google	2026-08-28T03:50:08.2788748Z         Submitted and indexed
sweep	Sweep every sitemap URL through Google	2026-08-28T03:50:08.7701052Z   [ 79/103] https://hellokahwin.com/artikel/hantaran-mas-kahwin/persiapan-hantaran-kahwin
sweep	Sweep every sitemap URL through Google	2026-08-28T03:50:08.7701759Z         Submitted and indexed
sweep	Sweep every sitemap URL through Google	2026-08-28T03:50:10.3596458Z   [ 80/103] https://hellokahwin.com/artikel/hantaran-mas-kahwin/barang-hantaran-tunang
sweep	Sweep every sitemap URL through Google	2026-08-28T03:50:10.3597004Z         Submitted and indexed
sweep	Sweep every sitemap URL through Google	2026-08-28T03:50:14.3995793Z   [ 81/103] https://hellokahwin.com/artikel/hantaran-mas-kahwin/hantaran-wajib-atau-adat
sweep	Sweep every sitemap URL through Google	2026-08-28T03:50:14.3996504Z         Submitted and indexed
sweep	Sweep every sitemap URL through Google	2026-08-28T03:50:14.4844298Z   [ 82/103] https://hellokahwin.com/artikel/hantaran-mas-kahwin/adat-hantaran-berbeza-negeri
sweep	Sweep every sitemap URL through Google	2026-08-28T03:50:14.4845144Z         Submitted and indexed
sweep	Sweep every sitemap URL through Google	2026-08-28T03:50:14.9868182Z   [ 83/103] https://hellokahwin.com/artikel/hantaran-mas-kahwin/sirih-junjung
sweep	Sweep every sitemap URL through Google	2026-08-28T03:50:14.9868700Z         Submitted and indexed
sweep	Sweep every sitemap URL through Google	2026-08-28T03:50:16.5705741Z   [ 84/103] https://hellokahwin.com/artikel/pelamin-kad-cenderahati/bunga-telur
sweep	Sweep every sitemap URL through Google	2026-08-28T03:50:16.5706638Z         Submitted and indexed
sweep	Sweep every sitemap URL through Google	2026-08-28T03:50:20.6782732Z   [ 85/103] https://hellokahwin.com/artikel/pelamin-kad-cenderahati/contoh-kad-jemputan-kahwin
sweep	Sweep every sitemap URL through Google	2026-08-28T03:50:20.6783284Z         Submitted and indexed
sweep	Sweep every sitemap URL through Google	2026-08-28T03:50:20.7146986Z   [ 86/103] https://hellokahwin.com/artikel/sebelum-nikah/cincin-tunang
sweep	Sweep every sitemap URL through Google	2026-08-28T03:50:20.7147935Z         Submitted and indexed
sweep	Sweep every sitemap URL through Google	2026-08-28T03:50:21.1963141Z   [ 87/103] https://hellokahwin.com/artikel/ucapan-doa/doa-pengantin-baru
sweep	Sweep every sitemap URL through Google	2026-08-28T03:50:21.1963789Z         Submitted and indexed
sweep	Sweep every sitemap URL through Google	2026-08-28T03:50:22.8544342Z   [ 88/103] https://hellokahwin.com/artikel/venue-perancangan/bajet-kahwin
sweep	Sweep every sitemap URL through Google	2026-08-28T03:50:22.8545051Z         Submitted and indexed
sweep	Sweep every sitemap URL through Google	2026-08-28T03:50:26.8848643Z   [ 89/103] https://hellokahwin.com/artikel/nikah-undang-undang/rukun-nikah
sweep	Sweep every sitemap URL through Google	2026-08-28T03:50:26.8849136Z         Submitted and indexed
sweep	Sweep every sitemap URL through Google	2026-08-28T03:50:27.2048577Z   [ 90/103] https://hellokahwin.com/artikel/nikah-undang-undang/borang-nikah
sweep	Sweep every sitemap URL through Google	2026-08-28T03:50:27.2049058Z         Submitted and indexed
sweep	Sweep every sitemap URL through Google	2026-08-28T03:50:27.4555285Z   [ 91/103] https://hellokahwin.com/artikel/hantaran-mas-kahwin/apa-itu-mas-kahwin
sweep	Sweep every sitemap URL through Google	2026-08-28T03:50:27.4555796Z         Submitted and indexed
sweep	Sweep every sitemap URL through Google	2026-08-28T03:50:29.0866809Z   [ 92/103] https://hellokahwin.com/artikel/hantaran-mas-kahwin/mas-kahwin-kelantan-terengganu
sweep	Sweep every sitemap URL through Google	2026-08-28T03:50:29.0867589Z         Submitted and indexed
sweep	Sweep every sitemap URL through Google	2026-08-28T03:50:33.2518089Z   [ 93/103] https://hellokahwin.com/artikel/idea-dan-nasihat/wedding-planner-terbaik-di-malaysia
sweep	Sweep every sitemap URL through Google	2026-08-28T03:50:33.2518649Z         Submitted and indexed
sweep	Sweep every sitemap URL through Google	2026-08-28T03:50:33.6511163Z   [ 94/103] https://hellokahwin.com/artikel/hiasan-dekorasi/goodies-kahwin
sweep	Sweep every sitemap URL through Google	2026-08-28T03:50:33.6511659Z         Submitted and indexed
sweep	Sweep every sitemap URL through Google	2026-08-28T03:50:33.9251878Z   [ 95/103] https://hellokahwin.com/artikel/real-wedding/perkahwinan-taman-kebun-yang-minimalis-di-hulu-langat
sweep	Sweep every sitemap URL through Google	2026-08-28T03:50:33.9252480Z         Submitted and indexed
sweep	Sweep every sitemap URL through Google	2026-08-28T03:50:35.5957116Z   [ 96/103] https://hellokahwin.com/artikel/pantai-santai/perkahwinan-indah-di-laman-fajar-menyinsing-port-dickson
sweep	Sweep every sitemap URL through Google	2026-08-28T03:50:35.5957737Z         Submitted and indexed
sweep	Sweep every sitemap URL through Google	2026-08-28T03:50:39.6666521Z   [ 97/103] https://hellokahwin.com/artikel/real-wedding/yasaka-shrine
sweep	Sweep every sitemap URL through Google	2026-08-28T03:50:39.6667135Z         Submitted and indexed
sweep	Sweep every sitemap URL through Google	2026-08-28T03:50:40.1434682Z   [ 98/103] https://hellokahwin.com/artikel/fotografi-videografi/lokasi-pre-wedding-photoshoot-terbaik
sweep	Sweep every sitemap URL through Google	2026-08-28T03:50:40.1435595Z         URL is unknown to Google
sweep	Sweep every sitemap URL through Google	2026-08-28T03:50:40.2635554Z   [ 99/103] https://hellokahwin.com/artikel/idea-dan-nasihat/kursus-kahwin
sweep	Sweep every sitemap URL through Google	2026-08-28T03:50:40.2636207Z         Submitted and indexed
sweep	Sweep every sitemap URL through Google	2026-08-28T03:50:42.1257278Z   [100/103] https://hellokahwin.com/artikel/hantaran-mas-kahwin/hantaran-kahwin
sweep	Sweep every sitemap URL through Google	2026-08-28T03:50:42.1257794Z         Submitted and indexed
sweep	Sweep every sitemap URL through Google	2026-08-28T03:50:46.1332173Z   [101/103] https://hellokahwin.com/artikel/idea-dan-nasihat/sewa-dewan-kahwin
sweep	Sweep every sitemap URL through Google	2026-08-28T03:50:46.1332680Z         Submitted and indexed
sweep	Sweep every sitemap URL through Google	2026-08-28T03:50:46.4450847Z   [102/103] https://hellokahwin.com/artikel/moden-kontemporari/sime-darby-convention-centre
sweep	Sweep every sitemap URL through Google	2026-08-28T03:50:46.4451389Z         Submitted and indexed
sweep	Sweep every sitemap URL through Google	2026-08-28T03:50:46.5232384Z   [103/103] https://hellokahwin.com/artikel/idea-dan-nasihat/garden-wedding
sweep	Sweep every sitemap URL through Google	2026-08-28T03:50:46.5232862Z         Submitted and indexed
sweep	Sweep every sitemap URL through Google	2026-08-28T03:50:46.5259453Z 
sweep	Sweep every sitemap URL through Google	2026-08-28T03:50:46.5260312Z ### Indexing monitor — 103 sitemap URLs swept
sweep	Sweep every sitemap URL through Google	2026-08-28T03:50:46.5260922Z 
sweep	Sweep every sitemap URL through Google	2026-08-28T03:50:46.5261085Z | bucket | count |
sweep	Sweep every sitemap URL through Google	2026-08-28T03:50:46.5261413Z | --- | --- |
sweep	Sweep every sitemap URL through Google	2026-08-28T03:50:46.5261918Z | alarming (>72h) | 4 |
sweep	Sweep every sitemap URL through Google	2026-08-28T03:50:46.5263146Z | watching (inside 72h) | 7 |
sweep	Sweep every sitemap URL through Google	2026-08-28T03:50:46.5263808Z | not answered by Google | 0 |
sweep	Sweep every sitemap URL through Google	2026-08-28T03:50:46.5264119Z 
sweep	Sweep every sitemap URL through Google	2026-08-28T03:50:46.5264501Z | coverage_state | count |
sweep	Sweep every sitemap URL through Google	2026-08-28T03:50:46.5265141Z | --- | --- |
sweep	Sweep every sitemap URL through Google	2026-08-28T03:50:46.5265767Z | Submitted and indexed | 92 |
sweep	Sweep every sitemap URL through Google	2026-08-28T03:50:46.5285009Z | Excluded by ‘noindex’ tag | 6 |
sweep	Sweep every sitemap URL through Google	2026-08-28T03:50:46.5285807Z | Discovered - currently not indexed | 4 |
sweep	Sweep every sitemap URL through Google	2026-08-28T03:50:46.5286328Z | URL is unknown to Google | 1 |
sweep	Sweep every sitemap URL through Google	2026-08-28T03:50:46.5286608Z 
sweep	Sweep every sitemap URL through Google	2026-08-28T03:50:46.5286803Z #### Alarming
sweep	Sweep every sitemap URL through Google	2026-08-28T03:50:46.5287910Z - `https://hellokahwin.com/artikel/moden-kontemporari` — Excluded by ‘noindex’ tag (171h, sitemap-url-noindexed)
sweep	Sweep every sitemap URL through Google	2026-08-28T03:50:46.5289362Z - `https://hellokahwin.com/artikel/pantai-santai` — Excluded by ‘noindex’ tag (171h, sitemap-url-noindexed)
sweep	Sweep every sitemap URL through Google	2026-08-28T03:50:46.5291112Z - `https://hellokahwin.com/artikel/glamor-eksklusif` — Excluded by ‘noindex’ tag (171h, sitemap-url-noindexed)
sweep	Sweep every sitemap URL through Google	2026-08-28T03:50:46.5292455Z - `https://hellokahwin.com/artikel/minimalis-mewah` — Excluded by ‘noindex’ tag (171h, sitemap-url-noindexed)
sweep	Sweep every sitemap URL through Google	2026-08-28T03:50:46.5293049Z 
sweep	Sweep every sitemap URL through Google	2026-08-28T03:50:46.5293200Z #### Watching
sweep	Sweep every sitemap URL through Google	2026-08-28T03:50:46.5293992Z - `https://hellokahwin.com/artikel/hiasan-dekorasi` — Excluded by ‘noindex’ tag (34h)
sweep	Sweep every sitemap URL through Google	2026-08-28T03:50:46.5295160Z - `https://hellokahwin.com/artikel/fotografi-videografi` — Excluded by ‘noindex’ tag (57h)
sweep	Sweep every sitemap URL through Google	2026-08-28T03:50:46.5296659Z - `https://hellokahwin.com/artikel/hantaran-mas-kahwin/bilangan-dulang-hantaran-ganjil` — Discovered - currently not indexed (36h)
sweep	Sweep every sitemap URL through Google	2026-08-28T03:50:46.5298359Z - `https://hellokahwin.com/artikel/hantaran-mas-kahwin/hantaran-tunang-simple` — Discovered - currently not indexed (30h)
sweep	Sweep every sitemap URL through Google	2026-08-28T03:50:46.5300048Z - `https://hellokahwin.com/artikel/idea-dan-nasihat/hadiah-untuk-pengantin` — Discovered - currently not indexed (57h)
sweep	Sweep every sitemap URL through Google	2026-08-28T03:50:46.5301675Z - `https://hellokahwin.com/artikel/hantaran-mas-kahwin/berapa-dulang-hantaran-tunang` — Discovered - currently not indexed (30h)
sweep	Sweep every sitemap URL through Google	2026-08-28T03:50:46.5306570Z - `https://hellokahwin.com/artikel/fotografi-videografi/lokasi-pre-wedding-photoshoot-terbaik` — URL is unknown to Google (57h)
sweep	Sweep every sitemap URL through Google	2026-08-28T03:50:46.5307362Z 
sweep	Sweep every sitemap URL through Google	2026-08-28T03:50:46.5307822Z alarm=true alarms=4 watching=7 blind=0 detectedAt=2026-08-28T03:50:46.524Z
sweep	Raise the indexing alarm	﻿2026-08-28T03:50:46.5508908Z Node 20 is being deprecated. This workflow is running with Node 24 by default. If you need to temporarily use Node 20, you can set the ACTIONS_ALLOW_USE_UNSECURE_NODE_VERSION=true environment variable. For more information see: https://github.blog/changelog/2025-09-19-deprecation-of-node-20-on-github-actions-runners/
sweep	Raise the indexing alarm	2026-08-28T03:50:46.5510190Z ##[group]Run actions/github-script@v7
sweep	Raise the indexing alarm	2026-08-28T03:50:46.5510487Z with:
sweep	Raise the indexing alarm	2026-08-28T03:50:46.5514310Z   script: const fs = require('fs');
sweep	Raise the indexing alarm	const path = `$***process.env.OUT_DIR***/alarm.json`;
sweep	Raise the indexing alarm	if (!fs.existsSync(path)) ***
sweep	Raise the indexing alarm	  core.info('no alarm.json — the sweep did not get far enough to decide.');
sweep	Raise the indexing alarm	  return;
sweep	Raise the indexing alarm	***
sweep	Raise the indexing alarm	const alarm = JSON.parse(fs.readFileSync(path, 'utf8'));
sweep	Raise the indexing alarm	core.setOutput('detected_at', alarm.detectedAt);
sweep	Raise the indexing alarm	if (!alarm.alarm) ***
sweep	Raise the indexing alarm	  core.info(`clean: 0 alarming, $***alarm.watchingCount*** watching, $***alarm.blindCount*** blind.`);
sweep	Raise the indexing alarm	  return;
sweep	Raise the indexing alarm	***
sweep	Raise the indexing alarm	
sweep	Raise the indexing alarm	// One open issue, reused. A repeating failure should nag in one
sweep	Raise the indexing alarm	// place rather than bury the repo — same rule as db-backup.yml.
sweep	Raise the indexing alarm	// Dedupe is by LABEL, never by title: the title carries the count,
sweep	Raise the indexing alarm	// so it changes between runs.
sweep	Raise the indexing alarm	const *** data: open *** = await github.rest.issues.listForRepo(***
sweep	Raise the indexing alarm	  ...context.repo, state: 'open', labels: 'indexing-alarm',
sweep	Raise the indexing alarm	***);
sweep	Raise the indexing alarm	let issue;
sweep	Raise the indexing alarm	if (open.length > 0) ***
sweep	Raise the indexing alarm	  const *** data: comment *** = await github.rest.issues.createComment(***
sweep	Raise the indexing alarm	    ...context.repo, issue_number: open[0].number, body: alarm.body,
sweep	Raise the indexing alarm	  ***);
sweep	Raise the indexing alarm	  issue = *** number: open[0].number, created_at: comment.created_at, html_url: comment.html_url ***;
sweep	Raise the indexing alarm	*** else ***
sweep	Raise the indexing alarm	  const *** data: created *** = await github.rest.issues.create(***
sweep	Raise the indexing alarm	    ...context.repo, title: alarm.title, body: alarm.body, labels: ['indexing-alarm'],
sweep	Raise the indexing alarm	  ***);
sweep	Raise the indexing alarm	  issue = *** number: created.number, created_at: created.created_at, html_url: created.html_url ***;
sweep	Raise the indexing alarm	***
sweep	Raise the indexing alarm	core.setOutput('issue_number', String(issue.number));
sweep	Raise the indexing alarm	core.setOutput('issue_url', issue.html_url);
sweep	Raise the indexing alarm	core.setOutput('issue_created_at', issue.created_at);
sweep	Raise the indexing alarm	core.notice(`indexing alarm filed: $***issue.html_url***`);
sweep	Raise the indexing alarm	
sweep	Raise the indexing alarm	2026-08-28T03:50:46.5520500Z   github-token: ***
sweep	Raise the indexing alarm	2026-08-28T03:50:46.5520765Z   debug: false
sweep	Raise the indexing alarm	2026-08-28T03:50:46.5521017Z   user-agent: actions/github-script
sweep	Raise the indexing alarm	2026-08-28T03:50:46.5521306Z   result-encoding: json
sweep	Raise the indexing alarm	2026-08-28T03:50:46.5521554Z   retries: 0
sweep	Raise the indexing alarm	2026-08-28T03:50:46.5521817Z   retry-exempt-status-codes: 400,401,403,404,422
sweep	Raise the indexing alarm	2026-08-28T03:50:46.5522119Z env:
sweep	Raise the indexing alarm	2026-08-28T03:50:46.5522349Z   R2_BUCKET: hellokahwin-assets
sweep	Raise the indexing alarm	2026-08-28T03:50:46.5522639Z   STATE_KEY: indexing-monitor/state.json
sweep	Raise the indexing alarm	2026-08-28T03:50:46.5522949Z   OUT_DIR: .tmp-indexing-monitor
sweep	Raise the indexing alarm	2026-08-28T03:50:46.5523268Z   PNPM_HOME: /home/runner/setup-pnpm/node_modules/.bin
sweep	Raise the indexing alarm	2026-08-28T03:50:46.5523716Z   R2_ENDPOINT: https://***.r2.cloudflarestorage.com
sweep	Raise the indexing alarm	2026-08-28T03:50:46.5524029Z ##[endgroup]
sweep	Raise the indexing alarm	2026-08-28T03:50:47.3832382Z [@octokit/request] "POST https://api.github.com/repos/ianngkb/hellokahwin/issues" is deprecated. It is scheduled to be removed on Fri, 10 Mar 2028 00:00:00 GMT. See https://docs.github.com/en/rest/about-the-rest-api/api-versions
sweep	Raise the indexing alarm	2026-08-28T03:50:47.3862128Z ##[notice]indexing alarm filed: https://github.com/ianngkb/hellokahwin/issues/10
sweep	Prove the alarm was loud within 10s	﻿2026-08-28T03:50:47.3962738Z ##[group]Run set -euo pipefail
sweep	Prove the alarm was loud within 10s	2026-08-28T03:50:47.3963064Z ^[[36;1mset -euo pipefail^[[0m
sweep	Prove the alarm was loud within 10s	2026-08-28T03:50:47.3963346Z ^[[36;1md="$(date -u -d "$DETECTED_AT" +%s)"^[[0m
sweep	Prove the alarm was loud within 10s	2026-08-28T03:50:47.3963666Z ^[[36;1mc="$(date -u -d "$CREATED_AT" +%s)"^[[0m
sweep	Prove the alarm was loud within 10s	2026-08-28T03:50:47.3963953Z ^[[36;1mgap=$(( c - d ))^[[0m
sweep	Prove the alarm was loud within 10s	2026-08-28T03:50:47.3964225Z ^[[36;1mecho "detected at : $DETECTED_AT"^[[0m
sweep	Prove the alarm was loud within 10s	2026-08-28T03:50:47.3964538Z ^[[36;1mecho "issue at    : $CREATED_AT"^[[0m
sweep	Prove the alarm was loud within 10s	2026-08-28T03:50:47.3964851Z ^[[36;1mecho "gap         : $***gap***s"^[[0m
sweep	Prove the alarm was loud within 10s	2026-08-28T03:50:47.3965151Z ^[[36;1mecho "issue       : $ISSUE_URL"^[[0m
sweep	Prove the alarm was loud within 10s	2026-08-28T03:50:47.3965428Z ^[[36;1m***^[[0m
sweep	Prove the alarm was loud within 10s	2026-08-28T03:50:47.3965676Z ^[[36;1m  echo "| alarm latency | value |"^[[0m
sweep	Prove the alarm was loud within 10s	2026-08-28T03:50:47.3965972Z ^[[36;1m  echo "| --- | --- |"^[[0m
sweep	Prove the alarm was loud within 10s	2026-08-28T03:50:47.3966271Z ^[[36;1m  echo "| detected | \`$***DETECTED_AT***\` |"^[[0m
sweep	Prove the alarm was loud within 10s	2026-08-28T03:50:47.3966607Z ^[[36;1m  echo "| filed | \`$***CREATED_AT***\` |"^[[0m
sweep	Prove the alarm was loud within 10s	2026-08-28T03:50:47.3966913Z ^[[36;1m  echo "| gap | $***gap***s |"^[[0m
sweep	Prove the alarm was loud within 10s	2026-08-28T03:50:47.3967232Z ^[[36;1m  echo "| issue | $***ISSUE_URL*** |"^[[0m
sweep	Prove the alarm was loud within 10s	2026-08-28T03:50:47.3967536Z ^[[36;1m*** >> "$GITHUB_STEP_SUMMARY"^[[0m
sweep	Prove the alarm was loud within 10s	2026-08-28T03:50:47.3967899Z ^[[36;1m# The DoD's number, enforced rather than claimed. If a future change^[[0m
sweep	Prove the alarm was loud within 10s	2026-08-28T03:50:47.3968345Z ^[[36;1m# puts a slow step between detection and the issue, this is what says^[[0m
sweep	Prove the alarm was loud within 10s	2026-08-28T03:50:47.3968803Z ^[[36;1m# so — an alarm that arrives late is a defect, not a warning.^[[0m
sweep	Prove the alarm was loud within 10s	2026-08-28T03:50:47.3969175Z ^[[36;1mif [ "$gap" -gt 10 ]; then^[[0m
sweep	Prove the alarm was loud within 10s	2026-08-28T03:50:47.3969549Z ^[[36;1m  echo "::error::the alarm took $***gap***s to reach GitHub; the bar is 10s."^[[0m
sweep	Prove the alarm was loud within 10s	2026-08-28T03:50:47.3970117Z ^[[36;1m  exit 1^[[0m
sweep	Prove the alarm was loud within 10s	2026-08-28T03:50:47.3970355Z ^[[36;1mfi^[[0m
sweep	Prove the alarm was loud within 10s	2026-08-28T03:50:47.4002330Z shell: /usr/bin/bash -e ***0***
sweep	Prove the alarm was loud within 10s	2026-08-28T03:50:47.4002614Z env:
sweep	Prove the alarm was loud within 10s	2026-08-28T03:50:47.4002850Z   R2_BUCKET: hellokahwin-assets
sweep	Prove the alarm was loud within 10s	2026-08-28T03:50:47.4003135Z   STATE_KEY: indexing-monitor/state.json
sweep	Prove the alarm was loud within 10s	2026-08-28T03:50:47.4003441Z   OUT_DIR: .tmp-indexing-monitor
sweep	Prove the alarm was loud within 10s	2026-08-28T03:50:47.4003769Z   PNPM_HOME: /home/runner/setup-pnpm/node_modules/.bin
sweep	Prove the alarm was loud within 10s	2026-08-28T03:50:47.4004219Z   R2_ENDPOINT: https://***.r2.cloudflarestorage.com
sweep	Prove the alarm was loud within 10s	2026-08-28T03:50:47.4004552Z   DETECTED_AT: 2026-08-28T03:50:46.524Z
sweep	Prove the alarm was loud within 10s	2026-08-28T03:50:47.4004837Z   CREATED_AT: 2026-08-28T03:50:47Z
sweep	Prove the alarm was loud within 10s	2026-08-28T03:50:47.4005168Z   ISSUE_URL: https://github.com/ianngkb/hellokahwin/issues/10
sweep	Prove the alarm was loud within 10s	2026-08-28T03:50:47.4005727Z ##[endgroup]
sweep	Prove the alarm was loud within 10s	2026-08-28T03:50:47.4075109Z detected at : 2026-08-28T03:50:46.524Z
sweep	Prove the alarm was loud within 10s	2026-08-28T03:50:47.4075635Z issue at    : 2026-08-28T03:50:47Z
sweep	Prove the alarm was loud within 10s	2026-08-28T03:50:47.4075919Z gap         : 1s
sweep	Prove the alarm was loud within 10s	2026-08-28T03:50:47.4076285Z issue       : https://github.com/ianngkb/hellokahwin/issues/10
sweep	Archive the sweep and the ledger to R2	﻿2026-08-28T03:50:47.4105565Z ##[group]Run set -euo pipefail
sweep	Archive the sweep and the ledger to R2	2026-08-28T03:50:47.4105884Z ^[[36;1mset -euo pipefail^[[0m
sweep	Archive the sweep and the ledger to R2	2026-08-28T03:50:47.4106203Z ^[[36;1mif [ ! -f "$***OUT_DIR***/snapshot.json" ]; then^[[0m
sweep	Archive the sweep and the ledger to R2	2026-08-28T03:50:47.4106603Z ^[[36;1m  echo "no snapshot to archive — the sweep did not complete."^[[0m
sweep	Archive the sweep and the ledger to R2	2026-08-28T03:50:47.4106948Z ^[[36;1m  exit 0^[[0m
sweep	Archive the sweep and the ledger to R2	2026-08-28T03:50:47.4107181Z ^[[36;1mfi^[[0m
sweep	Archive the sweep and the ledger to R2	2026-08-28T03:50:47.4107490Z ^[[36;1m# Both the filename and the key path come from the SAME `date -u`^[[0m
sweep	Archive the sweep and the ledger to R2	2026-08-28T03:50:47.4107932Z ^[[36;1m# call, so the directory date can never drift from the timestamp in^[[0m
sweep	Archive the sweep and the ledger to R2	2026-08-28T03:50:47.4108325Z ^[[36;1m# the name. Same rule as db-backup.yml.^[[0m
sweep	Archive the sweep and the ledger to R2	2026-08-28T03:50:47.4108656Z ^[[36;1mTS="$(date -u +%Y%m%dT%H%M%SZ)"^[[0m
sweep	Archive the sweep and the ledger to R2	2026-08-28T03:50:47.4108951Z ^[[36;1mDATEPATH="$(date -u +%Y/%m/%d)"^[[0m
sweep	Archive the sweep and the ledger to R2	2026-08-28T03:50:47.4109299Z ^[[36;1mKEY="indexing-monitor/$***DATEPATH***/sweep-$***TS***.json"^[[0m
sweep	Archive the sweep and the ledger to R2	2026-08-28T03:50:47.4109741Z ^[[36;1maws s3 cp "$***OUT_DIR***/snapshot.json" "s3://$***R2_BUCKET***/$***KEY***" \^[[0m
sweep	Archive the sweep and the ledger to R2	2026-08-28T03:50:47.4110439Z ^[[36;1m  --endpoint-url "$R2_ENDPOINT" --content-type application/json^[[0m
sweep	Archive the sweep and the ledger to R2	2026-08-28T03:50:47.4110821Z ^[[36;1mecho "archived: $***KEY***"^[[0m
sweep	Archive the sweep and the ledger to R2	2026-08-28T03:50:47.4111099Z ^[[36;1m^[[0m
sweep	Archive the sweep and the ledger to R2	2026-08-28T03:50:47.4111427Z ^[[36;1m# The mutable ledger goes up LAST, so a run that dies mid-sweep leaves^[[0m
sweep	Archive the sweep and the ledger to R2	2026-08-28T03:50:47.4111871Z ^[[36;1m# yesterday's ledger intact rather than a half-written one.^[[0m
sweep	Archive the sweep and the ledger to R2	2026-08-28T03:50:47.4112246Z ^[[36;1mif [ -f "$***OUT_DIR***/state.json" ]; then^[[0m
sweep	Archive the sweep and the ledger to R2	2026-08-28T03:50:47.4112650Z ^[[36;1m  aws s3 cp "$***OUT_DIR***/state.json" "s3://$***R2_BUCKET***/$***STATE_KEY***" \^[[0m
sweep	Archive the sweep and the ledger to R2	2026-08-28T03:50:47.4113144Z ^[[36;1m    --endpoint-url "$R2_ENDPOINT" --content-type application/json^[[0m
sweep	Archive the sweep and the ledger to R2	2026-08-28T03:50:47.4113541Z ^[[36;1m  echo "ledger updated: $***STATE_KEY***"^[[0m
sweep	Archive the sweep and the ledger to R2	2026-08-28T03:50:47.4113850Z ^[[36;1mfi^[[0m
sweep	Archive the sweep and the ledger to R2	2026-08-28T03:50:47.4141656Z shell: /usr/bin/bash -e ***0***
sweep	Archive the sweep and the ledger to R2	2026-08-28T03:50:47.4141937Z env:
sweep	Archive the sweep and the ledger to R2	2026-08-28T03:50:47.4142179Z   R2_BUCKET: hellokahwin-assets
sweep	Archive the sweep and the ledger to R2	2026-08-28T03:50:47.4142479Z   STATE_KEY: indexing-monitor/state.json
sweep	Archive the sweep and the ledger to R2	2026-08-28T03:50:47.4142783Z   OUT_DIR: .tmp-indexing-monitor
sweep	Archive the sweep and the ledger to R2	2026-08-28T03:50:47.4143094Z   PNPM_HOME: /home/runner/setup-pnpm/node_modules/.bin
sweep	Archive the sweep and the ledger to R2	2026-08-28T03:50:47.4143544Z   R2_ENDPOINT: https://***.r2.cloudflarestorage.com
sweep	Archive the sweep and the ledger to R2	2026-08-28T03:50:47.4143901Z   AWS_ACCESS_KEY_ID: ***
sweep	Archive the sweep and the ledger to R2	2026-08-28T03:50:47.4144276Z   AWS_SECRET_ACCESS_KEY: ***
sweep	Archive the sweep and the ledger to R2	2026-08-28T03:50:47.4144540Z   AWS_DEFAULT_REGION: auto
sweep	Archive the sweep and the ledger to R2	2026-08-28T03:50:47.4144787Z ##[endgroup]
sweep	Archive the sweep and the ledger to R2	2026-08-28T03:50:49.2803490Z Completed 61.2 KiB/61.2 KiB (43.1 KiB/s) with 1 file(s) remaining
sweep	Archive the sweep and the ledger to R2	2026-08-28T03:50:49.2804345Z upload: .tmp-indexing-monitor/snapshot.json to s3://hellokahwin-assets/indexing-monitor/2026/08/28/sweep-20260828T035047Z.json
sweep	Archive the sweep and the ledger to R2	2026-08-28T03:50:49.3599171Z archived: indexing-monitor/2026/08/28/sweep-20260828T035047Z.json
sweep	Archive the sweep and the ledger to R2	2026-08-28T03:50:50.6605352Z Completed 34.4 KiB/34.4 KiB (39.6 KiB/s) with 1 file(s) remaining
sweep	Archive the sweep and the ledger to R2	2026-08-28T03:50:50.6606068Z upload: .tmp-indexing-monitor/state.json to s3://hellokahwin-assets/indexing-monitor/state.json
sweep	Archive the sweep and the ledger to R2	2026-08-28T03:50:50.7379820Z ledger updated: indexing-monitor/state.json
sweep	Summary	﻿2026-08-28T03:50:50.7418158Z ##[group]Run set -euo pipefail
sweep	Summary	2026-08-28T03:50:50.7418500Z ^[[36;1mset -euo pipefail^[[0m
sweep	Summary	2026-08-28T03:50:50.7418819Z ^[[36;1mif [ -f "$***OUT_DIR***/summary.md" ]; then^[[0m
sweep	Summary	2026-08-28T03:50:50.7419199Z ^[[36;1m  cat "$***OUT_DIR***/summary.md" >> "$GITHUB_STEP_SUMMARY"^[[0m
sweep	Summary	2026-08-28T03:50:50.7419530Z ^[[36;1melse^[[0m
sweep	Summary	2026-08-28T03:50:50.7420126Z ^[[36;1m  echo "### Indexing monitor did not produce a summary — the sweep failed." >> "$GITHUB_STEP_SUMMARY"^[[0m
sweep	Summary	2026-08-28T03:50:50.7420593Z ^[[36;1mfi^[[0m
sweep	Summary	2026-08-28T03:50:50.7453338Z shell: /usr/bin/bash -e ***0***
sweep	Summary	2026-08-28T03:50:50.7453625Z env:
sweep	Summary	2026-08-28T03:50:50.7453860Z   R2_BUCKET: hellokahwin-assets
sweep	Summary	2026-08-28T03:50:50.7454151Z   STATE_KEY: indexing-monitor/state.json
sweep	Summary	2026-08-28T03:50:50.7454459Z   OUT_DIR: .tmp-indexing-monitor
sweep	Summary	2026-08-28T03:50:50.7454776Z   PNPM_HOME: /home/runner/setup-pnpm/node_modules/.bin
sweep	Summary	2026-08-28T03:50:50.7455231Z   R2_ENDPOINT: https://***.r2.cloudflarestorage.com
sweep	Summary	2026-08-28T03:50:50.7455550Z ##[endgroup]
sweep	Post Run actions/setup-node@v4	﻿2026-08-28T03:50:50.7591653Z Node 20 is being deprecated. This workflow is running with Node 24 by default. If you need to temporarily use Node 20, you can set the ACTIONS_ALLOW_USE_UNSECURE_NODE_VERSION=true environment variable. For more information see: https://github.blog/changelog/2025-09-19-deprecation-of-node-20-on-github-actions-runners/
sweep	Post Run actions/setup-node@v4	2026-08-28T03:50:50.7592626Z Post job cleanup.
sweep	Post Run actions/setup-node@v4	2026-08-28T03:50:50.8532787Z (node:2350) [DEP0040] DeprecationWarning: The `punycode` module is deprecated. Please use a userland alternative instead.
sweep	Post Run actions/setup-node@v4	2026-08-28T03:50:50.8533572Z (Use `node --trace-deprecation ...` to show where the warning was created)
sweep	Post Run actions/setup-node@v4	2026-08-28T03:50:50.8535546Z Cache hit occurred on the primary key node-cache-Linux-x64-pnpm-9367a9280658c0171106e91a788339168f7c879bb6b33b71ffcee2e7c9cd2962, not saving cache.
sweep	Post Run pnpm/action-setup@v4	﻿2026-08-28T03:50:50.8623868Z Node 20 is being deprecated. This workflow is running with Node 24 by default. If you need to temporarily use Node 20, you can set the ACTIONS_ALLOW_USE_UNSECURE_NODE_VERSION=true environment variable. For more information see: https://github.blog/changelog/2025-09-19-deprecation-of-node-20-on-github-actions-runners/
sweep	Post Run pnpm/action-setup@v4	2026-08-28T03:50:50.8624870Z Post job cleanup.
sweep	Post Run pnpm/action-setup@v4	2026-08-28T03:50:50.9750964Z Pruning is unnecessary.
sweep	Post Run actions/checkout@v4	﻿2026-08-28T03:50:50.9866162Z Node 20 is being deprecated. This workflow is running with Node 24 by default. If you need to temporarily use Node 20, you can set the ACTIONS_ALLOW_USE_UNSECURE_NODE_VERSION=true environment variable. For more information see: https://github.blog/changelog/2025-09-19-deprecation-of-node-20-on-github-actions-runners/
sweep	Post Run actions/checkout@v4	2026-08-28T03:50:50.9867159Z Post job cleanup.
sweep	Post Run actions/checkout@v4	2026-08-28T03:50:51.0549606Z [command]/usr/bin/git version
sweep	Post Run actions/checkout@v4	2026-08-28T03:50:51.0578730Z git version 2.55.0
sweep	Post Run actions/checkout@v4	2026-08-28T03:50:51.0606363Z Temporarily overriding HOME='/home/runner/work/_temp/ef11524b-a284-4dfb-996f-8a72650826c7' before making global git config changes
sweep	Post Run actions/checkout@v4	2026-08-28T03:50:51.0607586Z Adding repository directory to the temporary git global config as a safe directory
sweep	Post Run actions/checkout@v4	2026-08-28T03:50:51.0610942Z [command]/usr/bin/git config --global --add safe.directory /home/runner/work/hellokahwin/hellokahwin
sweep	Post Run actions/checkout@v4	2026-08-28T03:50:51.0639741Z [command]/usr/bin/git config --local --name-only --get-regexp core\.sshCommand
sweep	Post Run actions/checkout@v4	2026-08-28T03:50:51.0666162Z [command]/usr/bin/git submodule foreach --recursive sh -c "git config --local --name-only --get-regexp 'core\.sshCommand' && git config --local --unset-all 'core.sshCommand' || :"
sweep	Post Run actions/checkout@v4	2026-08-28T03:50:51.0864135Z [command]/usr/bin/git config --local --name-only --get-regexp http\.https\:\/\/github\.com\/\.extraheader
sweep	Post Run actions/checkout@v4	2026-08-28T03:50:51.0874014Z http.https://github.com/.extraheader
sweep	Post Run actions/checkout@v4	2026-08-28T03:50:51.0881838Z [command]/usr/bin/git config --local --unset-all http.https://github.com/.extraheader
sweep	Post Run actions/checkout@v4	2026-08-28T03:50:51.0907314Z [command]/usr/bin/git submodule foreach --recursive sh -c "git config --local --name-only --get-regexp 'http\.https\:\/\/github\.com\/\.extraheader' && git config --local --unset-all 'http.https://github.com/.extraheader' || :"
sweep	Post Run actions/checkout@v4	2026-08-28T03:50:51.1087125Z [command]/usr/bin/git config --local --name-only --get-regexp ^includeIf\.gitdir:
sweep	Post Run actions/checkout@v4	2026-08-28T03:50:51.1110545Z [command]/usr/bin/git submodule foreach --recursive git config --local --show-origin --name-only --get-regexp remote.origin.url
sweep	Complete job	﻿2026-08-28T03:50:51.1409338Z Cleaning up orphan processes
sweep	Complete job	2026-08-28T03:50:51.1644327Z ##[warning]Node.js 20 is deprecated. The following actions target Node.js 20 but are being forced to run on Node.js 24: actions/checkout@v4, actions/github-script@v7, actions/setup-node@v4, pnpm/action-setup@v4. For more information see: https://github.blog/changelog/2025-09-19-deprecation-of-node-20-on-github-actions-runners/
