sweep	Set up job	﻿2026-08-26T17:44:04.0262381Z Current runner version: '2.336.0'
sweep	Set up job	2026-08-26T17:44:04.0289642Z ##[group]Runner Image Provisioner
sweep	Set up job	2026-08-26T17:44:04.0290894Z Hosted Compute Agent
sweep	Set up job	2026-08-26T17:44:04.0291961Z Version: 20260819.586
sweep	Set up job	2026-08-26T17:44:04.0293040Z Commit: 3cc4a88dfa507ef76119ad1bb3eccc6378bb2b76
sweep	Set up job	2026-08-26T17:44:04.0294120Z Build Date: 2026-08-18T23:20:18Z
sweep	Set up job	2026-08-26T17:44:04.0295271Z Worker ID: ***a14453b5-ebc0-474c-9ec9-3de321a007ff***
sweep	Set up job	2026-08-26T17:44:04.0296434Z Azure Region: northcentralus
sweep	Set up job	2026-08-26T17:44:04.0297334Z ##[endgroup]
sweep	Set up job	2026-08-26T17:44:04.0299123Z ##[group]Operating System
sweep	Set up job	2026-08-26T17:44:04.0300062Z Ubuntu
sweep	Set up job	2026-08-26T17:44:04.0300941Z 24.04.4
sweep	Set up job	2026-08-26T17:44:04.0301950Z LTS
sweep	Set up job	2026-08-26T17:44:04.0302812Z ##[endgroup]
sweep	Set up job	2026-08-26T17:44:04.0303724Z ##[group]Runner Image
sweep	Set up job	2026-08-26T17:44:04.0304597Z Image: ubuntu-24.04
sweep	Set up job	2026-08-26T17:44:04.0305438Z Version: 20260823.283.1
sweep	Set up job	2026-08-26T17:44:04.0306835Z Included Software: https://github.com/actions/runner-images/blob/ubuntu24/20260823.283/images/ubuntu/Ubuntu2404-Readme.md
sweep	Set up job	2026-08-26T17:44:04.0308897Z Image Release: https://github.com/actions/runner-images/releases/tag/ubuntu24%2F20260823.283
sweep	Set up job	2026-08-26T17:44:04.0310232Z ##[endgroup]
sweep	Set up job	2026-08-26T17:44:04.0312112Z ##[group]GITHUB_TOKEN Permissions
sweep	Set up job	2026-08-26T17:44:04.0314384Z Contents: read
sweep	Set up job	2026-08-26T17:44:04.0315248Z Issues: write
sweep	Set up job	2026-08-26T17:44:04.0316129Z Metadata: read
sweep	Set up job	2026-08-26T17:44:04.0316976Z ##[endgroup]
sweep	Set up job	2026-08-26T17:44:04.0319561Z Secret source: Actions
sweep	Set up job	2026-08-26T17:44:04.0321134Z Prepare workflow directory
sweep	Set up job	2026-08-26T17:44:04.0728838Z Prepare all required actions
sweep	Set up job	2026-08-26T17:44:04.0778166Z Getting action download info
sweep	Set up job	2026-08-26T17:44:04.3170877Z Download action repository 'actions/checkout@v4' (SHA:11d5960a326750d5838078e36cf38b85af677262)
sweep	Set up job	2026-08-26T17:44:04.4685696Z Download action repository 'pnpm/action-setup@v4' (SHA:b906affcce14559ad1aafd4ab0e942779e9f58b1)
sweep	Set up job	2026-08-26T17:44:04.8740940Z Download action repository 'actions/setup-node@v4' (SHA:49933ea5288caeca8642d1e84afbd3f7d6820020)
sweep	Set up job	2026-08-26T17:44:04.9594180Z Download action repository 'actions/github-script@v7' (SHA:f28e40c7f34bde8b3046d885e986cb6290c5673b)
sweep	Set up job	2026-08-26T17:44:05.3128361Z Complete job name: sweep
sweep	Run actions/checkout@v4	﻿2026-08-26T17:44:05.4053506Z Node 20 is being deprecated. This workflow is running with Node 24 by default. If you need to temporarily use Node 20, you can set the ACTIONS_ALLOW_USE_UNSECURE_NODE_VERSION=true environment variable. For more information see: https://github.blog/changelog/2025-09-19-deprecation-of-node-20-on-github-actions-runners/
sweep	Run actions/checkout@v4	2026-08-26T17:44:05.4063350Z ##[group]Run actions/checkout@v4
sweep	Run actions/checkout@v4	2026-08-26T17:44:05.4064466Z with:
sweep	Run actions/checkout@v4	2026-08-26T17:44:05.4065152Z   repository: ianngkb/hellokahwin
sweep	Run actions/checkout@v4	2026-08-26T17:44:05.4069939Z   token: ***
sweep	Run actions/checkout@v4	2026-08-26T17:44:05.4070623Z   ssh-strict: true
sweep	Run actions/checkout@v4	2026-08-26T17:44:05.4071311Z   ssh-user: git
sweep	Run actions/checkout@v4	2026-08-26T17:44:05.4072152Z   persist-credentials: true
sweep	Run actions/checkout@v4	2026-08-26T17:44:05.4072891Z   clean: true
sweep	Run actions/checkout@v4	2026-08-26T17:44:05.4073578Z   sparse-checkout-cone-mode: true
sweep	Run actions/checkout@v4	2026-08-26T17:44:05.4074379Z   fetch-depth: 1
sweep	Run actions/checkout@v4	2026-08-26T17:44:05.4075086Z   fetch-tags: false
sweep	Run actions/checkout@v4	2026-08-26T17:44:05.4075783Z   show-progress: true
sweep	Run actions/checkout@v4	2026-08-26T17:44:05.4076483Z   lfs: false
sweep	Run actions/checkout@v4	2026-08-26T17:44:05.4077159Z   submodules: false
sweep	Run actions/checkout@v4	2026-08-26T17:44:05.4077910Z   set-safe-directory: true
sweep	Run actions/checkout@v4	2026-08-26T17:44:05.4078682Z   allow-unsafe-pr-checkout: false
sweep	Run actions/checkout@v4	2026-08-26T17:44:05.4079702Z env:
sweep	Run actions/checkout@v4	2026-08-26T17:44:05.4080368Z   R2_BUCKET: hellokahwin-assets
sweep	Run actions/checkout@v4	2026-08-26T17:44:05.4081176Z   STATE_KEY: indexing-monitor/state.json
sweep	Run actions/checkout@v4	2026-08-26T17:44:05.4082150Z   OUT_DIR: .tmp-indexing-monitor
sweep	Run actions/checkout@v4	2026-08-26T17:44:05.4082908Z ##[endgroup]
sweep	Run actions/checkout@v4	2026-08-26T17:44:05.5086491Z Syncing repository: ianngkb/hellokahwin
sweep	Run actions/checkout@v4	2026-08-26T17:44:05.5089064Z ##[group]Getting Git version info
sweep	Run actions/checkout@v4	2026-08-26T17:44:05.5090126Z Working directory is '/home/runner/work/hellokahwin/hellokahwin'
sweep	Run actions/checkout@v4	2026-08-26T17:44:05.5091933Z [command]/usr/bin/git version
sweep	Run actions/checkout@v4	2026-08-26T17:44:05.5122221Z git version 2.55.0
sweep	Run actions/checkout@v4	2026-08-26T17:44:05.5141017Z ##[endgroup]
sweep	Run actions/checkout@v4	2026-08-26T17:44:05.5154778Z Temporarily overriding HOME='/home/runner/work/_temp/be62e089-c2aa-49a7-8538-9b7cde141197' before making global git config changes
sweep	Run actions/checkout@v4	2026-08-26T17:44:05.5160076Z Adding repository directory to the temporary git global config as a safe directory
sweep	Run actions/checkout@v4	2026-08-26T17:44:05.5161822Z [command]/usr/bin/git config --global --add safe.directory /home/runner/work/hellokahwin/hellokahwin
sweep	Run actions/checkout@v4	2026-08-26T17:44:05.5204223Z Deleting the contents of '/home/runner/work/hellokahwin/hellokahwin'
sweep	Run actions/checkout@v4	2026-08-26T17:44:05.5209023Z ##[group]Initializing the repository
sweep	Run actions/checkout@v4	2026-08-26T17:44:05.5212886Z [command]/usr/bin/git init /home/runner/work/hellokahwin/hellokahwin
sweep	Run actions/checkout@v4	2026-08-26T17:44:05.5287693Z hint: Using 'master' as the name for the initial branch. This default branch name
sweep	Run actions/checkout@v4	2026-08-26T17:44:05.5289674Z hint: will change to "main" in Git 3.0. To configure the initial branch name
sweep	Run actions/checkout@v4	2026-08-26T17:44:05.5292213Z hint: to use in all of your new repositories, which will suppress this warning,
sweep	Run actions/checkout@v4	2026-08-26T17:44:05.5294068Z hint: call:
sweep	Run actions/checkout@v4	2026-08-26T17:44:05.5295173Z hint:
sweep	Run actions/checkout@v4	2026-08-26T17:44:05.5296488Z hint: 	git config --global init.defaultBranch <name>
sweep	Run actions/checkout@v4	2026-08-26T17:44:05.5298078Z hint:
sweep	Run actions/checkout@v4	2026-08-26T17:44:05.5299526Z hint: Names commonly chosen instead of 'master' are 'main', 'trunk' and
sweep	Run actions/checkout@v4	2026-08-26T17:44:05.5302027Z hint: 'development'. The just-created branch can be renamed via this command:
sweep	Run actions/checkout@v4	2026-08-26T17:44:05.5303871Z hint:
sweep	Run actions/checkout@v4	2026-08-26T17:44:05.5304924Z hint: 	git branch -m <name>
sweep	Run actions/checkout@v4	2026-08-26T17:44:05.5306094Z hint:
sweep	Run actions/checkout@v4	2026-08-26T17:44:05.5307571Z hint: Disable this message with "git config set advice.defaultBranchName false"
sweep	Run actions/checkout@v4	2026-08-26T17:44:05.5309701Z Initialized empty Git repository in /home/runner/work/hellokahwin/hellokahwin/.git/
sweep	Run actions/checkout@v4	2026-08-26T17:44:05.5312632Z [command]/usr/bin/git remote add origin https://github.com/ianngkb/hellokahwin
sweep	Run actions/checkout@v4	2026-08-26T17:44:05.5377643Z ##[endgroup]
sweep	Run actions/checkout@v4	2026-08-26T17:44:05.5379706Z ##[group]Disabling automatic garbage collection
sweep	Run actions/checkout@v4	2026-08-26T17:44:05.5381429Z [command]/usr/bin/git config --local gc.auto 0
sweep	Run actions/checkout@v4	2026-08-26T17:44:05.5412666Z ##[endgroup]
sweep	Run actions/checkout@v4	2026-08-26T17:44:05.5414698Z ##[group]Setting up auth
sweep	Run actions/checkout@v4	2026-08-26T17:44:05.5419286Z [command]/usr/bin/git config --local --name-only --get-regexp core\.sshCommand
sweep	Run actions/checkout@v4	2026-08-26T17:44:05.5451024Z [command]/usr/bin/git submodule foreach --recursive sh -c "git config --local --name-only --get-regexp 'core\.sshCommand' && git config --local --unset-all 'core.sshCommand' || :"
sweep	Run actions/checkout@v4	2026-08-26T17:44:05.5761243Z [command]/usr/bin/git config --local --name-only --get-regexp http\.https\:\/\/github\.com\/\.extraheader
sweep	Run actions/checkout@v4	2026-08-26T17:44:05.5793741Z [command]/usr/bin/git submodule foreach --recursive sh -c "git config --local --name-only --get-regexp 'http\.https\:\/\/github\.com\/\.extraheader' && git config --local --unset-all 'http.https://github.com/.extraheader' || :"
sweep	Run actions/checkout@v4	2026-08-26T17:44:05.6026864Z [command]/usr/bin/git config --local --name-only --get-regexp ^includeIf\.gitdir:
sweep	Run actions/checkout@v4	2026-08-26T17:44:05.6058709Z [command]/usr/bin/git submodule foreach --recursive git config --local --show-origin --name-only --get-regexp remote.origin.url
sweep	Run actions/checkout@v4	2026-08-26T17:44:05.6293553Z [command]/usr/bin/git config --local http.https://github.com/.extraheader AUTHORIZATION: basic ***
sweep	Run actions/checkout@v4	2026-08-26T17:44:05.6330117Z ##[endgroup]
sweep	Run actions/checkout@v4	2026-08-26T17:44:05.6332163Z ##[group]Fetching the repository
sweep	Run actions/checkout@v4	2026-08-26T17:44:05.6340857Z [command]/usr/bin/git -c protocol.version=2 fetch --no-tags --prune --no-recurse-submodules --depth=1 origin +32e99e6e84f541076d173e159649ae39d2cc4c5c:refs/remotes/origin/master
sweep	Run actions/checkout@v4	2026-08-26T17:44:07.7207318Z From https://github.com/ianngkb/hellokahwin
sweep	Run actions/checkout@v4	2026-08-26T17:44:07.7208902Z  * [new ref]         32e99e6e84f541076d173e159649ae39d2cc4c5c -> origin/master
sweep	Run actions/checkout@v4	2026-08-26T17:44:07.7211037Z ##[endgroup]
sweep	Run actions/checkout@v4	2026-08-26T17:44:07.7212088Z ##[group]Determining the checkout info
sweep	Run actions/checkout@v4	2026-08-26T17:44:07.7213587Z ##[endgroup]
sweep	Run actions/checkout@v4	2026-08-26T17:44:07.7219582Z [command]/usr/bin/git sparse-checkout disable
sweep	Run actions/checkout@v4	2026-08-26T17:44:07.7263709Z [command]/usr/bin/git config --local --unset-all extensions.worktreeConfig
sweep	Run actions/checkout@v4	2026-08-26T17:44:07.7291271Z ##[group]Checking out the ref
sweep	Run actions/checkout@v4	2026-08-26T17:44:07.7294948Z [command]/usr/bin/git checkout --progress --force -B master refs/remotes/origin/master
sweep	Run actions/checkout@v4	2026-08-26T17:44:07.9142528Z Reset branch 'master'
sweep	Run actions/checkout@v4	2026-08-26T17:44:07.9144771Z branch 'master' set up to track 'origin/master'.
sweep	Run actions/checkout@v4	2026-08-26T17:44:07.9166430Z ##[endgroup]
sweep	Run actions/checkout@v4	2026-08-26T17:44:07.9208827Z [command]/usr/bin/git log -1 --format=%H
sweep	Run actions/checkout@v4	2026-08-26T17:44:07.9234378Z 32e99e6e84f541076d173e159649ae39d2cc4c5c
sweep	Run pnpm/action-setup@v4	﻿2026-08-26T17:44:07.9480393Z Node 20 is being deprecated. This workflow is running with Node 24 by default. If you need to temporarily use Node 20, you can set the ACTIONS_ALLOW_USE_UNSECURE_NODE_VERSION=true environment variable. For more information see: https://github.blog/changelog/2025-09-19-deprecation-of-node-20-on-github-actions-runners/
sweep	Run pnpm/action-setup@v4	2026-08-26T17:44:07.9482483Z ##[group]Run pnpm/action-setup@v4
sweep	Run pnpm/action-setup@v4	2026-08-26T17:44:07.9482923Z with:
sweep	Run pnpm/action-setup@v4	2026-08-26T17:44:07.9483275Z   version: 10
sweep	Run pnpm/action-setup@v4	2026-08-26T17:44:07.9483648Z   dest: ~/setup-pnpm
sweep	Run pnpm/action-setup@v4	2026-08-26T17:44:07.9484038Z   run_install: null
sweep	Run pnpm/action-setup@v4	2026-08-26T17:44:07.9484408Z   cache: false
sweep	Run pnpm/action-setup@v4	2026-08-26T17:44:07.9484819Z   cache_dependency_path: pnpm-lock.yaml
sweep	Run pnpm/action-setup@v4	2026-08-26T17:44:07.9485276Z   package_json_file: package.json
sweep	Run pnpm/action-setup@v4	2026-08-26T17:44:07.9485680Z   standalone: false
sweep	Run pnpm/action-setup@v4	2026-08-26T17:44:07.9486031Z env:
sweep	Run pnpm/action-setup@v4	2026-08-26T17:44:07.9486394Z   R2_BUCKET: hellokahwin-assets
sweep	Run pnpm/action-setup@v4	2026-08-26T17:44:07.9486822Z   STATE_KEY: indexing-monitor/state.json
sweep	Run pnpm/action-setup@v4	2026-08-26T17:44:07.9487272Z   OUT_DIR: .tmp-indexing-monitor
sweep	Run pnpm/action-setup@v4	2026-08-26T17:44:07.9487728Z ##[endgroup]
sweep	Run pnpm/action-setup@v4	2026-08-26T17:44:08.0914320Z ##[group]Running self-installer...
sweep	Run pnpm/action-setup@v4	2026-08-26T17:44:08.4743592Z (node:2235) [DEP0169] DeprecationWarning: `url.parse()` behavior is not standardized and prone to errors that have security implications. Use the WHATWG URL API instead. CVEs are not issued for `url.parse()` vulnerabilities.
sweep	Run pnpm/action-setup@v4	2026-08-26T17:44:08.4746052Z (Use `node --trace-deprecation ...` to show where the warning was created)
sweep	Run pnpm/action-setup@v4	2026-08-26T17:44:08.6295595Z Progress: resolved 1, reused 0, downloaded 0, added 0
sweep	Run pnpm/action-setup@v4	2026-08-26T17:44:08.6403286Z Packages: +1
sweep	Run pnpm/action-setup@v4	2026-08-26T17:44:08.6404247Z +
sweep	Run pnpm/action-setup@v4	2026-08-26T17:44:09.0682024Z Progress: resolved 1, reused 0, downloaded 1, added 1, done
sweep	Run pnpm/action-setup@v4	2026-08-26T17:44:09.0916995Z 
sweep	Run pnpm/action-setup@v4	2026-08-26T17:44:09.0917543Z dependencies:
sweep	Run pnpm/action-setup@v4	2026-08-26T17:44:09.0918064Z + pnpm 10.34.5 (11.24.0 is available)
sweep	Run pnpm/action-setup@v4	2026-08-26T17:44:09.0918450Z 
sweep	Run pnpm/action-setup@v4	2026-08-26T17:44:09.0952350Z Done in 829ms
sweep	Run pnpm/action-setup@v4	2026-08-26T17:44:09.1193302Z ##[endgroup]
sweep	Run pnpm/action-setup@v4	2026-08-26T17:44:09.1194097Z Installation Completed!
sweep	Run actions/setup-node@v4	﻿2026-08-26T17:44:09.1416160Z Node 20 is being deprecated. This workflow is running with Node 24 by default. If you need to temporarily use Node 20, you can set the ACTIONS_ALLOW_USE_UNSECURE_NODE_VERSION=true environment variable. For more information see: https://github.blog/changelog/2025-09-19-deprecation-of-node-20-on-github-actions-runners/
sweep	Run actions/setup-node@v4	2026-08-26T17:44:09.1417513Z ##[group]Run actions/setup-node@v4
sweep	Run actions/setup-node@v4	2026-08-26T17:44:09.1417857Z with:
sweep	Run actions/setup-node@v4	2026-08-26T17:44:09.1418142Z   node-version: 22
sweep	Run actions/setup-node@v4	2026-08-26T17:44:09.1418434Z   cache: pnpm
sweep	Run actions/setup-node@v4	2026-08-26T17:44:09.1418725Z   always-auth: false
sweep	Run actions/setup-node@v4	2026-08-26T17:44:09.1419034Z   check-latest: false
sweep	Run actions/setup-node@v4	2026-08-26T17:44:09.1421955Z   token: ***
sweep	Run actions/setup-node@v4	2026-08-26T17:44:09.1422254Z env:
sweep	Run actions/setup-node@v4	2026-08-26T17:44:09.1422538Z   R2_BUCKET: hellokahwin-assets
sweep	Run actions/setup-node@v4	2026-08-26T17:44:09.1422907Z   STATE_KEY: indexing-monitor/state.json
sweep	Run actions/setup-node@v4	2026-08-26T17:44:09.1423298Z   OUT_DIR: .tmp-indexing-monitor
sweep	Run actions/setup-node@v4	2026-08-26T17:44:09.1423721Z   PNPM_HOME: /home/runner/setup-pnpm/node_modules/.bin
sweep	Run actions/setup-node@v4	2026-08-26T17:44:09.1424121Z ##[endgroup]
sweep	Run actions/setup-node@v4	2026-08-26T17:44:09.2835765Z Found in cache @ /opt/hostedtoolcache/node/22.23.2/x64
sweep	Run actions/setup-node@v4	2026-08-26T17:44:09.2838964Z (node:2250) [DEP0040] DeprecationWarning: The `punycode` module is deprecated. Please use a userland alternative instead.
sweep	Run actions/setup-node@v4	2026-08-26T17:44:09.2839734Z (Use `node --trace-deprecation ...` to show where the warning was created)
sweep	Run actions/setup-node@v4	2026-08-26T17:44:09.2842035Z ##[group]Environment details
sweep	Run actions/setup-node@v4	2026-08-26T17:44:09.6178953Z node: v22.23.2
sweep	Run actions/setup-node@v4	2026-08-26T17:44:09.6179410Z npm: 10.9.8
sweep	Run actions/setup-node@v4	2026-08-26T17:44:09.6179707Z yarn: 1.22.22
sweep	Run actions/setup-node@v4	2026-08-26T17:44:09.6180366Z ##[endgroup]
sweep	Run actions/setup-node@v4	2026-08-26T17:44:09.6220154Z [command]/home/runner/setup-pnpm/node_modules/.bin/pnpm store path --silent
sweep	Run actions/setup-node@v4	2026-08-26T17:44:10.0325080Z /home/runner/setup-pnpm/node_modules/.bin/store/v10
sweep	Run actions/setup-node@v4	2026-08-26T17:44:10.1624776Z pnpm cache is not found
sweep	Install	﻿2026-08-26T17:44:10.1770590Z ##[group]Run pnpm install --frozen-lockfile --ignore-scripts
sweep	Install	2026-08-26T17:44:10.1771223Z ^[[36;1mpnpm install --frozen-lockfile --ignore-scripts^[[0m
sweep	Install	2026-08-26T17:44:10.1819258Z shell: /usr/bin/bash -e ***0***
sweep	Install	2026-08-26T17:44:10.1819640Z env:
sweep	Install	2026-08-26T17:44:10.1819942Z   R2_BUCKET: hellokahwin-assets
sweep	Install	2026-08-26T17:44:10.1820324Z   STATE_KEY: indexing-monitor/state.json
sweep	Install	2026-08-26T17:44:10.1820707Z   OUT_DIR: .tmp-indexing-monitor
sweep	Install	2026-08-26T17:44:10.1821118Z   PNPM_HOME: /home/runner/setup-pnpm/node_modules/.bin
sweep	Install	2026-08-26T17:44:10.1821827Z ##[endgroup]
sweep	Install	2026-08-26T17:44:10.5749583Z Lockfile is up to date, resolution step is skipped
sweep	Install	2026-08-26T17:44:10.6440876Z Progress: resolved 1, reused 0, downloaded 0, added 0
sweep	Install	2026-08-26T17:44:10.7822936Z Packages: +1087
sweep	Install	2026-08-26T17:44:10.7836394Z ++++++++++++++++++++++++++++++++++++++++++++++++++++++++++++++++++++++++++++++++
sweep	Install	2026-08-26T17:44:11.6473525Z Progress: resolved 1087, reused 0, downloaded 47, added 16
sweep	Install	2026-08-26T17:44:12.6483193Z Progress: resolved 1087, reused 0, downloaded 136, added 72
sweep	Install	2026-08-26T17:44:13.6476768Z Progress: resolved 1087, reused 0, downloaded 201, added 123
sweep	Install	2026-08-26T17:44:14.6477697Z Progress: resolved 1087, reused 0, downloaded 318, added 219
sweep	Install	2026-08-26T17:44:15.6663364Z Progress: resolved 1087, reused 0, downloaded 484, added 428
sweep	Install	2026-08-26T17:44:16.6603233Z Progress: resolved 1087, reused 0, downloaded 735, added 718
sweep	Install	2026-08-26T17:44:17.6598299Z Progress: resolved 1087, reused 0, downloaded 1034, added 1032
sweep	Install	2026-08-26T17:44:17.9086322Z Progress: resolved 1087, reused 0, downloaded 1087, added 1087, done
sweep	Install	2026-08-26T17:44:18.3770571Z 
sweep	Install	2026-08-26T17:44:18.3771473Z dependencies:
sweep	Install	2026-08-26T17:44:18.3772276Z + @aws-sdk/client-rekognition 3.1115.0
sweep	Install	2026-08-26T17:44:18.3772914Z + @aws-sdk/client-s3 3.1115.0
sweep	Install	2026-08-26T17:44:18.3773523Z + @aws-sdk/s3-request-presigner 3.1115.0
sweep	Install	2026-08-26T17:44:18.3774122Z + @clerk/backend 3.2.7
sweep	Install	2026-08-26T17:44:18.3774590Z + @clerk/nextjs 7.8.0
sweep	Install	2026-08-26T17:44:18.3775066Z + @dnd-kit/core 6.3.1
sweep	Install	2026-08-26T17:44:18.3775570Z + @dnd-kit/sortable 10.0.0
sweep	Install	2026-08-26T17:44:18.3776083Z + @dnd-kit/utilities 3.2.2
sweep	Install	2026-08-26T17:44:18.3776637Z + @jspawn/ghostscript-wasm 0.0.2
sweep	Install	2026-08-26T17:44:18.3777184Z + @tiptap/core 2.27.2
sweep	Install	2026-08-26T17:44:18.3777702Z + @tiptap/extension-image 2.27.2
sweep	Install	2026-08-26T17:44:18.3778282Z + @tiptap/extension-link 2.27.2
sweep	Install	2026-08-26T17:44:18.3778890Z + @tiptap/extension-mention 2.27.2
sweep	Install	2026-08-26T17:44:18.3779553Z + @tiptap/extension-table 2.27.2
sweep	Install	2026-08-26T17:44:18.3780172Z + @tiptap/extension-table-cell 2.27.2
sweep	Install	2026-08-26T17:44:18.3780826Z + @tiptap/extension-table-header 2.27.2
sweep	Install	2026-08-26T17:44:18.3781496Z + @tiptap/extension-table-row 2.27.2
sweep	Install	2026-08-26T17:44:18.3782311Z + @tiptap/extension-underline 2.27.2
sweep	Install	2026-08-26T17:44:18.3782912Z + @tiptap/html 2.27.2
sweep	Install	2026-08-26T17:44:18.3783394Z + @tiptap/pm 2.27.2
sweep	Install	2026-08-26T17:44:18.3783884Z + @tiptap/react 2.27.2
sweep	Install	2026-08-26T17:44:18.3784385Z + @tiptap/starter-kit 2.27.2
sweep	Install	2026-08-26T17:44:18.3784909Z + @tiptap/suggestion 2.27.2
sweep	Install	2026-08-26T17:44:18.3785416Z + @vercel/functions 3.9.5
sweep	Install	2026-08-26T17:44:18.3785989Z + browser-image-compression 2.0.2
sweep	Install	2026-08-26T17:44:18.3786600Z + class-variance-authority 0.7.1
sweep	Install	2026-08-26T17:44:18.3787111Z + clsx 2.1.1
sweep	Install	2026-08-26T17:44:18.3787534Z + date-fns 4.4.0
sweep	Install	2026-08-26T17:44:18.3787994Z + drizzle-orm 0.45.2
sweep	Install	2026-08-26T17:44:18.3788444Z + he 1.2.0
sweep	Install	2026-08-26T17:44:18.3788887Z + lucide-react 0.563.0
sweep	Install	2026-08-26T17:44:18.3789340Z + next 16.1.6
sweep	Install	2026-08-26T17:44:18.3789777Z + next-themes 0.4.6
sweep	Install	2026-08-26T17:44:18.3790224Z + novel 1.0.2
sweep	Install	2026-08-26T17:44:18.3790674Z + pdfjs-dist 5.4.296
sweep	Install	2026-08-26T17:44:18.3791124Z + postgres 3.4.9
sweep	Install	2026-08-26T17:44:18.3791773Z + radix-ui 1.6.7
sweep	Install	2026-08-26T17:44:18.3792163Z + react 19.2.3
sweep	Install	2026-08-26T17:44:18.3792587Z + react-dom 19.2.3
sweep	Install	2026-08-26T17:44:18.3792913Z + react-easy-crop 5.5.7
sweep	Install	2026-08-26T17:44:18.3793563Z + react-pdf 10.5.0
sweep	Install	2026-08-26T17:44:18.3793872Z + sanitize-html 2.17.7
sweep	Install	2026-08-26T17:44:18.3794180Z + server-only 0.0.1
sweep	Install	2026-08-26T17:44:18.3794472Z + sharp 0.34.5
sweep	Install	2026-08-26T17:44:18.3794753Z + sonner 2.0.8
sweep	Install	2026-08-26T17:44:18.3795268Z + tailwind-merge 3.6.0
sweep	Install	2026-08-26T17:44:18.3795571Z + zod 4.4.3
sweep	Install	2026-08-26T17:44:18.3795738Z 
sweep	Install	2026-08-26T17:44:18.3795954Z devDependencies:
sweep	Install	2026-08-26T17:44:18.3796361Z + @tailwindcss/postcss 4.3.3
sweep	Install	2026-08-26T17:44:18.3796846Z + @testing-library/jest-dom 6.10.0
sweep	Install	2026-08-26T17:44:18.3797249Z + @testing-library/react 16.3.2
sweep	Install	2026-08-26T17:44:18.3797590Z + @types/he 1.2.3
sweep	Install	2026-08-26T17:44:18.3797899Z + @types/node 20.19.43
sweep	Install	2026-08-26T17:44:18.3798254Z + @types/react 19.2.18
sweep	Install	2026-08-26T17:44:18.3798691Z + @types/react-dom 19.2.4
sweep	Install	2026-08-26T17:44:18.3799202Z + @types/sanitize-html 2.16.1
sweep	Install	2026-08-26T17:44:18.3799711Z + @vitejs/plugin-react 5.2.0
sweep	Install	2026-08-26T17:44:18.3800198Z + dotenv 16.6.1
sweep	Install	2026-08-26T17:44:18.3800676Z + drizzle-kit 0.31.10
sweep	Install	2026-08-26T17:44:18.3801148Z + eslint 9.39.5
sweep	Install	2026-08-26T17:44:18.3802647Z + eslint-config-next 16.1.6
sweep	Install	2026-08-26T17:44:18.3803194Z + jsdom 28.1.0
sweep	Install	2026-08-26T17:44:18.3803644Z + marked 18.0.10
sweep	Install	2026-08-26T17:44:18.3804087Z + prettier 3.9.6
sweep	Install	2026-08-26T17:44:18.3804649Z + shadcn 3.8.5
sweep	Install	2026-08-26T17:44:18.3805149Z + tailwindcss 4.3.3
sweep	Install	2026-08-26T17:44:18.3805590Z + tsx 4.23.12
sweep	Install	2026-08-26T17:44:18.3806059Z + tw-animate-css 1.4.0
sweep	Install	2026-08-26T17:44:18.3806552Z + typescript 5.9.3
sweep	Install	2026-08-26T17:44:18.3807016Z + vitest 4.1.11
sweep	Install	2026-08-26T17:44:18.3807459Z + yaml 2.9.0
sweep	Install	2026-08-26T17:44:18.3807711Z 
sweep	Install	2026-08-26T17:44:18.4010238Z Done in 8.1s using pnpm v10.34.5
sweep	Fetch the ledger from R2	﻿2026-08-26T17:44:18.4567614Z ##[group]Run set -euo pipefail
sweep	Fetch the ledger from R2	2026-08-26T17:44:18.4568039Z ^[[36;1mset -euo pipefail^[[0m
sweep	Fetch the ledger from R2	2026-08-26T17:44:18.4568498Z ^[[36;1mEP="https://$***R2_ACCOUNT_ID***.r2.cloudflarestorage.com"^[[0m
sweep	Fetch the ledger from R2	2026-08-26T17:44:18.4569055Z ^[[36;1mecho "R2_ENDPOINT=$EP" >> "$GITHUB_ENV"^[[0m
sweep	Fetch the ledger from R2	2026-08-26T17:44:18.4569474Z ^[[36;1mmkdir -p "$OUT_DIR"^[[0m
sweep	Fetch the ledger from R2	2026-08-26T17:44:18.4569805Z ^[[36;1m^[[0m
sweep	Fetch the ledger from R2	2026-08-26T17:44:18.4570256Z ^[[36;1m# Existence is checked SEPARATELY from the download so that "there is^[[0m
sweep	Fetch the ledger from R2	2026-08-26T17:44:18.4570855Z ^[[36;1m# no ledger yet" and "the ledger is there but we could not read it"^[[0m
sweep	Fetch the ledger from R2	2026-08-26T17:44:18.4571418Z ^[[36;1m# cannot produce the same outcome. The second silently resets every^[[0m
sweep	Fetch the ledger from R2	2026-08-26T17:44:18.4572219Z ^[[36;1m# grace window, which would stop the alarm ever firing.^[[0m
sweep	Fetch the ledger from R2	2026-08-26T17:44:18.4572764Z ^[[36;1mif aws s3api head-object --bucket "$R2_BUCKET" --key "$STATE_KEY" \^[[0m
sweep	Fetch the ledger from R2	2026-08-26T17:44:18.4573272Z ^[[36;1m     --endpoint-url "$EP" > /dev/null 2>&1; then^[[0m
sweep	Fetch the ledger from R2	2026-08-26T17:44:18.4573820Z ^[[36;1m  echo "ledger exists in R2 — downloading (a failure here FAILS the run)"^[[0m
sweep	Fetch the ledger from R2	2026-08-26T17:44:18.4574513Z ^[[36;1m  aws s3 cp "s3://$***R2_BUCKET***/$***STATE_KEY***" "$***OUT_DIR***/state.json" \^[[0m
sweep	Fetch the ledger from R2	2026-08-26T17:44:18.4575042Z ^[[36;1m    --endpoint-url "$EP"^[[0m
sweep	Fetch the ledger from R2	2026-08-26T17:44:18.4575486Z ^[[36;1m  echo "bytes: $(stat -c %s "$***OUT_DIR***/state.json")"^[[0m
sweep	Fetch the ledger from R2	2026-08-26T17:44:18.4575926Z ^[[36;1melse^[[0m
sweep	Fetch the ledger from R2	2026-08-26T17:44:18.4576395Z ^[[36;1m  echo "::notice::no ledger at s3://$***R2_BUCKET***/$***STATE_KEY*** — this run is a FIRST RUN."^[[0m
sweep	Fetch the ledger from R2	2026-08-26T17:44:18.4577101Z ^[[36;1m  echo "Every grace window will be measured from the sitemap's own lastmod."^[[0m
sweep	Fetch the ledger from R2	2026-08-26T17:44:18.4577761Z ^[[36;1m  echo "If this notice appears on a day that is not the first, the ledger was lost."^[[0m
sweep	Fetch the ledger from R2	2026-08-26T17:44:18.4578266Z ^[[36;1mfi^[[0m
sweep	Fetch the ledger from R2	2026-08-26T17:44:18.4618985Z shell: /usr/bin/bash -e ***0***
sweep	Fetch the ledger from R2	2026-08-26T17:44:18.4619351Z env:
sweep	Fetch the ledger from R2	2026-08-26T17:44:18.4619652Z   R2_BUCKET: hellokahwin-assets
sweep	Fetch the ledger from R2	2026-08-26T17:44:18.4620035Z   STATE_KEY: indexing-monitor/state.json
sweep	Fetch the ledger from R2	2026-08-26T17:44:18.4620435Z   OUT_DIR: .tmp-indexing-monitor
sweep	Fetch the ledger from R2	2026-08-26T17:44:18.4620836Z   PNPM_HOME: /home/runner/setup-pnpm/node_modules/.bin
sweep	Fetch the ledger from R2	2026-08-26T17:44:18.4621325Z   AWS_ACCESS_KEY_ID: ***
sweep	Fetch the ledger from R2	2026-08-26T17:44:18.4622087Z   AWS_SECRET_ACCESS_KEY: ***
sweep	Fetch the ledger from R2	2026-08-26T17:44:18.4622447Z   AWS_DEFAULT_REGION: auto
sweep	Fetch the ledger from R2	2026-08-26T17:44:18.4623025Z   R2_ACCOUNT_ID: ***
sweep	Fetch the ledger from R2	2026-08-26T17:44:18.4623329Z ##[endgroup]
sweep	Fetch the ledger from R2	2026-08-26T17:44:22.6872379Z ##[notice]no ledger at s3://hellokahwin-assets/indexing-monitor/state.json — this run is a FIRST RUN.
sweep	Fetch the ledger from R2	2026-08-26T17:44:22.6882840Z Every grace window will be measured from the sitemap's own lastmod.
sweep	Fetch the ledger from R2	2026-08-26T17:44:22.6883983Z If this notice appears on a day that is not the first, the ledger was lost.
sweep	Sweep every sitemap URL through Google	﻿2026-08-26T17:44:22.6975715Z ##[group]Run set -euo pipefail
sweep	Sweep every sitemap URL through Google	2026-08-26T17:44:22.6976288Z ^[[36;1mset -euo pipefail^[[0m
sweep	Sweep every sitemap URL through Google	2026-08-26T17:44:22.6976768Z ^[[36;1margs=(--out "$OUT_DIR")^[[0m
sweep	Sweep every sitemap URL through Google	2026-08-26T17:44:22.6977343Z ^[[36;1mif [ -n "$***PROBE_URL:-***" ]; then^[[0m
sweep	Sweep every sitemap URL through Google	2026-08-26T17:44:22.6978047Z ^[[36;1m  echo "::warning::probe URL injected on purpose: $***PROBE_URL***"^[[0m
sweep	Sweep every sitemap URL through Google	2026-08-26T17:44:22.6978748Z ^[[36;1m  args+=(--probe-url "$PROBE_URL")^[[0m
sweep	Sweep every sitemap URL through Google	2026-08-26T17:44:22.6979237Z ^[[36;1mfi^[[0m
sweep	Sweep every sitemap URL through Google	2026-08-26T17:44:22.6979701Z ^[[36;1mpnpm --silent monitor:indexing "$***args[@]***"^[[0m
sweep	Sweep every sitemap URL through Google	2026-08-26T17:44:22.7031202Z shell: /usr/bin/bash -e ***0***
sweep	Sweep every sitemap URL through Google	2026-08-26T17:44:22.7031918Z env:
sweep	Sweep every sitemap URL through Google	2026-08-26T17:44:22.7032345Z   R2_BUCKET: hellokahwin-assets
sweep	Sweep every sitemap URL through Google	2026-08-26T17:44:22.7032891Z   STATE_KEY: indexing-monitor/state.json
sweep	Sweep every sitemap URL through Google	2026-08-26T17:44:22.7033473Z   OUT_DIR: .tmp-indexing-monitor
sweep	Sweep every sitemap URL through Google	2026-08-26T17:44:22.7034073Z   PNPM_HOME: /home/runner/setup-pnpm/node_modules/.bin
sweep	Sweep every sitemap URL through Google	2026-08-26T17:44:22.7035003Z   R2_ENDPOINT: https://***.r2.cloudflarestorage.com
sweep	Sweep every sitemap URL through Google	2026-08-26T17:44:22.7050740Z   GSC_SERVICE_ACCOUNT_JSON: ***
sweep	Sweep every sitemap URL through Google	2026-08-26T17:44:22.7051633Z   MONITOR_RUN_URL: https://github.com/ianngkb/hellokahwin/actions/runs/32995851727
sweep	Sweep every sitemap URL through Google	2026-08-26T17:44:22.7052671Z   PROBE_URL: https://hellokahwin.com/artikel/idea-dan-nasihat/risk-05-probe-2026-08-27
sweep	Sweep every sitemap URL through Google	2026-08-26T17:44:22.7053455Z ##[endgroup]
sweep	Sweep every sitemap URL through Google	2026-08-26T17:44:22.7141059Z ##[warning]probe URL injected on purpose: https://hellokahwin.com/artikel/idea-dan-nasihat/risk-05-probe-2026-08-27
sweep	Sweep every sitemap URL through Google	2026-08-26T17:44:23.2579287Z Indexing monitor
sweep	Sweep every sitemap URL through Google	2026-08-26T17:44:23.2580401Z   property   : https://hellokahwin.com/
sweep	Sweep every sitemap URL through Google	2026-08-26T17:44:23.2581780Z   sitemap    : https://hellokahwin.com/sitemap.xml
sweep	Sweep every sitemap URL through Google	2026-08-26T17:44:23.2582613Z   state      : .tmp-indexing-monitor/state.json
sweep	Sweep every sitemap URL through Google	2026-08-26T17:44:23.2583319Z   out        : .tmp-indexing-monitor
sweep	Sweep every sitemap URL through Google	2026-08-26T17:44:23.2583880Z   grace      : 72h
sweep	Sweep every sitemap URL through Google	2026-08-26T17:44:23.2584736Z   probe URLs : https://hellokahwin.com/artikel/idea-dan-nasihat/risk-05-probe-2026-08-27
sweep	Sweep every sitemap URL through Google	2026-08-26T17:44:23.2587809Z   ledger     : no readable state at .tmp-indexing-monitor/state.json — treating this as a FIRST RUN. Every URL's grace window will be measured from its sitemap lastmod. If this says "first run" on a day that is not the first, the state file did not come down from R2 and the monitor has amnesia.
sweep	Sweep every sitemap URL through Google	2026-08-26T17:44:23.5502062Z 
sweep	Sweep every sitemap URL through Google	2026-08-26T17:44:23.5502848Z 91 URLs in the live sitemap.
sweep	Sweep every sitemap URL through Google	2026-08-26T17:44:23.6477728Z 
sweep	Sweep every sitemap URL through Google	2026-08-26T17:44:23.6478992Z Inspecting…
sweep	Sweep every sitemap URL through Google	2026-08-26T17:44:29.9956856Z   [  1/92] https://hellokahwin.com/artikel/hiasan-dekorasi
sweep	Sweep every sitemap URL through Google	2026-08-26T17:44:29.9958020Z         Excluded by ‘noindex’ tag
sweep	Sweep every sitemap URL through Google	2026-08-26T17:44:30.3491289Z   [  2/92] https://hellokahwin.com
sweep	Sweep every sitemap URL through Google	2026-08-26T17:44:30.3492273Z         Submitted and indexed
sweep	Sweep every sitemap URL through Google	2026-08-26T17:44:30.5877514Z   [  3/92] https://hellokahwin.com/artikel/idea-dan-nasihat
sweep	Sweep every sitemap URL through Google	2026-08-26T17:44:30.5878087Z         Submitted and indexed
sweep	Sweep every sitemap URL through Google	2026-08-26T17:44:30.8962355Z   [  4/92] https://hellokahwin.com/artikel
sweep	Sweep every sitemap URL through Google	2026-08-26T17:44:30.8963047Z         Submitted and indexed
sweep	Sweep every sitemap URL through Google	2026-08-26T17:44:36.6779687Z   [  5/92] https://hellokahwin.com/artikel/real-wedding
sweep	Sweep every sitemap URL through Google	2026-08-26T17:44:36.6780284Z         Submitted and indexed
sweep	Sweep every sitemap URL through Google	2026-08-26T17:44:36.7801898Z   [  6/92] https://hellokahwin.com/artikel/pantai-santai
sweep	Sweep every sitemap URL through Google	2026-08-26T17:44:36.7802726Z         Excluded by ‘noindex’ tag
sweep	Sweep every sitemap URL through Google	2026-08-26T17:44:36.9274563Z   [  7/92] https://hellokahwin.com/artikel/moden-kontemporari
sweep	Sweep every sitemap URL through Google	2026-08-26T17:44:36.9275526Z         Excluded by ‘noindex’ tag
sweep	Sweep every sitemap URL through Google	2026-08-26T17:44:37.6768433Z   [  8/92] https://hellokahwin.com/artikel/glamor-eksklusif
sweep	Sweep every sitemap URL through Google	2026-08-26T17:44:37.6769559Z         Excluded by ‘noindex’ tag
sweep	Sweep every sitemap URL through Google	2026-08-26T17:44:43.1670958Z   [  9/92] https://hellokahwin.com/artikel/fotografi-videografi
sweep	Sweep every sitemap URL through Google	2026-08-26T17:44:43.1672595Z         Excluded by ‘noindex’ tag
sweep	Sweep every sitemap URL through Google	2026-08-26T17:44:43.4939889Z   [ 10/92] https://hellokahwin.com/artikel/minimalis-mewah
sweep	Sweep every sitemap URL through Google	2026-08-26T17:44:43.4941153Z         Excluded by ‘noindex’ tag
sweep	Sweep every sitemap URL through Google	2026-08-26T17:44:43.7332168Z   [ 11/92] https://hellokahwin.com/artikel/nikah-undang-undang
sweep	Sweep every sitemap URL through Google	2026-08-26T17:44:43.7332984Z         Submitted and indexed
sweep	Sweep every sitemap URL through Google	2026-08-26T17:44:44.1123572Z   [ 12/92] https://hellokahwin.com/artikel/hantaran-mas-kahwin
sweep	Sweep every sitemap URL through Google	2026-08-26T17:44:44.1124367Z         Submitted and indexed
sweep	Sweep every sitemap URL through Google	2026-08-26T17:44:49.5377342Z   [ 13/92] https://hellokahwin.com/artikel/ucapan-doa
sweep	Sweep every sitemap URL through Google	2026-08-26T17:44:49.5377892Z         Submitted and indexed
sweep	Sweep every sitemap URL through Google	2026-08-26T17:44:50.5468331Z   [ 14/92] https://hellokahwin.com/artikel/busana-pengantin
sweep	Sweep every sitemap URL through Google	2026-08-26T17:44:50.5469130Z         Submitted and indexed
sweep	Sweep every sitemap URL through Google	2026-08-26T17:44:50.6461491Z   [ 15/92] https://hellokahwin.com/artikel/pelamin-kad-cenderahati
sweep	Sweep every sitemap URL through Google	2026-08-26T17:44:50.6462306Z         Submitted and indexed
sweep	Sweep every sitemap URL through Google	2026-08-26T17:44:51.0105213Z   [ 16/92] https://hellokahwin.com/artikel/venue-perancangan
sweep	Sweep every sitemap URL through Google	2026-08-26T17:44:51.0105985Z         Submitted and indexed
sweep	Sweep every sitemap URL through Google	2026-08-26T17:44:56.1456693Z   [ 17/92] https://hellokahwin.com/artikel/sebelum-nikah
sweep	Sweep every sitemap URL through Google	2026-08-26T17:44:56.1457246Z         Submitted and indexed
sweep	Sweep every sitemap URL through Google	2026-08-26T17:44:57.0674085Z   [ 18/92] https://hellokahwin.com/artikel/hantaran-mas-kahwin/mas-kahwin-kelantan-terengganu
sweep	Sweep every sitemap URL through Google	2026-08-26T17:44:57.0674957Z         Submitted and indexed
sweep	Sweep every sitemap URL through Google	2026-08-26T17:44:57.1547224Z   [ 19/92] https://hellokahwin.com/artikel/busana-pengantin/baju-pengantin-sewa-atau-beli
sweep	Sweep every sitemap URL through Google	2026-08-26T17:44:57.6923553Z         Submitted and indexed
sweep	Sweep every sitemap URL through Google	2026-08-26T17:44:57.6924219Z   [ 20/92] https://hellokahwin.com/artikel/glamor-eksklusif/amankila-bali
sweep	Sweep every sitemap URL through Google	2026-08-26T17:44:57.6924752Z         Submitted and indexed
sweep	Sweep every sitemap URL through Google	2026-08-26T17:45:03.0041808Z   [ 21/92] https://hellokahwin.com/artikel/nikah-undang-undang/rukun-nikah
sweep	Sweep every sitemap URL through Google	2026-08-26T17:45:03.0042430Z         Submitted and indexed
sweep	Sweep every sitemap URL through Google	2026-08-26T17:45:03.4595528Z   [ 22/92] https://hellokahwin.com/artikel/hantaran-mas-kahwin/mas-kahwin-sabah-sarawak
sweep	Sweep every sitemap URL through Google	2026-08-26T17:45:03.4596233Z         Submitted and indexed
sweep	Sweep every sitemap URL through Google	2026-08-26T17:45:03.6373724Z   [ 23/92] https://hellokahwin.com/artikel/venue-perancangan/checklist-kahwin
sweep	Sweep every sitemap URL through Google	2026-08-26T17:45:03.6374352Z         Submitted and indexed
sweep	Sweep every sitemap URL through Google	2026-08-26T17:45:04.1569808Z   [ 24/92] https://hellokahwin.com/artikel/sebelum-nikah/cincin-tunang
sweep	Sweep every sitemap URL through Google	2026-08-26T17:45:04.1570424Z         Submitted and indexed
sweep	Sweep every sitemap URL through Google	2026-08-26T17:45:09.6970935Z   [ 25/92] https://hellokahwin.com/artikel/glamor-eksklusif/grand-hyatt-kuala-lumpur
sweep	Sweep every sitemap URL through Google	2026-08-26T17:45:09.6971809Z         Submitted and indexed
sweep	Sweep every sitemap URL through Google	2026-08-26T17:45:10.2333404Z   [ 26/92] https://hellokahwin.com/artikel/venue-perancangan/bajet-kahwin
sweep	Sweep every sitemap URL through Google	2026-08-26T17:45:10.2334033Z         Submitted and indexed
sweep	Sweep every sitemap URL through Google	2026-08-26T17:45:10.7492723Z   [ 27/92] https://hellokahwin.com/artikel/venue-perancangan/pakej-dewan-kahwin
sweep	Sweep every sitemap URL through Google	2026-08-26T17:45:10.7493379Z         Submitted and indexed
sweep	Sweep every sitemap URL through Google	2026-08-26T17:45:10.8149729Z   [ 28/92] https://hellokahwin.com/artikel/ucapan-doa/ucapan-pengantin-baru
sweep	Sweep every sitemap URL through Google	2026-08-26T17:45:10.8150405Z         Submitted and indexed
sweep	Sweep every sitemap URL through Google	2026-08-26T17:45:16.3459350Z   [ 29/92] https://hellokahwin.com/artikel/hantaran-mas-kahwin/sirih-junjung
sweep	Sweep every sitemap URL through Google	2026-08-26T17:45:16.3459978Z         Submitted and indexed
sweep	Sweep every sitemap URL through Google	2026-08-26T17:45:16.7022095Z   [ 30/92] https://hellokahwin.com/artikel/hantaran-mas-kahwin/mas-kahwin-pahang-negeri-sembilan
sweep	Sweep every sitemap URL through Google	2026-08-26T17:45:16.7023072Z         Submitted and indexed
sweep	Sweep every sitemap URL through Google	2026-08-26T17:45:17.1449976Z   [ 31/92] https://hellokahwin.com/artikel/ucapan-doa/doa-pengantin-baru
sweep	Sweep every sitemap URL through Google	2026-08-26T17:45:17.1450824Z         Submitted and indexed
sweep	Sweep every sitemap URL through Google	2026-08-26T17:45:17.4222082Z   [ 32/92] https://hellokahwin.com/artikel/real-wedding/villa-warisan
sweep	Sweep every sitemap URL through Google	2026-08-26T17:45:17.4222925Z         Submitted and indexed
sweep	Sweep every sitemap URL through Google	2026-08-26T17:45:22.6608775Z   [ 33/92] https://hellokahwin.com/artikel/moden-kontemporari/marriott-putrajaya
sweep	Sweep every sitemap URL through Google	2026-08-26T17:45:22.6609417Z         Submitted and indexed
sweep	Sweep every sitemap URL through Google	2026-08-26T17:45:23.2211338Z   [ 34/92] https://hellokahwin.com/artikel/pelamin-kad-cenderahati/contoh-kad-jemputan-kahwin
sweep	Sweep every sitemap URL through Google	2026-08-26T17:45:23.2212740Z         Submitted and indexed
sweep	Sweep every sitemap URL through Google	2026-08-26T17:45:23.6006328Z   [ 35/92] https://hellokahwin.com/artikel/fotografi-videografi/lokasi-pre-wedding-photoshoot-terbaik
sweep	Sweep every sitemap URL through Google	2026-08-26T17:45:23.6007121Z         Discovered - currently not indexed
sweep	Sweep every sitemap URL through Google	2026-08-26T17:45:24.2857832Z   [ 36/92] https://hellokahwin.com/artikel/idea-dan-nasihat/cara-buat-kad-kahwin-digital
sweep	Sweep every sitemap URL through Google	2026-08-26T17:45:24.2858491Z         Submitted and indexed
sweep	Sweep every sitemap URL through Google	2026-08-26T17:45:29.2722564Z   [ 37/92] https://hellokahwin.com/artikel/ucapan-doa/doa-majlis-perkahwinan
sweep	Sweep every sitemap URL through Google	2026-08-26T17:45:29.2723441Z         Submitted and indexed
sweep	Sweep every sitemap URL through Google	2026-08-26T17:45:29.6302324Z   [ 38/92] https://hellokahwin.com/artikel/venue-perancangan/harga-sewa-dewan-kahwin
sweep	Sweep every sitemap URL through Google	2026-08-26T17:45:29.6303268Z         Submitted and indexed
sweep	Sweep every sitemap URL through Google	2026-08-26T17:45:29.9949632Z   [ 39/92] https://hellokahwin.com/artikel/moden-kontemporari/sime-darby-convention-centre
sweep	Sweep every sitemap URL through Google	2026-08-26T17:45:29.9950578Z         Submitted and indexed
sweep	Sweep every sitemap URL through Google	2026-08-26T17:45:30.7053490Z   [ 40/92] https://hellokahwin.com/artikel/real-wedding/cheong-fatt-tze-mansion
sweep	Sweep every sitemap URL through Google	2026-08-26T17:45:30.7054429Z         Submitted and indexed
sweep	Sweep every sitemap URL through Google	2026-08-26T17:45:35.9415335Z   [ 41/92] https://hellokahwin.com/artikel/real-wedding/sentosa-janda-baik
sweep	Sweep every sitemap URL through Google	2026-08-26T17:45:35.9416189Z         Submitted and indexed
sweep	Sweep every sitemap URL through Google	2026-08-26T17:45:36.3821750Z   [ 42/92] https://hellokahwin.com/artikel/idea-dan-nasihat/pelamin-kahwin-dewan
sweep	Sweep every sitemap URL through Google	2026-08-26T17:45:36.3822655Z         Submitted and indexed
sweep	Sweep every sitemap URL through Google	2026-08-26T17:45:36.8414226Z   [ 43/92] https://hellokahwin.com/artikel/hantaran-mas-kahwin/hantaran-tunang
sweep	Sweep every sitemap URL through Google	2026-08-26T17:45:36.8415161Z         URL is unknown to Google
sweep	Sweep every sitemap URL through Google	2026-08-26T17:45:37.1115465Z   [ 44/92] https://hellokahwin.com/artikel/busana-pengantin/inai-tangan-pengantin
sweep	Sweep every sitemap URL through Google	2026-08-26T17:45:37.1116383Z         Submitted and indexed
sweep	Sweep every sitemap URL through Google	2026-08-26T17:45:42.5896563Z   [ 45/92] https://hellokahwin.com/artikel/hantaran-mas-kahwin/hantaran-kahwin-5-balas-7
sweep	Sweep every sitemap URL through Google	2026-08-26T17:45:42.5897275Z         Discovered - currently not indexed
sweep	Sweep every sitemap URL through Google	2026-08-26T17:45:42.6637792Z   [ 46/92] https://hellokahwin.com/artikel/hantaran-mas-kahwin/nisbah-hantaran
sweep	Sweep every sitemap URL through Google	2026-08-26T17:45:42.6638590Z         Discovered - currently not indexed
sweep	Sweep every sitemap URL through Google	2026-08-26T17:45:43.3911466Z   [ 47/92] https://hellokahwin.com/artikel/hantaran-mas-kahwin/hantaran-wajib-atau-adat
sweep	Sweep every sitemap URL through Google	2026-08-26T17:45:43.3912398Z         Discovered - currently not indexed
sweep	Sweep every sitemap URL through Google	2026-08-26T17:45:43.5476206Z   [ 48/92] https://hellokahwin.com/artikel/minimalis-mewah/the-danna-langkawi
sweep	Sweep every sitemap URL through Google	2026-08-26T17:45:43.5477124Z         Submitted and indexed
sweep	Sweep every sitemap URL through Google	2026-08-26T17:45:49.3637270Z   [ 49/92] https://hellokahwin.com/artikel/real-wedding/perkahwinan-taman-kebun-yang-minimalis-di-hulu-langat
sweep	Sweep every sitemap URL through Google	2026-08-26T17:45:49.3638037Z         Submitted and indexed
sweep	Sweep every sitemap URL through Google	2026-08-26T17:45:49.3748650Z   [ 50/92] https://hellokahwin.com/artikel/hantaran-mas-kahwin/hantaran-tunang-3-balas-5
sweep	Sweep every sitemap URL through Google	2026-08-26T17:45:49.3749231Z         Submitted and indexed
sweep	Sweep every sitemap URL through Google	2026-08-26T17:45:49.7829130Z   [ 51/92] https://hellokahwin.com/artikel/hantaran-mas-kahwin/bilangan-dulang-hantaran-ganjil
sweep	Sweep every sitemap URL through Google	2026-08-26T17:45:49.7830173Z         Discovered - currently not indexed
sweep	Sweep every sitemap URL through Google	2026-08-26T17:45:50.4943451Z   [ 52/92] https://hellokahwin.com/artikel/sebelum-nikah/doa-majlis-pertunangan
sweep	Sweep every sitemap URL through Google	2026-08-26T17:45:50.4944096Z         Submitted and indexed
sweep	Sweep every sitemap URL through Google	2026-08-26T17:45:55.7823410Z   [ 53/92] https://hellokahwin.com/artikel/hantaran-mas-kahwin/cara-tetapkan-duit-hantaran
sweep	Sweep every sitemap URL through Google	2026-08-26T17:45:55.7824141Z         Discovered - currently not indexed
sweep	Sweep every sitemap URL through Google	2026-08-26T17:45:55.8924191Z   [ 54/92] https://hellokahwin.com/artikel/hantaran-mas-kahwin/duit-hantaran-kahwin
sweep	Sweep every sitemap URL through Google	2026-08-26T17:45:55.8924933Z         Discovered - currently not indexed
sweep	Sweep every sitemap URL through Google	2026-08-26T17:45:56.4902272Z   [ 55/92] https://hellokahwin.com/artikel/hantaran-mas-kahwin/adat-hantaran-berbeza-negeri
sweep	Sweep every sitemap URL through Google	2026-08-26T17:45:56.4903317Z         Discovered - currently not indexed
sweep	Sweep every sitemap URL through Google	2026-08-26T17:45:56.9067816Z   [ 56/92] https://hellokahwin.com/artikel/real-wedding/perkahwinan-di-ruma-hotel-kuala-lumpur-dengan-sentuhan-warisan-peranakan
sweep	Sweep every sitemap URL through Google	2026-08-26T17:45:56.9069088Z         Submitted and indexed
sweep	Sweep every sitemap URL through Google	2026-08-26T17:46:02.2418640Z   [ 57/92] https://hellokahwin.com/artikel/pantai-santai/perkahwinan-indah-di-laman-fajar-menyinsing-port-dickson
sweep	Sweep every sitemap URL through Google	2026-08-26T17:46:02.2420387Z         Submitted and indexed
sweep	Sweep every sitemap URL through Google	2026-08-26T17:46:02.4814472Z   [ 58/92] https://hellokahwin.com/artikel/idea-dan-nasihat/dewan-kahwin
sweep	Sweep every sitemap URL through Google	2026-08-26T17:46:02.4815301Z         Submitted and indexed
sweep	Sweep every sitemap URL through Google	2026-08-26T17:46:03.0568338Z   [ 59/92] https://hellokahwin.com/artikel/hiasan-dekorasi/goodies-kahwin
sweep	Sweep every sitemap URL through Google	2026-08-26T17:46:03.0569778Z         Submitted and indexed
sweep	Sweep every sitemap URL through Google	2026-08-26T17:46:03.3086916Z   [ 60/92] https://hellokahwin.com/artikel/moden-kontemporari/jw-marriott-kuala-lumpur
sweep	Sweep every sitemap URL through Google	2026-08-26T17:46:03.3087804Z         Submitted and indexed
sweep	Sweep every sitemap URL through Google	2026-08-26T17:46:08.6840852Z   [ 61/92] https://hellokahwin.com/artikel/pelamin-kad-cenderahati/bunga-telur
sweep	Sweep every sitemap URL through Google	2026-08-26T17:46:08.6841695Z         Submitted and indexed
sweep	Sweep every sitemap URL through Google	2026-08-26T17:46:09.1508097Z   [ 62/92] https://hellokahwin.com/artikel/idea-dan-nasihat/tempat-honeymoon-di-malaysia
sweep	Sweep every sitemap URL through Google	2026-08-26T17:46:09.1509032Z         Submitted and indexed
sweep	Sweep every sitemap URL through Google	2026-08-26T17:46:09.5320719Z   [ 63/92] https://hellokahwin.com/artikel/moden-kontemporari/perkahwinan-romantis-di-jen-shangri-la-puteri-harbour
sweep	Sweep every sitemap URL through Google	2026-08-26T17:46:09.5322124Z         Submitted and indexed
sweep	Sweep every sitemap URL through Google	2026-08-26T17:46:09.9147586Z   [ 64/92] https://hellokahwin.com/artikel/nikah-undang-undang/borang-nikah
sweep	Sweep every sitemap URL through Google	2026-08-26T17:46:09.9148441Z         Submitted and indexed
sweep	Sweep every sitemap URL through Google	2026-08-26T17:46:15.0149441Z   [ 65/92] https://hellokahwin.com/artikel/hantaran-mas-kahwin/hantaran-coklat
sweep	Sweep every sitemap URL through Google	2026-08-26T17:46:15.0150366Z         URL is unknown to Google
sweep	Sweep every sitemap URL through Google	2026-08-26T17:46:15.6264834Z   [ 66/92] https://hellokahwin.com/artikel/hantaran-mas-kahwin/gubahan-hantaran-simple
sweep	Sweep every sitemap URL through Google	2026-08-26T17:46:15.6265781Z         URL is unknown to Google
sweep	Sweep every sitemap URL through Google	2026-08-26T17:46:15.9746002Z   [ 67/92] https://hellokahwin.com/artikel/real-wedding/yasaka-shrine
sweep	Sweep every sitemap URL through Google	2026-08-26T17:46:15.9746818Z         Submitted and indexed
sweep	Sweep every sitemap URL through Google	2026-08-26T17:46:16.6269765Z   [ 68/92] https://hellokahwin.com/artikel/nikah-undang-undang/lafaz-taklik
sweep	Sweep every sitemap URL through Google	2026-08-26T17:46:16.6270604Z         Submitted and indexed
sweep	Sweep every sitemap URL through Google	2026-08-26T17:46:21.3202559Z   [ 69/92] https://hellokahwin.com/artikel/hantaran-mas-kahwin/hantaran-tema-warna
sweep	Sweep every sitemap URL through Google	2026-08-26T17:46:21.3203479Z         URL is unknown to Google
sweep	Sweep every sitemap URL through Google	2026-08-26T17:46:21.9101084Z   [ 70/92] https://hellokahwin.com/artikel/hantaran-mas-kahwin/hantaran-tempah-atau-buat-sendiri
sweep	Sweep every sitemap URL through Google	2026-08-26T17:46:21.9102302Z         URL is unknown to Google
sweep	Sweep every sitemap URL through Google	2026-08-26T17:46:22.5707116Z   [ 71/92] https://hellokahwin.com/artikel/hantaran-mas-kahwin/hidden-hantaran
sweep	Sweep every sitemap URL through Google	2026-08-26T17:46:22.5708062Z         URL is unknown to Google
sweep	Sweep every sitemap URL through Google	2026-08-26T17:46:23.1110542Z   [ 72/92] https://hellokahwin.com/artikel/hantaran-mas-kahwin/gubahan-hantaran
sweep	Sweep every sitemap URL through Google	2026-08-26T17:46:23.1111185Z         Submitted and indexed
sweep	Sweep every sitemap URL through Google	2026-08-26T17:46:27.7370859Z   [ 73/92] https://hellokahwin.com/artikel/hantaran-mas-kahwin/hantaran-kahwin
sweep	Sweep every sitemap URL through Google	2026-08-26T17:46:27.7371925Z         Submitted and indexed
sweep	Sweep every sitemap URL through Google	2026-08-26T17:46:28.3546771Z   [ 74/92] https://hellokahwin.com/artikel/hantaran-mas-kahwin/mas-kahwin-ikut-negeri
sweep	Sweep every sitemap URL through Google	2026-08-26T17:46:28.3547669Z         Submitted and indexed
sweep	Sweep every sitemap URL through Google	2026-08-26T17:46:29.0871745Z   [ 75/92] https://hellokahwin.com/artikel/idea-dan-nasihat/majlis-kahwin
sweep	Sweep every sitemap URL through Google	2026-08-26T17:46:29.0872597Z         Submitted and indexed
sweep	Sweep every sitemap URL through Google	2026-08-26T17:46:29.5998357Z   [ 76/92] https://hellokahwin.com/artikel/idea-dan-nasihat/garden-wedding
sweep	Sweep every sitemap URL through Google	2026-08-26T17:46:29.5999209Z         Submitted and indexed
sweep	Sweep every sitemap URL through Google	2026-08-26T17:46:34.3570770Z   [ 77/92] https://hellokahwin.com/artikel/idea-dan-nasihat/sewa-dewan-kahwin
sweep	Sweep every sitemap URL through Google	2026-08-26T17:46:34.3571895Z         Submitted and indexed
sweep	Sweep every sitemap URL through Google	2026-08-26T17:46:34.7702034Z   [ 78/92] https://hellokahwin.com/artikel/hantaran-mas-kahwin/mas-kahwin-perak
sweep	Sweep every sitemap URL through Google	2026-08-26T17:46:34.7702910Z         Submitted and indexed
sweep	Sweep every sitemap URL through Google	2026-08-26T17:46:35.3420375Z   [ 79/92] https://hellokahwin.com/artikel/busana-pengantin/songket-tenunan-tangan-atau-cetak
sweep	Sweep every sitemap URL through Google	2026-08-26T17:46:35.3421496Z         Submitted and indexed
sweep	Sweep every sitemap URL through Google	2026-08-26T17:46:36.1432892Z   [ 80/92] https://hellokahwin.com/artikel/pelamin-kad-cenderahati/pelamin
sweep	Sweep every sitemap URL through Google	2026-08-26T17:46:36.1433739Z         Submitted and indexed
sweep	Sweep every sitemap URL through Google	2026-08-26T17:46:40.6068847Z   [ 81/92] https://hellokahwin.com/artikel/idea-dan-nasihat/hadiah-untuk-pengantin
sweep	Sweep every sitemap URL through Google	2026-08-26T17:46:40.6069751Z         URL is unknown to Google
sweep	Sweep every sitemap URL through Google	2026-08-26T17:46:41.6141419Z   [ 82/92] https://hellokahwin.com/artikel/idea-dan-nasihat/wedding-planner-terbaik-di-malaysia
sweep	Sweep every sitemap URL through Google	2026-08-26T17:46:41.6142801Z         Submitted and indexed
sweep	Sweep every sitemap URL through Google	2026-08-26T17:46:41.9463416Z   [ 83/92] https://hellokahwin.com/artikel/sebelum-nikah/taaruf-maksud
sweep	Sweep every sitemap URL through Google	2026-08-26T17:46:41.9465482Z         Submitted and indexed
sweep	Sweep every sitemap URL through Google	2026-08-26T17:46:42.5900977Z   [ 84/92] https://hellokahwin.com/artikel/hantaran-mas-kahwin/mas-kahwin-johor
sweep	Sweep every sitemap URL through Google	2026-08-26T17:46:42.5902123Z         Submitted and indexed
sweep	Sweep every sitemap URL through Google	2026-08-26T17:46:46.8429684Z   [ 85/92] https://hellokahwin.com/artikel/hantaran-mas-kahwin/apa-itu-mas-kahwin
sweep	Sweep every sitemap URL through Google	2026-08-26T17:46:46.8430724Z         Submitted and indexed
sweep	Sweep every sitemap URL through Google	2026-08-26T17:46:47.8510286Z   [ 86/92] https://hellokahwin.com/artikel/hantaran-mas-kahwin/mas-kahwin-melebihi-kadar-minimum
sweep	Sweep every sitemap URL through Google	2026-08-26T17:46:47.8511241Z         Submitted and indexed
sweep	Sweep every sitemap URL through Google	2026-08-26T17:46:48.5138759Z   [ 87/92] https://hellokahwin.com/artikel/nikah-undang-undang/syarat-sah-nikah
sweep	Sweep every sitemap URL through Google	2026-08-26T17:46:48.5139623Z         Submitted and indexed
sweep	Sweep every sitemap URL through Google	2026-08-26T17:46:49.4853749Z   [ 88/92] https://hellokahwin.com/artikel/idea-dan-nasihat/kursus-kahwin
sweep	Sweep every sitemap URL through Google	2026-08-26T17:46:49.4854347Z         Submitted and indexed
sweep	Sweep every sitemap URL through Google	2026-08-26T17:46:53.5435100Z   [ 89/92] https://hellokahwin.com/artikel/ucapan-doa/walimatul-urus
sweep	Sweep every sitemap URL through Google	2026-08-26T17:46:53.5435733Z         Submitted and indexed
sweep	Sweep every sitemap URL through Google	2026-08-26T17:46:54.3638776Z   [ 90/92] https://hellokahwin.com/artikel/hantaran-mas-kahwin/dulang-hantaran
sweep	Sweep every sitemap URL through Google	2026-08-26T17:46:54.3639398Z         Submitted and indexed
sweep	Sweep every sitemap URL through Google	2026-08-26T17:46:54.9239044Z   [ 91/92] https://hellokahwin.com/artikel/ucapan-doa/skrip-pengacara-majlis-perkahwinan
sweep	Sweep every sitemap URL through Google	2026-08-26T17:46:54.9239714Z         Submitted and indexed
sweep	Sweep every sitemap URL through Google	2026-08-26T17:46:55.6775715Z   [ 92/92] https://hellokahwin.com/artikel/idea-dan-nasihat/risk-05-probe-2026-08-27
sweep	Sweep every sitemap URL through Google	2026-08-26T17:46:55.6776654Z         URL is unknown to Google
sweep	Sweep every sitemap URL through Google	2026-08-26T17:46:55.6799326Z 
sweep	Sweep every sitemap URL through Google	2026-08-26T17:46:55.6800521Z ### Indexing monitor — 91 sitemap URLs swept
sweep	Sweep every sitemap URL through Google	2026-08-26T17:46:55.6800924Z 
sweep	Sweep every sitemap URL through Google	2026-08-26T17:46:55.6801126Z | bucket | count |
sweep	Sweep every sitemap URL through Google	2026-08-26T17:46:55.6801782Z | --- | --- |
sweep	Sweep every sitemap URL through Google	2026-08-26T17:46:55.6802225Z | alarming (dark >72h) | 1 |
sweep	Sweep every sitemap URL through Google	2026-08-26T17:46:55.6802782Z | watching (dark, inside 72h) | 15 |
sweep	Sweep every sitemap URL through Google	2026-08-26T17:46:55.6803357Z | not answered by Google | 0 |
sweep	Sweep every sitemap URL through Google	2026-08-26T17:46:55.6803698Z 
sweep	Sweep every sitemap URL through Google	2026-08-26T17:46:55.6803913Z | coverage_state | count |
sweep	Sweep every sitemap URL through Google	2026-08-26T17:46:55.6804328Z | --- | --- |
sweep	Sweep every sitemap URL through Google	2026-08-26T17:46:55.6804657Z | Submitted and indexed | 70 |
sweep	Sweep every sitemap URL through Google	2026-08-26T17:46:55.6805227Z | Discovered - currently not indexed | 8 |
sweep	Sweep every sitemap URL through Google	2026-08-26T17:46:55.6805645Z | URL is unknown to Google | 8 |
sweep	Sweep every sitemap URL through Google	2026-08-26T17:46:55.6806124Z | Excluded by ‘noindex’ tag | 6 |
sweep	Sweep every sitemap URL through Google	2026-08-26T17:46:55.6806433Z 
sweep	Sweep every sitemap URL through Google	2026-08-26T17:46:55.6806610Z #### Alarming
sweep	Sweep every sitemap URL through Google	2026-08-26T17:46:55.6807719Z - `https://hellokahwin.com/artikel/idea-dan-nasihat/risk-05-probe-2026-08-27` — URL is unknown to Google (5705h, unknown-to-google, never-crawled)
sweep	Sweep every sitemap URL through Google	2026-08-26T17:46:55.6808345Z 
sweep	Sweep every sitemap URL through Google	2026-08-26T17:46:55.6808475Z #### Watching
sweep	Sweep every sitemap URL through Google	2026-08-26T17:46:55.6809401Z - `https://hellokahwin.com/artikel/fotografi-videografi/lokasi-pre-wedding-photoshoot-terbaik` — Discovered - currently not indexed (23h)
sweep	Sweep every sitemap URL through Google	2026-08-26T17:46:55.6810642Z - `https://hellokahwin.com/artikel/hantaran-mas-kahwin/hantaran-tunang` — URL is unknown to Google (2h)
sweep	Sweep every sitemap URL through Google	2026-08-26T17:46:55.6812098Z - `https://hellokahwin.com/artikel/hantaran-mas-kahwin/nisbah-hantaran` — Discovered - currently not indexed (2h)
sweep	Sweep every sitemap URL through Google	2026-08-26T17:46:55.6813589Z - `https://hellokahwin.com/artikel/hantaran-mas-kahwin/hantaran-kahwin-5-balas-7` — Discovered - currently not indexed (2h)
sweep	Sweep every sitemap URL through Google	2026-08-26T17:46:55.6814819Z - `https://hellokahwin.com/artikel/hantaran-mas-kahwin/hantaran-wajib-atau-adat` — Discovered - currently not indexed (2h)
sweep	Sweep every sitemap URL through Google	2026-08-26T17:46:55.6816096Z - `https://hellokahwin.com/artikel/hantaran-mas-kahwin/bilangan-dulang-hantaran-ganjil` — Discovered - currently not indexed (2h)
sweep	Sweep every sitemap URL through Google	2026-08-26T17:46:55.6817625Z - `https://hellokahwin.com/artikel/hantaran-mas-kahwin/duit-hantaran-kahwin` — Discovered - currently not indexed (2h)
sweep	Sweep every sitemap URL through Google	2026-08-26T17:46:55.6818808Z - `https://hellokahwin.com/artikel/hantaran-mas-kahwin/cara-tetapkan-duit-hantaran` — Discovered - currently not indexed (2h)
sweep	Sweep every sitemap URL through Google	2026-08-26T17:46:55.6820039Z - `https://hellokahwin.com/artikel/hantaran-mas-kahwin/adat-hantaran-berbeza-negeri` — Discovered - currently not indexed (2h)
sweep	Sweep every sitemap URL through Google	2026-08-26T17:46:55.6821333Z - `https://hellokahwin.com/artikel/hantaran-mas-kahwin/hantaran-coklat` — URL is unknown to Google (0h)
sweep	Sweep every sitemap URL through Google	2026-08-26T17:46:55.6823094Z - `https://hellokahwin.com/artikel/hantaran-mas-kahwin/gubahan-hantaran-simple` — URL is unknown to Google (0h)
sweep	Sweep every sitemap URL through Google	2026-08-26T17:46:55.6824762Z - `https://hellokahwin.com/artikel/hantaran-mas-kahwin/hantaran-tema-warna` — URL is unknown to Google (0h)
sweep	Sweep every sitemap URL through Google	2026-08-26T17:46:55.6826536Z - `https://hellokahwin.com/artikel/hantaran-mas-kahwin/hantaran-tempah-atau-buat-sendiri` — URL is unknown to Google (0h)
sweep	Sweep every sitemap URL through Google	2026-08-26T17:46:55.6828246Z - `https://hellokahwin.com/artikel/hantaran-mas-kahwin/hidden-hantaran` — URL is unknown to Google (0h)
sweep	Sweep every sitemap URL through Google	2026-08-26T17:46:55.6830021Z - `https://hellokahwin.com/artikel/idea-dan-nasihat/hadiah-untuk-pengantin` — URL is unknown to Google (23h)
sweep	Sweep every sitemap URL through Google	2026-08-26T17:46:55.6830908Z 
sweep	Sweep every sitemap URL through Google	2026-08-26T17:46:55.6831448Z alarm=true alarms=1 watching=15 blind=0 detectedAt=2026-08-26T17:46:55.678Z
sweep	Raise the indexing alarm	﻿2026-08-26T17:46:55.7140699Z Node 20 is being deprecated. This workflow is running with Node 24 by default. If you need to temporarily use Node 20, you can set the ACTIONS_ALLOW_USE_UNSECURE_NODE_VERSION=true environment variable. For more information see: https://github.blog/changelog/2025-09-19-deprecation-of-node-20-on-github-actions-runners/
sweep	Raise the indexing alarm	2026-08-26T17:46:55.7142342Z ##[group]Run actions/github-script@v7
sweep	Raise the indexing alarm	2026-08-26T17:46:55.7142698Z with:
sweep	Raise the indexing alarm	2026-08-26T17:46:55.7147565Z   script: const fs = require('fs');
sweep	Raise the indexing alarm	const path = `$***process.env.OUT_DIR***/alarm.json`;
sweep	Raise the indexing alarm	if (!fs.existsSync(path)) ***
sweep	Raise the indexing alarm	  core.info('no alarm.json — the sweep did not get far enough to decide.');
sweep	Raise the indexing alarm	  return;
sweep	Raise the indexing alarm	***
sweep	Raise the indexing alarm	const alarm = JSON.parse(fs.readFileSync(path, 'utf8'));
sweep	Raise the indexing alarm	core.setOutput('detected_at', alarm.detectedAt);
sweep	Raise the indexing alarm	if (!alarm.alarm) ***
sweep	Raise the indexing alarm	  core.info(`clean: 0 alarming, $***alarm.watchingCount*** watching, $***alarm.blindCount*** blind.`);
sweep	Raise the indexing alarm	  return;
sweep	Raise the indexing alarm	***
sweep	Raise the indexing alarm	
sweep	Raise the indexing alarm	// One open issue, reused. A repeating failure should nag in one
sweep	Raise the indexing alarm	// place rather than bury the repo — same rule as db-backup.yml.
sweep	Raise the indexing alarm	// Dedupe is by LABEL, never by title: the title carries the count,
sweep	Raise the indexing alarm	// so it changes between runs.
sweep	Raise the indexing alarm	const *** data: open *** = await github.rest.issues.listForRepo(***
sweep	Raise the indexing alarm	  ...context.repo, state: 'open', labels: 'indexing-alarm',
sweep	Raise the indexing alarm	***);
sweep	Raise the indexing alarm	let issue;
sweep	Raise the indexing alarm	if (open.length > 0) ***
sweep	Raise the indexing alarm	  const *** data: comment *** = await github.rest.issues.createComment(***
sweep	Raise the indexing alarm	    ...context.repo, issue_number: open[0].number, body: alarm.body,
sweep	Raise the indexing alarm	  ***);
sweep	Raise the indexing alarm	  issue = *** number: open[0].number, created_at: comment.created_at, html_url: comment.html_url ***;
sweep	Raise the indexing alarm	*** else ***
sweep	Raise the indexing alarm	  const *** data: created *** = await github.rest.issues.create(***
sweep	Raise the indexing alarm	    ...context.repo, title: alarm.title, body: alarm.body, labels: ['indexing-alarm'],
sweep	Raise the indexing alarm	  ***);
sweep	Raise the indexing alarm	  issue = *** number: created.number, created_at: created.created_at, html_url: created.html_url ***;
sweep	Raise the indexing alarm	***
sweep	Raise the indexing alarm	core.setOutput('issue_number', String(issue.number));
sweep	Raise the indexing alarm	core.setOutput('issue_url', issue.html_url);
sweep	Raise the indexing alarm	core.setOutput('issue_created_at', issue.created_at);
sweep	Raise the indexing alarm	core.notice(`indexing alarm filed: $***issue.html_url***`);
sweep	Raise the indexing alarm	
sweep	Raise the indexing alarm	2026-08-26T17:46:55.7155317Z   github-token: ***
sweep	Raise the indexing alarm	2026-08-26T17:46:55.7155634Z   debug: false
sweep	Raise the indexing alarm	2026-08-26T17:46:55.7155940Z   user-agent: actions/github-script
sweep	Raise the indexing alarm	2026-08-26T17:46:55.7156296Z   result-encoding: json
sweep	Raise the indexing alarm	2026-08-26T17:46:55.7156593Z   retries: 0
sweep	Raise the indexing alarm	2026-08-26T17:46:55.7156912Z   retry-exempt-status-codes: 400,401,403,404,422
sweep	Raise the indexing alarm	2026-08-26T17:46:55.7157292Z env:
sweep	Raise the indexing alarm	2026-08-26T17:46:55.7157573Z   R2_BUCKET: hellokahwin-assets
sweep	Raise the indexing alarm	2026-08-26T17:46:55.7157932Z   STATE_KEY: indexing-monitor/state.json
sweep	Raise the indexing alarm	2026-08-26T17:46:55.7158308Z   OUT_DIR: .tmp-indexing-monitor
sweep	Raise the indexing alarm	2026-08-26T17:46:55.7158701Z   PNPM_HOME: /home/runner/setup-pnpm/node_modules/.bin
sweep	Raise the indexing alarm	2026-08-26T17:46:55.7159509Z   R2_ENDPOINT: https://***.r2.cloudflarestorage.com
sweep	Raise the indexing alarm	2026-08-26T17:46:55.7159917Z ##[endgroup]
sweep	Raise the indexing alarm	2026-08-26T17:46:56.5989749Z [@octokit/request] "POST https://api.github.com/repos/ianngkb/hellokahwin/issues" is deprecated. It is scheduled to be removed on Fri, 10 Mar 2028 00:00:00 GMT. See https://docs.github.com/en/rest/about-the-rest-api/api-versions
sweep	Raise the indexing alarm	2026-08-26T17:46:56.6007370Z ##[notice]indexing alarm filed: https://github.com/ianngkb/hellokahwin/issues/5
sweep	Prove the alarm was loud within 10s	﻿2026-08-26T17:46:56.6169540Z ##[group]Run set -euo pipefail
sweep	Prove the alarm was loud within 10s	2026-08-26T17:46:56.6169948Z ^[[36;1mset -euo pipefail^[[0m
sweep	Prove the alarm was loud within 10s	2026-08-26T17:46:56.6170301Z ^[[36;1md="$(date -u -d "$DETECTED_AT" +%s)"^[[0m
sweep	Prove the alarm was loud within 10s	2026-08-26T17:46:56.6170698Z ^[[36;1mc="$(date -u -d "$CREATED_AT" +%s)"^[[0m
sweep	Prove the alarm was loud within 10s	2026-08-26T17:46:56.6171063Z ^[[36;1mgap=$(( c - d ))^[[0m
sweep	Prove the alarm was loud within 10s	2026-08-26T17:46:56.6171421Z ^[[36;1mecho "detected at : $DETECTED_AT"^[[0m
sweep	Prove the alarm was loud within 10s	2026-08-26T17:46:56.6172136Z ^[[36;1mecho "issue at    : $CREATED_AT"^[[0m
sweep	Prove the alarm was loud within 10s	2026-08-26T17:46:56.6172541Z ^[[36;1mecho "gap         : $***gap***s"^[[0m
sweep	Prove the alarm was loud within 10s	2026-08-26T17:46:56.6172938Z ^[[36;1mecho "issue       : $ISSUE_URL"^[[0m
sweep	Prove the alarm was loud within 10s	2026-08-26T17:46:56.6173296Z ^[[36;1m***^[[0m
sweep	Prove the alarm was loud within 10s	2026-08-26T17:46:56.6173612Z ^[[36;1m  echo "| alarm latency | value |"^[[0m
sweep	Prove the alarm was loud within 10s	2026-08-26T17:46:56.6173989Z ^[[36;1m  echo "| --- | --- |"^[[0m
sweep	Prove the alarm was loud within 10s	2026-08-26T17:46:56.6174368Z ^[[36;1m  echo "| detected | \`$***DETECTED_AT***\` |"^[[0m
sweep	Prove the alarm was loud within 10s	2026-08-26T17:46:56.6174787Z ^[[36;1m  echo "| filed | \`$***CREATED_AT***\` |"^[[0m
sweep	Prove the alarm was loud within 10s	2026-08-26T17:46:56.6175173Z ^[[36;1m  echo "| gap | $***gap***s |"^[[0m
sweep	Prove the alarm was loud within 10s	2026-08-26T17:46:56.6175578Z ^[[36;1m  echo "| issue | $***ISSUE_URL*** |"^[[0m
sweep	Prove the alarm was loud within 10s	2026-08-26T17:46:56.6175954Z ^[[36;1m*** >> "$GITHUB_STEP_SUMMARY"^[[0m
sweep	Prove the alarm was loud within 10s	2026-08-26T17:46:56.6176416Z ^[[36;1m# The DoD's number, enforced rather than claimed. If a future change^[[0m
sweep	Prove the alarm was loud within 10s	2026-08-26T17:46:56.6176997Z ^[[36;1m# puts a slow step between detection and the issue, this is what says^[[0m
sweep	Prove the alarm was loud within 10s	2026-08-26T17:46:56.6177548Z ^[[36;1m# so — an alarm that arrives late is a defect, not a warning.^[[0m
sweep	Prove the alarm was loud within 10s	2026-08-26T17:46:56.6178022Z ^[[36;1mif [ "$gap" -gt 10 ]; then^[[0m
sweep	Prove the alarm was loud within 10s	2026-08-26T17:46:56.6178502Z ^[[36;1m  echo "::error::the alarm took $***gap***s to reach GitHub; the bar is 10s."^[[0m
sweep	Prove the alarm was loud within 10s	2026-08-26T17:46:56.6178972Z ^[[36;1m  exit 1^[[0m
sweep	Prove the alarm was loud within 10s	2026-08-26T17:46:56.6179259Z ^[[36;1mfi^[[0m
sweep	Prove the alarm was loud within 10s	2026-08-26T17:46:56.6219629Z shell: /usr/bin/bash -e ***0***
sweep	Prove the alarm was loud within 10s	2026-08-26T17:46:56.6219985Z env:
sweep	Prove the alarm was loud within 10s	2026-08-26T17:46:56.6220279Z   R2_BUCKET: hellokahwin-assets
sweep	Prove the alarm was loud within 10s	2026-08-26T17:46:56.6220646Z   STATE_KEY: indexing-monitor/state.json
sweep	Prove the alarm was loud within 10s	2026-08-26T17:46:56.6221022Z   OUT_DIR: .tmp-indexing-monitor
sweep	Prove the alarm was loud within 10s	2026-08-26T17:46:56.6221427Z   PNPM_HOME: /home/runner/setup-pnpm/node_modules/.bin
sweep	Prove the alarm was loud within 10s	2026-08-26T17:46:56.6222272Z   R2_ENDPOINT: https://***.r2.cloudflarestorage.com
sweep	Prove the alarm was loud within 10s	2026-08-26T17:46:56.6222702Z   DETECTED_AT: 2026-08-26T17:46:55.678Z
sweep	Prove the alarm was loud within 10s	2026-08-26T17:46:56.6223065Z   CREATED_AT: 2026-08-26T17:46:56Z
sweep	Prove the alarm was loud within 10s	2026-08-26T17:46:56.6223479Z   ISSUE_URL: https://github.com/ianngkb/hellokahwin/issues/5
sweep	Prove the alarm was loud within 10s	2026-08-26T17:46:56.6223897Z ##[endgroup]
sweep	Prove the alarm was loud within 10s	2026-08-26T17:46:56.6312166Z detected at : 2026-08-26T17:46:55.678Z
sweep	Prove the alarm was loud within 10s	2026-08-26T17:46:56.6312873Z issue at    : 2026-08-26T17:46:56Z
sweep	Prove the alarm was loud within 10s	2026-08-26T17:46:56.6313383Z gap         : 1s
sweep	Prove the alarm was loud within 10s	2026-08-26T17:46:56.6314031Z issue       : https://github.com/ianngkb/hellokahwin/issues/5
sweep	Archive the sweep and the ledger to R2	﻿2026-08-26T17:46:56.6352586Z ##[group]Run set -euo pipefail
sweep	Archive the sweep and the ledger to R2	2026-08-26T17:46:56.6352983Z ^[[36;1mset -euo pipefail^[[0m
sweep	Archive the sweep and the ledger to R2	2026-08-26T17:46:56.6353384Z ^[[36;1mif [ ! -f "$***OUT_DIR***/snapshot.json" ]; then^[[0m
sweep	Archive the sweep and the ledger to R2	2026-08-26T17:46:56.6353909Z ^[[36;1m  echo "no snapshot to archive — the sweep did not complete."^[[0m
sweep	Archive the sweep and the ledger to R2	2026-08-26T17:46:56.6354357Z ^[[36;1m  exit 0^[[0m
sweep	Archive the sweep and the ledger to R2	2026-08-26T17:46:56.6354645Z ^[[36;1mfi^[[0m
sweep	Archive the sweep and the ledger to R2	2026-08-26T17:46:56.6355043Z ^[[36;1m# Both the filename and the key path come from the SAME `date -u`^[[0m
sweep	Archive the sweep and the ledger to R2	2026-08-26T17:46:56.6355609Z ^[[36;1m# call, so the directory date can never drift from the timestamp in^[[0m
sweep	Archive the sweep and the ledger to R2	2026-08-26T17:46:56.6356094Z ^[[36;1m# the name. Same rule as db-backup.yml.^[[0m
sweep	Archive the sweep and the ledger to R2	2026-08-26T17:46:56.6356499Z ^[[36;1mTS="$(date -u +%Y%m%dT%H%M%SZ)"^[[0m
sweep	Archive the sweep and the ledger to R2	2026-08-26T17:46:56.6356870Z ^[[36;1mDATEPATH="$(date -u +%Y/%m/%d)"^[[0m
sweep	Archive the sweep and the ledger to R2	2026-08-26T17:46:56.6357536Z ^[[36;1mKEY="indexing-monitor/$***DATEPATH***/sweep-$***TS***.json"^[[0m
sweep	Archive the sweep and the ledger to R2	2026-08-26T17:46:56.6358094Z ^[[36;1maws s3 cp "$***OUT_DIR***/snapshot.json" "s3://$***R2_BUCKET***/$***KEY***" \^[[0m
sweep	Archive the sweep and the ledger to R2	2026-08-26T17:46:56.6358721Z ^[[36;1m  --endpoint-url "$R2_ENDPOINT" --content-type application/json^[[0m
sweep	Archive the sweep and the ledger to R2	2026-08-26T17:46:56.6359192Z ^[[36;1mecho "archived: $***KEY***"^[[0m
sweep	Archive the sweep and the ledger to R2	2026-08-26T17:46:56.6359532Z ^[[36;1m^[[0m
sweep	Archive the sweep and the ledger to R2	2026-08-26T17:46:56.6359940Z ^[[36;1m# The mutable ledger goes up LAST, so a run that dies mid-sweep leaves^[[0m
sweep	Archive the sweep and the ledger to R2	2026-08-26T17:46:56.6360504Z ^[[36;1m# yesterday's ledger intact rather than a half-written one.^[[0m
sweep	Archive the sweep and the ledger to R2	2026-08-26T17:46:56.6360985Z ^[[36;1mif [ -f "$***OUT_DIR***/state.json" ]; then^[[0m
sweep	Archive the sweep and the ledger to R2	2026-08-26T17:46:56.6361485Z ^[[36;1m  aws s3 cp "$***OUT_DIR***/state.json" "s3://$***R2_BUCKET***/$***STATE_KEY***" \^[[0m
sweep	Archive the sweep and the ledger to R2	2026-08-26T17:46:56.6362334Z ^[[36;1m    --endpoint-url "$R2_ENDPOINT" --content-type application/json^[[0m
sweep	Archive the sweep and the ledger to R2	2026-08-26T17:46:56.6362846Z ^[[36;1m  echo "ledger updated: $***STATE_KEY***"^[[0m
sweep	Archive the sweep and the ledger to R2	2026-08-26T17:46:56.6363235Z ^[[36;1mfi^[[0m
sweep	Archive the sweep and the ledger to R2	2026-08-26T17:46:56.6398187Z shell: /usr/bin/bash -e ***0***
sweep	Archive the sweep and the ledger to R2	2026-08-26T17:46:56.6398527Z env:
sweep	Archive the sweep and the ledger to R2	2026-08-26T17:46:56.6398819Z   R2_BUCKET: hellokahwin-assets
sweep	Archive the sweep and the ledger to R2	2026-08-26T17:46:56.6399200Z   STATE_KEY: indexing-monitor/state.json
sweep	Archive the sweep and the ledger to R2	2026-08-26T17:46:56.6399580Z   OUT_DIR: .tmp-indexing-monitor
sweep	Archive the sweep and the ledger to R2	2026-08-26T17:46:56.6399966Z   PNPM_HOME: /home/runner/setup-pnpm/node_modules/.bin
sweep	Archive the sweep and the ledger to R2	2026-08-26T17:46:56.6400533Z   R2_ENDPOINT: https://***.r2.cloudflarestorage.com
sweep	Archive the sweep and the ledger to R2	2026-08-26T17:46:56.6400999Z   AWS_ACCESS_KEY_ID: ***
sweep	Archive the sweep and the ledger to R2	2026-08-26T17:46:56.6401478Z   AWS_SECRET_ACCESS_KEY: ***
sweep	Archive the sweep and the ledger to R2	2026-08-26T17:46:56.6402073Z   AWS_DEFAULT_REGION: auto
sweep	Archive the sweep and the ledger to R2	2026-08-26T17:46:56.6402379Z ##[endgroup]
sweep	Archive the sweep and the ledger to R2	2026-08-26T17:46:58.1499186Z Completed 55.0 KiB/55.0 KiB (61.4 KiB/s) with 1 file(s) remaining
sweep	Archive the sweep and the ledger to R2	2026-08-26T17:46:58.1500543Z upload: .tmp-indexing-monitor/snapshot.json to s3://hellokahwin-assets/indexing-monitor/2026/08/26/sweep-20260826T174656Z.json
sweep	Archive the sweep and the ledger to R2	2026-08-26T17:46:58.2451972Z archived: indexing-monitor/2026/08/26/sweep-20260826T174656Z.json
sweep	Archive the sweep and the ledger to R2	2026-08-26T17:46:59.7534538Z Completed 30.2 KiB/30.2 KiB (31.8 KiB/s) with 1 file(s) remaining
sweep	Archive the sweep and the ledger to R2	2026-08-26T17:46:59.7535813Z upload: .tmp-indexing-monitor/state.json to s3://hellokahwin-assets/indexing-monitor/state.json
sweep	Archive the sweep and the ledger to R2	2026-08-26T17:46:59.8436177Z ledger updated: indexing-monitor/state.json
sweep	Summary	﻿2026-08-26T17:46:59.8468203Z ##[group]Run set -euo pipefail
sweep	Summary	2026-08-26T17:46:59.8468600Z ^[[36;1mset -euo pipefail^[[0m
sweep	Summary	2026-08-26T17:46:59.8468974Z ^[[36;1mif [ -f "$***OUT_DIR***/summary.md" ]; then^[[0m
sweep	Summary	2026-08-26T17:46:59.8469449Z ^[[36;1m  cat "$***OUT_DIR***/summary.md" >> "$GITHUB_STEP_SUMMARY"^[[0m
sweep	Summary	2026-08-26T17:46:59.8469867Z ^[[36;1melse^[[0m
sweep	Summary	2026-08-26T17:46:59.8470385Z ^[[36;1m  echo "### Indexing monitor did not produce a summary — the sweep failed." >> "$GITHUB_STEP_SUMMARY"^[[0m
sweep	Summary	2026-08-26T17:46:59.8470956Z ^[[36;1mfi^[[0m
sweep	Summary	2026-08-26T17:46:59.8509770Z shell: /usr/bin/bash -e ***0***
sweep	Summary	2026-08-26T17:46:59.8510116Z env:
sweep	Summary	2026-08-26T17:46:59.8510425Z   R2_BUCKET: hellokahwin-assets
sweep	Summary	2026-08-26T17:46:59.8510785Z   STATE_KEY: indexing-monitor/state.json
sweep	Summary	2026-08-26T17:46:59.8511164Z   OUT_DIR: .tmp-indexing-monitor
sweep	Summary	2026-08-26T17:46:59.8511769Z   PNPM_HOME: /home/runner/setup-pnpm/node_modules/.bin
sweep	Summary	2026-08-26T17:46:59.8512420Z   R2_ENDPOINT: https://***.r2.cloudflarestorage.com
sweep	Summary	2026-08-26T17:46:59.8512826Z ##[endgroup]
sweep	Post Run actions/setup-node@v4	﻿2026-08-26T17:46:59.8714123Z Node 20 is being deprecated. This workflow is running with Node 24 by default. If you need to temporarily use Node 20, you can set the ACTIONS_ALLOW_USE_UNSECURE_NODE_VERSION=true environment variable. For more information see: https://github.blog/changelog/2025-09-19-deprecation-of-node-20-on-github-actions-runners/
sweep	Post Run actions/setup-node@v4	2026-08-26T17:46:59.8715391Z Post job cleanup.
sweep	Post Run actions/setup-node@v4	2026-08-26T17:46:59.9948159Z (node:2501) [DEP0040] DeprecationWarning: The `punycode` module is deprecated. Please use a userland alternative instead.
sweep	Post Run actions/setup-node@v4	2026-08-26T17:46:59.9949617Z (Use `node --trace-deprecation ...` to show where the warning was created)
sweep	Post Run actions/setup-node@v4	2026-08-26T17:47:00.0140109Z [command]/usr/bin/tar --posix -cf cache.tzst --exclude cache.tzst -P -C /home/runner/work/hellokahwin/hellokahwin --files-from manifest.txt --use-compress-program zstdmt
sweep	Post Run actions/setup-node@v4	2026-08-26T17:47:02.9212409Z (node:2501) [DEP0169] DeprecationWarning: `url.parse()` behavior is not standardized and prone to errors that have security implications. Use the WHATWG URL API instead. CVEs are not issued for `url.parse()` vulnerabilities.
sweep	Post Run actions/setup-node@v4	2026-08-26T17:47:03.9064893Z Sent 28213334 of 229539926 (12.3%), 26.9 MBs/sec
sweep	Post Run actions/setup-node@v4	2026-08-26T17:47:04.5262606Z Sent 229539926 of 229539926 (100.0%), 135.0 MBs/sec
sweep	Post Run actions/setup-node@v4	2026-08-26T17:47:04.7042690Z Cache saved with the key: node-cache-Linux-x64-pnpm-9367a9280658c0171106e91a788339168f7c879bb6b33b71ffcee2e7c9cd2962
sweep	Post Run pnpm/action-setup@v4	﻿2026-08-26T17:47:04.7176064Z Node 20 is being deprecated. This workflow is running with Node 24 by default. If you need to temporarily use Node 20, you can set the ACTIONS_ALLOW_USE_UNSECURE_NODE_VERSION=true environment variable. For more information see: https://github.blog/changelog/2025-09-19-deprecation-of-node-20-on-github-actions-runners/
sweep	Post Run pnpm/action-setup@v4	2026-08-26T17:47:04.7177408Z Post job cleanup.
sweep	Post Run pnpm/action-setup@v4	2026-08-26T17:47:04.8623321Z Pruning is unnecessary.
sweep	Post Run actions/checkout@v4	﻿2026-08-26T17:47:04.8770519Z Node 20 is being deprecated. This workflow is running with Node 24 by default. If you need to temporarily use Node 20, you can set the ACTIONS_ALLOW_USE_UNSECURE_NODE_VERSION=true environment variable. For more information see: https://github.blog/changelog/2025-09-19-deprecation-of-node-20-on-github-actions-runners/
sweep	Post Run actions/checkout@v4	2026-08-26T17:47:04.8772040Z Post job cleanup.
sweep	Post Run actions/checkout@v4	2026-08-26T17:47:04.9624088Z [command]/usr/bin/git version
sweep	Post Run actions/checkout@v4	2026-08-26T17:47:04.9660753Z git version 2.55.0
sweep	Post Run actions/checkout@v4	2026-08-26T17:47:04.9695995Z Temporarily overriding HOME='/home/runner/work/_temp/29132952-4ac3-4961-b733-7cb3f7221702' before making global git config changes
sweep	Post Run actions/checkout@v4	2026-08-26T17:47:04.9697299Z Adding repository directory to the temporary git global config as a safe directory
sweep	Post Run actions/checkout@v4	2026-08-26T17:47:04.9701943Z [command]/usr/bin/git config --global --add safe.directory /home/runner/work/hellokahwin/hellokahwin
sweep	Post Run actions/checkout@v4	2026-08-26T17:47:04.9739186Z [command]/usr/bin/git config --local --name-only --get-regexp core\.sshCommand
sweep	Post Run actions/checkout@v4	2026-08-26T17:47:04.9797704Z [command]/usr/bin/git submodule foreach --recursive sh -c "git config --local --name-only --get-regexp 'core\.sshCommand' && git config --local --unset-all 'core.sshCommand' || :"
sweep	Post Run actions/checkout@v4	2026-08-26T17:47:05.0033851Z [command]/usr/bin/git config --local --name-only --get-regexp http\.https\:\/\/github\.com\/\.extraheader
sweep	Post Run actions/checkout@v4	2026-08-26T17:47:05.0060307Z http.https://github.com/.extraheader
sweep	Post Run actions/checkout@v4	2026-08-26T17:47:05.0072971Z [command]/usr/bin/git config --local --unset-all http.https://github.com/.extraheader
sweep	Post Run actions/checkout@v4	2026-08-26T17:47:05.0117077Z [command]/usr/bin/git submodule foreach --recursive sh -c "git config --local --name-only --get-regexp 'http\.https\:\/\/github\.com\/\.extraheader' && git config --local --unset-all 'http.https://github.com/.extraheader' || :"
sweep	Post Run actions/checkout@v4	2026-08-26T17:47:05.0349923Z [command]/usr/bin/git config --local --name-only --get-regexp ^includeIf\.gitdir:
sweep	Post Run actions/checkout@v4	2026-08-26T17:47:05.0386437Z [command]/usr/bin/git submodule foreach --recursive git config --local --show-origin --name-only --get-regexp remote.origin.url
sweep	Complete job	﻿2026-08-26T17:47:05.0764737Z Cleaning up orphan processes
sweep	Complete job	2026-08-26T17:47:05.1055720Z ##[warning]Node.js 20 is deprecated. The following actions target Node.js 20 but are being forced to run on Node.js 24: actions/checkout@v4, actions/github-script@v7, actions/setup-node@v4, pnpm/action-setup@v4. For more information see: https://github.blog/changelog/2025-09-19-deprecation-of-node-20-on-github-actions-runners/
