================ borang-nikah.md  2026-08-25T16:31:51Z
Status:  published
Author:  ai_assisted · review_status pending_review
Images:  1, every one credited
  images/S-selepas-akad-raja-abd-kadir.jpg  →  "Kredit: raja abd kadir (CC BY 3.0)" [S] raja abd kadir
Tags:    borang nikah, pendaftaran nikah, kebenaran berkahwin, sppim, e-munakahat
Links:   2 internal, all resolved
URL:     /artikel/nikah-undang-undang/borang-nikah
  uploaded images/S-selepas-akad-raja-abd-kadir.jpg (+4 crops)

Done. /artikel/nikah-undang-undang/borang-nikah (published)
It will appear on the pillar page under its cluster with no further action.
Content caches dropped — the article is visible on the site now.
EXIT=0
================ rukun-nikah.md  2026-08-25T16:32:00Z
Images:  2, every one credited
  images/S-akad-nikah-masjid-azlan-dupree.jpg  →  "Kredit: Azlan DuPree (CC BY 2.0)" [S] Azlan DuPree
  images/S-pengantin-selepas-akad-azlan-dupree.jpg  →  "Kredit: Azlan DuPree (CC BY 2.0)" [S] Azlan DuPree
Tags:    rukun nikah, akad nikah, wali nikah, saksi nikah, undang-undang keluarga islam
Links:   1 internal, all resolved
URL:     /artikel/nikah-undang-undang/rukun-nikah
  uploaded images/S-akad-nikah-masjid-azlan-dupree.jpg (+4 crops)
  uploaded images/S-pengantin-selepas-akad-azlan-dupree.jpg (+4 crops)

Done. /artikel/nikah-undang-undang/rukun-nikah (published)
It will appear on the pillar page under its cluster with no further action.
Content caches dropped — the article is visible on the site now.
EXIT=0
================ syarat-sah-nikah.md  2026-08-25T16:32:17Z
Status:  published
Author:  ai_assisted · review_status pending_review
Images:  1, every one credited
  images/S-akad-tok-kadi-raja-abd-kadir.jpg  →  "Kredit: raja abd kadir (CC BY 3.0)" [S] raja abd kadir
Tags:    syarat sah nikah, rukun nikah, wali nikah, pendaftaran nikah, undang-undang keluarga islam
Links:   1 internal, all resolved
URL:     /artikel/nikah-undang-undang/syarat-sah-nikah
  uploaded images/S-akad-tok-kadi-raja-abd-kadir.jpg (+4 crops)

Done. /artikel/nikah-undang-undang/syarat-sah-nikah (published)
It will appear on the pillar page under its cluster with no further action.
Content caches dropped — the article is visible on the site now.
EXIT=0
================ lafaz-taklik.md  2026-08-25T16:32:25Z
Status:  published
Author:  ai_assisted · review_status pending_review
Images:  1, every one credited
  images/S-lelaki-menadah-doa-ahmad-ali-karim.jpg  →  "Kredit: Ahmad Ali Karim (CC0)" [S] Ahmad Ali Karim
Tags:    lafaz taklik, taklik nikah, akad nikah, mahkamah syariah, undang-undang keluarga islam
Links:   0 internal, all resolved
URL:     /artikel/nikah-undang-undang/lafaz-taklik
  uploaded images/S-lelaki-menadah-doa-ahmad-ali-karim.jpg (+4 crops)

Done. /artikel/nikah-undang-undang/lafaz-taklik (published)
It will appear on the pillar page under its cluster with no further action.
Content caches dropped — the article is visible on the site now.
EXIT=0
================ C6-2-A1-harga-sewa-dewan-kahwin.md  2026-08-25T16:32:35Z
Images:  2, every one credited
  images/S-jamuan-kenduri-raja-abd-kadir.jpg  →  "Kredit: raja abd kadir (CC BY 3.0)" [S] raja abd kadir
  images/S-dewan-orang-ramai-perak-wiki-farazi.jpg  →  "Kredit: Wiki Farazi (CC0)" [S] Wiki Farazi
Tags:    sewa dewan, kos kahwin, dewan kahwin, perancangan majlis
Links:   2 internal, all resolved
URL:     /artikel/venue-perancangan/harga-sewa-dewan-kahwin
  uploaded images/S-jamuan-kenduri-raja-abd-kadir.jpg (+4 crops)
  uploaded images/S-dewan-orang-ramai-perak-wiki-farazi.jpg (+4 crops)

Done. /artikel/venue-perancangan/harga-sewa-dewan-kahwin (published)
It will appear on the pillar page under its cluster with no further action.
Content caches dropped — the article is visible on the site now.
EXIT=0
================ C6-2-A2-checklist-kahwin.md  2026-08-25T16:32:50Z
Status:  published
Author:  ai_assisted · review_status pending_review
Images:  1, every one credited
  images/S-kompang-gendang-johor-stress043.jpg  →  "Kredit: Stress 043 (CC BY-SA 4.0)" [S] Stress 043
Tags:    checklist kahwin, persediaan kahwin, perancangan majlis, kos kahwin
Links:   3 internal, all resolved
URL:     /artikel/venue-perancangan/checklist-kahwin
  uploaded images/S-kompang-gendang-johor-stress043.jpg (+4 crops)

Done. /artikel/venue-perancangan/checklist-kahwin (published)
It will appear on the pillar page under its cluster with no further action.
Content caches dropped — the article is visible on the site now.
EXIT=0
================ C6-2-A3-pakej-dewan-kahwin.md  2026-08-25T16:33:00Z
Status:  published
Author:  ai_assisted · review_status pending_review
Images:  1, every one credited
  images/S-pasangan-dan-keluarga-pelamin-mohd-hasan.jpg  →  "Kredit: mohd hasan / Pexels" [S] mohd hasan
Tags:    pakej dewan kahwin, sewa dewan, kos kahwin, perancangan majlis
Links:   2 internal, all resolved
URL:     /artikel/venue-perancangan/pakej-dewan-kahwin
  uploaded images/S-pasangan-dan-keluarga-pelamin-mohd-hasan.jpg (+4 crops)

Done. /artikel/venue-perancangan/pakej-dewan-kahwin (published)
It will appear on the pillar page under its cluster with no further action.
Content caches dropped — the article is visible on the site now.
EXIT=0
================ C6-2-A4-bajet-kahwin.md  2026-08-25T16:33:09Z
Status:  published
Author:  ai_assisted · review_status pending_review
Images:  1, every one credited
  images/S-keluarga-payung-kuning-mohd-hasan.jpg  →  "Kredit: mohd hasan / Pexels" [S] mohd hasan
Tags:    bajet kahwin, kos kahwin, perancangan majlis, sewa dewan
Links:   3 internal, all resolved
URL:     /artikel/venue-perancangan/bajet-kahwin
  uploaded images/S-keluarga-payung-kuning-mohd-hasan.jpg (+4 crops)

Done. /artikel/venue-perancangan/bajet-kahwin (published)
It will appear on the pillar page under its cluster with no further action.
Content caches dropped — the article is visible on the site now.
EXIT=0
